Archive member included to satisfy reference by file (symbol)

C:/ProgramData/MATLAB/SupportPackages/R2020a/3P.instrset/cmsis.instrset/CMSIS/RTOS/RTX/LIB/GCC/libRTX_CM4.a(rt_cmsis.o)
                              RTX_Conf_CM.o (osKernelInitialize)
C:/ProgramData/MATLAB/SupportPackages/R2020a/3P.instrset/cmsis.instrset/CMSIS/RTOS/RTX/LIB/GCC/libRTX_CM4.a(hal_cm.o)
                              C:/ProgramData/MATLAB/SupportPackages/R2020a/3P.instrset/cmsis.instrset/CMSIS/RTOS/RTX/LIB/GCC/libRTX_CM4.a(rt_cmsis.o) (rt_ret_val)
C:/ProgramData/MATLAB/SupportPackages/R2020a/3P.instrset/cmsis.instrset/CMSIS/RTOS/RTX/LIB/GCC/libRTX_CM4.a(rt_memory.o)
                              C:/ProgramData/MATLAB/SupportPackages/R2020a/3P.instrset/cmsis.instrset/CMSIS/RTOS/RTX/LIB/GCC/libRTX_CM4.a(rt_cmsis.o) (rt_init_mem)
C:/ProgramData/MATLAB/SupportPackages/R2020a/3P.instrset/cmsis.instrset/CMSIS/RTOS/RTX/LIB/GCC/libRTX_CM4.a(rt_membox.o)
                              C:/ProgramData/MATLAB/SupportPackages/R2020a/3P.instrset/cmsis.instrset/CMSIS/RTOS/RTX/LIB/GCC/libRTX_CM4.a(rt_cmsis.o) (_init_box)
C:/ProgramData/MATLAB/SupportPackages/R2020a/3P.instrset/cmsis.instrset/CMSIS/RTOS/RTX/LIB/GCC/libRTX_CM4.a(rt_mutex.o)
                              C:/ProgramData/MATLAB/SupportPackages/R2020a/3P.instrset/cmsis.instrset/CMSIS/RTOS/RTX/LIB/GCC/libRTX_CM4.a(rt_cmsis.o) (rt_mut_init)
C:/ProgramData/MATLAB/SupportPackages/R2020a/3P.instrset/cmsis.instrset/CMSIS/RTOS/RTX/LIB/GCC/libRTX_CM4.a(rt_time.o)
                              C:/ProgramData/MATLAB/SupportPackages/R2020a/3P.instrset/cmsis.instrset/CMSIS/RTOS/RTX/LIB/GCC/libRTX_CM4.a(rt_cmsis.o) (os_time)
C:/ProgramData/MATLAB/SupportPackages/R2020a/3P.instrset/cmsis.instrset/CMSIS/RTOS/RTX/LIB/GCC/libRTX_CM4.a(rt_semaphore.o)
                              C:/ProgramData/MATLAB/SupportPackages/R2020a/3P.instrset/cmsis.instrset/CMSIS/RTOS/RTX/LIB/GCC/libRTX_CM4.a(rt_cmsis.o) (rt_sem_init)
C:/ProgramData/MATLAB/SupportPackages/R2020a/3P.instrset/cmsis.instrset/CMSIS/RTOS/RTX/LIB/GCC/libRTX_CM4.a(rt_mailbox.o)
                              C:/ProgramData/MATLAB/SupportPackages/R2020a/3P.instrset/cmsis.instrset/CMSIS/RTOS/RTX/LIB/GCC/libRTX_CM4.a(rt_cmsis.o) (rt_mbx_init)
C:/ProgramData/MATLAB/SupportPackages/R2020a/3P.instrset/cmsis.instrset/CMSIS/RTOS/RTX/LIB/GCC/libRTX_CM4.a(rt_list.o)
                              C:/ProgramData/MATLAB/SupportPackages/R2020a/3P.instrset/cmsis.instrset/CMSIS/RTOS/RTX/LIB/GCC/libRTX_CM4.a(rt_cmsis.o) (rt_put_prio)
C:/ProgramData/MATLAB/SupportPackages/R2020a/3P.instrset/cmsis.instrset/CMSIS/RTOS/RTX/LIB/GCC/libRTX_CM4.a(rt_event.o)
                              C:/ProgramData/MATLAB/SupportPackages/R2020a/3P.instrset/cmsis.instrset/CMSIS/RTOS/RTX/LIB/GCC/libRTX_CM4.a(rt_cmsis.o) (rt_evt_wait)
C:/ProgramData/MATLAB/SupportPackages/R2020a/3P.instrset/cmsis.instrset/CMSIS/RTOS/RTX/LIB/GCC/libRTX_CM4.a(rt_system.o)
                              C:/ProgramData/MATLAB/SupportPackages/R2020a/3P.instrset/cmsis.instrset/CMSIS/RTOS/RTX/LIB/GCC/libRTX_CM4.a(rt_cmsis.o) (rt_suspend)
C:/ProgramData/MATLAB/SupportPackages/R2020a/3P.instrset/cmsis.instrset/CMSIS/RTOS/RTX/LIB/GCC/libRTX_CM4.a(rt_task.o)
                              C:/ProgramData/MATLAB/SupportPackages/R2020a/3P.instrset/cmsis.instrset/CMSIS/RTOS/RTX/LIB/GCC/libRTX_CM4.a(rt_system.o) (rt_switch_req)
C:/ProgramData/MATLAB/SupportPackages/R2020a/3P.instrset/cmsis.instrset/CMSIS/RTOS/RTX/LIB/GCC/libRTX_CM4.a(hal_cm4.o)
                              C:/ProgramData/MATLAB/SupportPackages/R2020a/3P.instrset/cmsis.instrset/CMSIS/RTOS/RTX/LIB/GCC/libRTX_CM4.a(rt_task.o) (rt_get_PSP)
C:/ProgramData/MATLAB/SupportPackages/R2020a/3P.instrset/cmsis.instrset/CMSIS/RTOS/RTX/LIB/GCC/libRTX_CM4.a(svc_table.o)
                              C:/ProgramData/MATLAB/SupportPackages/R2020a/3P.instrset/cmsis.instrset/CMSIS/RTOS/RTX/LIB/GCC/libRTX_CM4.a(hal_cm4.o) (SVC_Table)
C:/ProgramData/MATLAB/SupportPackages/R2020a/3P.instrset/cmsis.instrset/CMSIS/RTOS/RTX/LIB/GCC/libRTX_CM4.a(rt_robin.o)
                              C:/ProgramData/MATLAB/SupportPackages/R2020a/3P.instrset/cmsis.instrset/CMSIS/RTOS/RTX/LIB/GCC/libRTX_CM4.a(rt_system.o) (os_robin)
C:/ProgramData/MATLAB/SupportPackages/R2020a/toolbox/target/supportpackages/freedomk64f/src/ksdk_armgcc_lib/bm/libksdk_platform.a(fsl_os_abstraction_bm.o)
                              MW_SCI.o (OSA_SemaPost)
C:/ProgramData/MATLAB/SupportPackages/R2020a/toolbox/target/supportpackages/freedomk64f/src/ksdk_armgcc_lib/bm/libksdk_platform.a(fsl_clock_manager.o)
                              board.o (CLOCK_SYS_OscInit)
C:/ProgramData/MATLAB/SupportPackages/R2020a/toolbox/target/supportpackages/freedomk64f/src/ksdk_armgcc_lib/bm/libksdk_platform.a(fsl_clock_manager_common.o)
                              C:/ProgramData/MATLAB/SupportPackages/R2020a/toolbox/target/supportpackages/freedomk64f/src/ksdk_armgcc_lib/bm/libksdk_platform.a(fsl_clock_manager.o) (g_oscBase)
[...]
Memory Configuration

Name             Origin             Length             Attributes
m_interrupts     0x00000000         0x00000400         xr
m_flash_config   0x00000400         0x00000010         xr
m_text           0x00000410         0x000ffbf0         xr
m_data_2         0x1fff0000         0x00010000         rw
m_data           0x20000000         0x00030000         rw
*default*        0x00000000         0xffffffff

Linker script and memory map

LOAD c:/progra~3/matlab/suppor~1/r2020a/3p778c~1.ins/gnuarm~1.ins/win/bin/../lib/gcc/arm-none-eabi/7.2.1/thumb/v7e-m/fpv4-sp/hard/crti.o
LOAD c:/progra~3/matlab/suppor~1/r2020a/3p778c~1.ins/gnuarm~1.ins/win/bin/../lib/gcc/arm-none-eabi/7.2.1/thumb/v7e-m/fpv4-sp/hard/crtbegin.o
LOAD c:/progra~3/matlab/suppor~1/r2020a/3p778c~1.ins/gnuarm~1.ins/win/bin/../lib/gcc/arm-none-eabi/7.2.1/../../../../arm-none-eabi/lib/thumb/v7e-m/fpv4-sp/hard/crt0.o
LOAD AOORVOORWORKs.o
LOAD AOORVOORWORKs_data.o
LOAD MW_AnalogInput.o
LOAD MW_I2C.o
LOAD MW_PWM.o
LOAD MW_SCI.o
LOAD MW_digitalIO.o
LOAD RTX_Conf_CM.o
LOAD board.o
LOAD cmsis_rtos_init.o
LOAD ert_main.o
LOAD fsl_edma_irq.o
LOAD fsl_misc_utilities.o
LOAD fsl_uart_irq.o
LOAD hardware_init.o
LOAD i2c_api.o
LOAD irq_stub.o
LOAD mw_sdk_interface.o
LOAD mw_semaphore.o
LOAD mw_signal.o
LOAD mw_thread.o
LOAD mw_timer.o
LOAD pin_mux.o
LOAD rtGetInf.o
LOAD rtGetNaN.o
LOAD rt_nonfinite.o
LOAD sbrk.o
LOAD startup.o
LOAD startup_MK64F12.o
LOAD system_MK64F12.o
LOAD C:/ProgramData/MATLAB/SupportPackages/R2020a/3P.instrset/cmsis.instrset/CMSIS/Lib/GCC/libarm_cortexM4lf_math.a
LOAD C:/ProgramData/MATLAB/SupportPackages/R2020a/3P.instrset/cmsis.instrset/CMSIS/RTOS/RTX/LIB/GCC/libRTX_CM4.a
LOAD C:/ProgramData/MATLAB/SupportPackages/R2020a/toolbox/target/supportpackages/freedomk64f/src/ksdk_armgcc_lib/bm/libksdk_platform.a
LOAD c:/progra~3/matlab/suppor~1/r2020a/3p778c~1.ins/gnuarm~1.ins/win/bin/../lib/gcc/arm-none-eabi/7.2.1/../../../../arm-none-eabi/lib/thumb/v7e-m/fpv4-sp/hard\libstdc++.a
LOAD c:/progra~3/matlab/suppor~1/r2020a/3p778c~1.ins/gnuarm~1.ins/win/bin/../lib/gcc/arm-none-eabi/7.2.1/../../../../arm-none-eabi/lib/thumb/v7e-m/fpv4-sp/hard\libm.a
START GROUP
LOAD c:/progra~3/matlab/suppor~1/r2020a/3p778c~1.ins/gnuarm~1.ins/win/bin/../lib/gcc/arm-none-eabi/7.2.1/thumb/v7e-m/fpv4-sp/hard\libgcc.a
LOAD c:/progra~3/matlab/suppor~1/r2020a/3p778c~1.ins/gnuarm~1.ins/win/bin/../lib/gcc/arm-none-eabi/7.2.1/../../../../arm-none-eabi/lib/thumb/v7e-m/fpv4-sp/hard\libg.a
LOAD c:/progra~3/matlab/suppor~1/r2020a/3p778c~1.ins/gnuarm~1.ins/win/bin/../lib/gcc/arm-none-eabi/7.2.1/../../../../arm-none-eabi/lib/thumb/v7e-m/fpv4-sp/hard\libc.a
END GROUP
START GROUP
LOAD c:/progra~3/matlab/suppor~1/r2020a/3p778c~1.ins/gnuarm~1.ins/win/bin/../lib/gcc/arm-none-eabi/7.2.1/thumb/v7e-m/fpv4-sp/hard\libgcc.a
LOAD c:/progra~3/matlab/suppor~1/r2020a/3p778c~1.ins/gnuarm~1.ins/win/bin/../lib/gcc/arm-none-eabi/7.2.1/../../../../arm-none-eabi/lib/thumb/v7e-m/fpv4-sp/hard\libc.a
LOAD c:/progra~3/matlab/suppor~1/r2020a/3p778c~1.ins/gnuarm~1.ins/win/bin/../lib/gcc/arm-none-eabi/7.2.1/../../../../arm-none-eabi/lib/thumb/v7e-m/fpv4-sp/hard\libnosys.a
END GROUP
LOAD c:/progra~3/matlab/suppor~1/r2020a/3p778c~1.ins/gnuarm~1.ins/win/bin/../lib/gcc/arm-none-eabi/7.2.1/thumb/v7e-m/fpv4-sp/hard/crtend.o
LOAD c:/progra~3/matlab/suppor~1/r2020a/3p778c~1.ins/gnuarm~1.ins/win/bin/../lib/gcc/arm-none-eabi/7.2.1/thumb/v7e-m/fpv4-sp/hard/crtn.o
                0x00000400                HEAP_SIZE = DEFINED (__heap_size__)?__heap_size__:0x400
                0x00000400                STACK_SIZE = DEFINED (__stack_size__)?__stack_size__:0x400
                0x00000000                M_VECTOR_RAM_SIZE = DEFINED (__ram_vector_table__)?0x400:0x0

.interrupts     0x00000000      0x400
                0x00000000                __VECTOR_TABLE = .
                0x00000000                . = ALIGN (0x4)
 *(.isr_vector)
 .isr_vector    0x00000000      0x400 startup_MK64F12.o
                0x00000000                __isr_vector
                0x00000400                . = ALIGN (0x4)

.flash_config   0x00000400       0x10
                0x00000400                . = ALIGN (0x4)
 *(.FlashConfig)
 .FlashConfig   0x00000400       0x10 startup_MK64F12.o
                0x00000410                . = ALIGN (0x4)

.text           0x00000440    0x14308
                0x00000440                . = ALIGN (0x4)
 *(.text)
 .text          0x00000440       0x40 c:/progra~3/matlab/suppor~1/r2020a/3p778c~1.ins/gnuarm~1.ins/win/bin/../lib/gcc/arm-none-eabi/7.2.1/thumb/v7e-m/fpv4-sp/hard/crtbegin.o
 .text          0x00000480       0x74 c:/progra~3/matlab/suppor~1/r2020a/3p778c~1.ins/gnuarm~1.ins/win/bin/../lib/gcc/arm-none-eabi/7.2.1/../../../../arm-none-eabi/lib/thumb/v7e-m/fpv4-sp/hard/crt0.o
                0x00000480                _start
                0x00000480                _mainCRTStartup
 .text          0x000004f4       0x14 startup_MK64F12.o
                0x000004f4                Reset_Handler
                0x00000504                ENET_Receive_IRQHandler
                0x00000504                ENET_1588_Timer_IRQHandler
                0x00000504                DefaultISR
                0x00000504                PIT2_IRQHandler
                0x00000504                PIT0_IRQHandler
                0x00000504                ENET_Error_IRQHandler
                0x00000504                PIT3_IRQHandler
                0x00000504                SDHC_IRQHandler
                0x00000504                ENET_Transmit_IRQHandler
                0x00000504                PIT1_IRQHandler
 .text          0x00000508      0x198 C:/ProgramData/MATLAB/SupportPackages/R2020a/3P.instrset/cmsis.instrset/CMSIS/RTOS/RTX/LIB/GCC/libRTX_CM4.a(hal_cm4.o)
                0x00000508                rt_set_PSP
                0x0000050e                rt_get_PSP
                0x00000514                os_set_env
                0x0000052c                _alloc_box
                0x00000548                _free_box
                0x00000564                SVC_Handler
                0x0000060a                PendSV_Handler
                0x00000610                Sys_Switch
                0x0000066a                SysTick_Handler
                0x00000674                OS_Tick_Handler
 .text          0x000006a0      0x378 c:/progra~3/matlab/suppor~1/r2020a/3p778c~1.ins/gnuarm~1.ins/win/bin/../lib/gcc/arm-none-eabi/7.2.1/thumb/v7e-m/fpv4-sp/hard\libgcc.a(_arm_addsubdf3.o)
                0x000006a0                __aeabi_drsub
                0x000006a8                __aeabi_dsub
                0x000006a8                __subdf3
                0x000006ac                __aeabi_dadd
                0x000006ac                __adddf3
                0x00000924                __floatunsidf
                0x00000924                __aeabi_ui2d
                0x00000944                __floatsidf
                0x00000944                __aeabi_i2d
                0x00000968                __aeabi_f2d
                0x00000968                __extendsfdf2
                0x000009ac                __floatundidf
                0x000009ac                __aeabi_ul2d
                0x000009bc                __floatdidf
                0x000009bc                __aeabi_l2d
 .text          0x00000a18      0x424 c:/progra~3/matlab/suppor~1/r2020a/3p778c~1.ins/gnuarm~1.ins/win/bin/../lib/gcc/arm-none-eabi/7.2.1/thumb/v7e-m/fpv4-sp/hard\libgcc.a(_arm_muldivdf3.o)
                0x00000a18                __aeabi_dmul
                0x00000a18                __muldf3
                0x00000c6c                __divdf3
                0x00000c6c                __aeabi_ddiv
 .text          0x00000e3c      0x110 c:/progra~3/matlab/suppor~1/r2020a/3p778c~1.ins/gnuarm~1.ins/win/bin/../lib/gcc/arm-none-eabi/7.2.1/thumb/v7e-m/fpv4-sp/hard\libgcc.a(_arm_cmpdf2.o)
                0x00000e3c                __gtdf2
                0x00000e3c                __gedf2
                0x00000e44                __ltdf2
                0x00000e44                __ledf2
                0x00000e4c                __nedf2
                0x00000e4c                __eqdf2
                0x00000e4c                __cmpdf2
                0x00000ec8                __aeabi_cdrcmple
                0x00000ed8                __aeabi_cdcmpeq
                0x00000ed8                __aeabi_cdcmple
                0x00000ee8                __aeabi_dcmpeq
                0x00000efc                __aeabi_dcmplt
                0x00000f10                __aeabi_dcmple
                0x00000f24                __aeabi_dcmpge
                0x00000f38                __aeabi_dcmpgt
 .text          0x00000f4c       0x2c c:/progra~3/matlab/suppor~1/r2020a/3p778c~1.ins/gnuarm~1.ins/win/bin/../lib/gcc/arm-none-eabi/7.2.1/thumb/v7e-m/fpv4-sp/hard\libgcc.a(_arm_unorddf2.o)
                0x00000f4c                __unorddf2
                0x00000f4c                __aeabi_dcmpun
 .text          0x00000f78       0x50 c:/progra~3/matlab/suppor~1/r2020a/3p778c~1.ins/gnuarm~1.ins/win/bin/../lib/gcc/arm-none-eabi/7.2.1/thumb/v7e-m/fpv4-sp/hard\libgcc.a(_arm_fixdfsi.o)
                0x00000f78                __aeabi_d2iz
                0x00000f78                __fixdfsi
 .text          0x00000fc8       0x40 c:/progra~3/matlab/suppor~1/r2020a/3p778c~1.ins/gnuarm~1.ins/win/bin/../lib/gcc/arm-none-eabi/7.2.1/thumb/v7e-m/fpv4-sp/hard\libgcc.a(_arm_fixunsdfsi.o)
                0x00000fc8                __aeabi_d2uiz
                0x00000fc8                __fixunsdfsi
 .text          0x00001008       0xa0 c:/progra~3/matlab/suppor~1/r2020a/3p778c~1.ins/gnuarm~1.ins/win/bin/../lib/gcc/arm-none-eabi/7.2.1/thumb/v7e-m/fpv4-sp/hard\libgcc.a(_arm_truncdfsf2.o)
                0x00001008                __truncdfsf2
                0x00001008                __aeabi_d2f
 .text          0x000010a8       0x30 c:/progra~3/matlab/suppor~1/r2020a/3p778c~1.ins/gnuarm~1.ins/win/bin/../lib/gcc/arm-none-eabi/7.2.1/thumb/v7e-m/fpv4-sp/hard\libgcc.a(_aeabi_uldivmod.o)
                0x000010a8                __aeabi_uldivmod
 .text          0x000010d8      0x2cc c:/progra~3/matlab/suppor~1/r2020a/3p778c~1.ins/gnuarm~1.ins/win/bin/../lib/gcc/arm-none-eabi/7.2.1/thumb/v7e-m/fpv4-sp/hard\libgcc.a(_udivmoddi4.o)
                0x000010d8                __udivmoddi4
 .text          0x000013a4      0x9ec c:/progra~3/matlab/suppor~1/r2020a/3p778c~1.ins/gnuarm~1.ins/win/bin/../lib/gcc/arm-none-eabi/7.2.1/thumb/v7e-m/fpv4-sp/hard\libgcc.a(unwind-arm.o)
                0x00001658                _Unwind_GetCFA
                0x0000165c                __gnu_Unwind_RaiseException
                0x000016bc                __gnu_Unwind_ForcedUnwind
                0x000016d0                __gnu_Unwind_Resume
                0x00001714                __gnu_Unwind_Resume_or_Rethrow
                0x00001724                _Unwind_Complete
                0x00001728                _Unwind_DeleteException
                0x00001734                _Unwind_VRS_Get
                0x00001778                _Unwind_VRS_Set
                0x000017c0                __gnu_Unwind_Backtrace
                0x00001b04                __aeabi_unwind_cpp_pr0
                0x00001b08                __aeabi_unwind_cpp_pr1
                0x00001b0c                __aeabi_unwind_cpp_pr2
                0x00001b10                _Unwind_VRS_Pop
 .text          0x00001d90      0x1ac c:/progra~3/matlab/suppor~1/r2020a/3p778c~1.ins/gnuarm~1.ins/win/bin/../lib/gcc/arm-none-eabi/7.2.1/thumb/v7e-m/fpv4-sp/hard\libgcc.a(libunwind.o)
                0x00001d90                __restore_core_regs
                0x00001d90                restore_core_regs
                0x00001da8                __gnu_Unwind_Restore_VFP
                0x00001db0                __gnu_Unwind_Save_VFP
                0x00001db8                __gnu_Unwind_Restore_VFP_D
                0x00001dc0                __gnu_Unwind_Save_VFP_D
                0x00001dc8                __gnu_Unwind_Restore_VFP_D_16_to_31
                0x00001dd0                __gnu_Unwind_Save_VFP_D_16_to_31
                0x00001dd8                __gnu_Unwind_Restore_WMMXD
                0x00001e1c                __gnu_Unwind_Save_WMMXD
                0x00001e60                __gnu_Unwind_Restore_WMMXC
                0x00001e74                __gnu_Unwind_Save_WMMXC
                0x00001e88                ___Unwind_RaiseException
                0x00001e88                _Unwind_RaiseException
                0x00001eac                _Unwind_Resume
                0x00001eac                ___Unwind_Resume
                0x00001ed0                _Unwind_Resume_or_Rethrow
                0x00001ed0                ___Unwind_Resume_or_Rethrow
                0x00001ef4                _Unwind_ForcedUnwind
                0x00001ef4                ___Unwind_ForcedUnwind
                0x00001f18                ___Unwind_Backtrace
                0x00001f18                _Unwind_Backtrace
 .text          0x00001f3c      0x374 c:/progra~3/matlab/suppor~1/r2020a/3p778c~1.ins/gnuarm~1.ins/win/bin/../lib/gcc/arm-none-eabi/7.2.1/thumb/v7e-m/fpv4-sp/hard\libgcc.a(pr-support.o)
                0x00001f94                __gnu_unwind_execute
                0x00002258                __gnu_unwind_frame
                0x00002280                _Unwind_GetRegionStart
                0x0000228c                _Unwind_GetLanguageSpecificData
                0x000022a0                _Unwind_GetDataRelBase
                0x000022a8                _Unwind_GetTextRelBase
 .text          0x000022b0        0x4 c:/progra~3/matlab/suppor~1/r2020a/3p778c~1.ins/gnuarm~1.ins/win/bin/../lib/gcc/arm-none-eabi/7.2.1/thumb/v7e-m/fpv4-sp/hard\libgcc.a(_dvmd_tls.o)
                0x000022b0                __aeabi_idiv0
                0x000022b0                __aeabi_ldiv0
 .text          0x000022b4      0x134 c:/progra~3/matlab/suppor~1/r2020a/3p778c~1.ins/gnuarm~1.ins/win/bin/../lib/gcc/arm-none-eabi/7.2.1/../../../../arm-none-eabi/lib/thumb/v7e-m/fpv4-sp/hard\libg.a(lib_a-memcpy.o)
                0x000022b4                memcpy
 *fill*         0x000023e8        0x8 
 .text          0x000023f0       0xa0 c:/progra~3/matlab/suppor~1/r2020a/3p778c~1.ins/gnuarm~1.ins/win/bin/../lib/gcc/arm-none-eabi/7.2.1/../../../../arm-none-eabi/lib/thumb/v7e-m/fpv4-sp/hard\libg.a(lib_a-memchr.o)
                0x000023f0                memchr
 *fill*         0x00002490       0x30 
 .text          0x000024c0       0xdc c:/progra~3/matlab/suppor~1/r2020a/3p778c~1.ins/gnuarm~1.ins/win/bin/../lib/gcc/arm-none-eabi/7.2.1/../../../../arm-none-eabi/lib/thumb/v7e-m/fpv4-sp/hard\libg.a(lib_a-strlen.o)
                0x000024c0                strlen
 *(.text*)
 .text.uMultiWord2Double
                0x0000259c       0x82 AOORVOORWORKs.o
                0x0000259c                uMultiWord2Double
 .text.uMultiWordMul
                0x0000261e      0x19c AOORVOORWORKs.o
                0x0000261e                uMultiWordMul
 .text.mul_wide_u32
                0x000027ba       0xa8 AOORVOORWORKs.o
                0x000027ba                mul_wide_u32
 .text.mul_u32_sat
                0x00002862       0x30 AOORVOORWORKs.o
                0x00002862                mul_u32_sat
 *fill*         0x00002892        0x2 
 .text.rt_powf_snf
                0x00002894      0x230 AOORVOORWORKs.o
                0x00002894                rt_powf_snf
 .text.rt_roundd_snf
                0x00002ac4       0xf4 AOORVOORWORKs.o
                0x00002ac4                rt_roundd_snf
 .text.AOORVOORWORKs_VVI
                0x00002bb8      0x48c AOORVOORWORKs.o
 .text.AOORVOORWORKs_AAI
                0x00003044      0x48c AOORVOORWORKs.o
 .text.AOORVOORWORKs_AAIR
                0x000034d0      0x334 AOORVOORWORKs.o
 .text.AOORVOORWORKs_AOO
                0x00003804      0x1b8 AOORVOORWORKs.o
 .text.AOORVOORWORKs_AOOR
                0x000039bc      0x220 AOORVOORWORKs.o
 .text.AOOR_SystemCore_release_jfpx5x5
                0x00003bdc       0x2a AOORVOORWORKs.o
 .text.AOORV_SystemCore_delete_jfpx5x5
                0x00003c06       0x16 AOORVOORWORKs.o
 .text.matlabCodegenHandle_mat_jfpx5x5
                0x00003c1c       0x24 AOORVOORWORKs.o
 .text.AOORVO_SystemCore_release_jfpx5
                0x00003c40       0x2a AOORVOORWORKs.o
 .text.AOORVOO_SystemCore_delete_jfpx5
                0x00003c6a       0x16 AOORVOORWORKs.o
 .text.matlabCodegenHandle_matla_jfpx5
                0x00003c80       0x24 AOORVOORWORKs.o
 .text.AOORVOORWORK_SystemCore_release
                0x00003ca4       0x2a AOORVOORWORKs.o
 .text.AOORVOORWORKs_SystemCore_delete
                0x00003cce       0x16 AOORVOORWORKs.o
 .text.matlabCodegenHandle_matlabCodeg
                0x00003ce4       0x24 AOORVOORWORKs.o
 .text.SystemCore_releas_jfpx5x5vtseop
                0x00003d08       0x34 AOORVOORWORKs.o
 .text.SystemCore_delete_jfpx5x5vtseop
                0x00003d3c       0x16 AOORVOORWORKs.o
 .text.matlabCodegenHand_jfpx5x5vtseop
                0x00003d52       0x24 AOORVOORWORKs.o
 .text.AOORVOORWO_SystemCore_release_j
                0x00003d76       0x34 AOORVOORWORKs.o
 .text.AOORVOORWOR_SystemCore_delete_j
                0x00003daa       0x16 AOORVOORWORKs.o
 .text.matlabCodegenHandle_matlabCod_j
                0x00003dc0       0x24 AOORVOORWORKs.o
 .text.AOO_SystemCore_release_jfpx5x5v
                0x00003de4       0x2a AOORVOORWORKs.o
 .text.AOOR_SystemCore_delete_jfpx5x5v
                0x00003e0e       0x16 AOORVOORWORKs.o
 .text.matlabCodegenHandle_ma_jfpx5x5v
                0x00003e24       0x24 AOORVOORWORKs.o
 .text.A_SystemCore_release_jfpx5x5vts
                0x00003e48       0x2a AOORVOORWORKs.o
 .text.AO_SystemCore_delete_jfpx5x5vts
                0x00003e72       0x16 AOORVOORWORKs.o
 .text.matlabCodegenHandle__jfpx5x5vts
                0x00003e88       0x24 AOORVOORWORKs.o
 .text.SystemCore_release_jfpx5x5vtse
                0x00003eac       0x22 AOORVOORWORKs.o
 .text.A_SystemCore_delete_jfpx5x5vtse
                0x00003ece       0x16 AOORVOORWORKs.o
 .text.matlabCodegenHandle_jfpx5x5vtse
                0x00003ee4       0x24 AOORVOORWORKs.o
 .text.AO_SystemCore_release_jfpx5x5vt
                0x00003f08       0x40 AOORVOORWORKs.o
 .text.AOO_SystemCore_delete_jfpx5x5vt
                0x00003f48       0x16 AOORVOORWORKs.o
 .text.matlabCodegenHandle_m_jfpx5x5vt
                0x00003f5e       0x24 AOORVOORWORKs.o
 *fill*         0x00003f82        0x2 
 .text.AOORVOORWORK_SystemCore_setup_j
                0x00003f84       0x70 AOORVOORWORKs.o
 .text.AOORVOORWOR_SystemCore_setup_jf
                0x00003ff4      0x158 AOORVOORWORKs.o
 .text.AOORVOORWORKs_SystemCore_setup
                0x0000414c       0x70 AOORVOORWORKs.o
 *fill*         0x000041bc        0x4 
 .text.AOORVOORWORKs_step
                0x000041c0     0x3964 AOORVOORWORKs.o
                0x000041c0                AOORVOORWORKs_step
 *fill*         0x00007b24        0x4 
 .text.AOORVOORWORKs_initialize
                0x00007b28      0x930 AOORVOORWORKs.o
                0x00007b28                AOORVOORWORKs_initialize
 .text.AOORVOORWORKs_terminate
                0x00008458       0xf8 AOORVOORWORKs.o
                0x00008458                AOORVOORWORKs_terminate
 .text.MW_AnalogInSingle_Open
                0x00008550       0xa8 MW_AnalogInput.o
                0x00008550                MW_AnalogInSingle_Open
 .text.MW_AnalogIn_SetTriggerSource
                0x000085f8       0x1a MW_AnalogInput.o
                0x000085f8                MW_AnalogIn_SetTriggerSource
 *fill*         0x00008612        0x6 
 .text.MW_AnalogInSingle_ReadResult
                0x00008618       0xb8 MW_AnalogInput.o
                0x00008618                MW_AnalogInSingle_ReadResult
 .text.MW_AnalogIn_Start
                0x000086d0       0x14 MW_AnalogInput.o
                0x000086d0                MW_AnalogIn_Start
 .text.MW_AnalogIn_Stop
                0x000086e4       0x14 MW_AnalogInput.o
                0x000086e4                MW_AnalogIn_Stop
 .text.MW_AnalogIn_Close
                0x000086f8       0x14 MW_AnalogInput.o
                0x000086f8                MW_AnalogIn_Close
 .text.MW_I2C_Open
                0x0000870c       0x48 MW_I2C.o
                0x0000870c                MW_I2C_Open
 .text.MW_I2C_SetBusSpeed
                0x00008754       0x2e MW_I2C.o
                0x00008754                MW_I2C_SetBusSpeed
 .text.MW_I2C_MasterRead
                0x00008782       0x68 MW_I2C.o
                0x00008782                MW_I2C_MasterRead
 .text.MW_I2C_MasterWrite
                0x000087ea       0x68 MW_I2C.o
                0x000087ea                MW_I2C_MasterWrite
 .text.MW_I2C_Close
                0x00008852       0x14 MW_I2C.o
                0x00008852                MW_I2C_Close
 *fill*         0x00008866        0x2 
 .text.PORT_HAL_SetMuxMode
                0x00008868       0x58 MW_PWM.o
 .text.FTM_HAL_SetClockSource
                0x000088c0       0x2e MW_PWM.o
 *fill*         0x000088ee        0x2 
 .text.MW_PWM_Open
                0x000088f0      0x164 MW_PWM.o
                0x000088f0                MW_PWM_Open
 .text.MW_PWM_Start
                0x00008a54       0x14 MW_PWM.o
                0x00008a54                MW_PWM_Start
 .text.MW_PWM_SetDutyCycle
                0x00008a68       0x7c MW_PWM.o
                0x00008a68                MW_PWM_SetDutyCycle
 .text.MW_PWM_Stop
                0x00008ae4       0x2c MW_PWM.o
                0x00008ae4                MW_PWM_Stop
 .text.MW_PWM_Close
                0x00008b10       0x14 MW_PWM.o
                0x00008b10                MW_PWM_Close
 .text.EDMA_HAL_HTCDSetDestAddr
                0x00008b24       0x48 MW_SCI.o
 .text.EDMA_HAL_HTCDSetIntCmd
                0x00008b6c       0x54 MW_SCI.o
 .text.MW_SCI_Open
                0x00008bc0      0x5ac MW_SCI.o
                0x00008bc0                MW_SCI_Open
 .text.MW_SCI_SetBaudrate
                0x0000916c       0x18 MW_SCI.o
                0x0000916c                MW_SCI_SetBaudrate
 .text.MW_SCI_SetFrameFormat
                0x00009184       0x28 MW_SCI.o
                0x00009184                MW_SCI_SetFrameFormat
 .text.MW_SCI_Receive
                0x000091ac       0xa4 MW_SCI.o
                0x000091ac                MW_SCI_Receive
 .text.MW_SCI_Transmit
                0x00009250       0x80 MW_SCI.o
                0x00009250                MW_SCI_Transmit
 .text.MW_SCI_Close
                0x000092d0       0x14 MW_SCI.o
                0x000092d0                MW_SCI_Close
 .text.MW_UART_DRV_EdmaStartReceiveData
                0x000092e4       0xac MW_SCI.o
 .text.MW_UART_DRV_EdmaRxCallback
                0x00009390       0x1c MW_SCI.o
 .text.MW_UART_DRV_EdmaCompleteReceiveData
                0x000093ac      0x124 MW_SCI.o
 .text.MW_digitalIO_open
                0x000094d0       0xe0 MW_digitalIO.o
                0x000094d0                MW_digitalIO_open
 .text.MW_digitalIO_read
                0x000095b0       0x70 MW_digitalIO.o
                0x000095b0                MW_digitalIO_read
 .text.MW_digitalIO_write
                0x00009620       0x7e MW_digitalIO.o
                0x00009620                MW_digitalIO_write
 .text.MW_digitalIO_close
                0x0000969e       0x3c MW_digitalIO.o
                0x0000969e                MW_digitalIO_close
 .text.os_idle_demon
                0x000096da        0x6 RTX_Conf_CM.o
                0x000096da                os_idle_demon
 .text.os_error
                0x000096e0       0x2c RTX_Conf_CM.o
                0x000096e0                os_error
 .text.rt_init_robin
                0x0000970c        0x2 RTX_Conf_CM.o
                0x0000970c                rt_init_robin
 .text.rt_chk_robin
                0x0000970e        0x2 RTX_Conf_CM.o
                0x0000970e                rt_chk_robin
 .text.software_init_hook
                0x00009710       0x34 RTX_Conf_CM.o
                0x00009710                software_init_hook
 .text.PORT_HAL_SetMuxMode
                0x00009744       0x58 board.o
 .text.SMC_HAL_SetProtection
                0x0000979c       0x1e board.o
 *fill*         0x000097ba        0x2 
 .text.BOARD_InitOsc0
                0x000097bc       0x30 board.o
                0x000097bc                BOARD_InitOsc0
 .text.BOARD_InitRtcOsc
                0x000097ec       0x28 board.o
                0x000097ec                BOARD_InitRtcOsc
 .text.BOARD_ClockInit
                0x00009814       0x34 board.o
                0x00009814                BOARD_ClockInit
 .text.schedulerTask
                0x00009848       0x1c cmsis_rtos_init.o
                0x00009848                schedulerTask
 .text.mw_initSignalEvents
                0x00009864       0x40 cmsis_rtos_init.o
                0x00009864                mw_initSignalEvents
 .text.mw_RTOSInit
                0x000098a4       0x8c cmsis_rtos_init.o
                0x000098a4                mw_RTOSInit
 .text.baseRateTask
                0x00009930       0x7c ert_main.o
                0x00009930                baseRateTask
 .text.terminateTask
                0x000099ac       0x34 ert_main.o
                0x000099ac                terminateTask
 .text.main     0x000099e0       0x48 ert_main.o
                0x000099e0                main
 .text.DMA0_IRQHandler
                0x00009a28        0xe fsl_edma_irq.o
                0x00009a28                DMA0_IRQHandler
 .text.DMA1_IRQHandler
                0x00009a36        0xe fsl_edma_irq.o
                0x00009a36                DMA1_IRQHandler
 .text.DMA2_IRQHandler
                0x00009a44        0xe fsl_edma_irq.o
                0x00009a44                DMA2_IRQHandler
 .text.DMA3_IRQHandler
                0x00009a52        0xe fsl_edma_irq.o
                0x00009a52                DMA3_IRQHandler
 .text.DMA4_IRQHandler
                0x00009a60        0xe fsl_edma_irq.o
                0x00009a60                DMA4_IRQHandler
 .text.DMA5_IRQHandler
                0x00009a6e        0xe fsl_edma_irq.o
                0x00009a6e                DMA5_IRQHandler
 .text.DMA6_IRQHandler
                0x00009a7c        0xe fsl_edma_irq.o
                0x00009a7c                DMA6_IRQHandler
 .text.DMA7_IRQHandler
                0x00009a8a        0xe fsl_edma_irq.o
                0x00009a8a                DMA7_IRQHandler
 .text.DMA8_IRQHandler
                0x00009a98        0xe fsl_edma_irq.o
                0x00009a98                DMA8_IRQHandler
 .text.DMA9_IRQHandler
                0x00009aa6        0xe fsl_edma_irq.o
                0x00009aa6                DMA9_IRQHandler
 .text.DMA10_IRQHandler
                0x00009ab4        0xe fsl_edma_irq.o
                0x00009ab4                DMA10_IRQHandler
 .text.DMA11_IRQHandler
                0x00009ac2        0xe fsl_edma_irq.o
                0x00009ac2                DMA11_IRQHandler
 .text.DMA12_IRQHandler
                0x00009ad0        0xe fsl_edma_irq.o
                0x00009ad0                DMA12_IRQHandler
 .text.DMA13_IRQHandler
                0x00009ade        0xe fsl_edma_irq.o
                0x00009ade                DMA13_IRQHandler
 .text.DMA14_IRQHandler
                0x00009aec        0xe fsl_edma_irq.o
                0x00009aec                DMA14_IRQHandler
 .text.DMA15_IRQHandler
                0x00009afa        0xe fsl_edma_irq.o
                0x00009afa                DMA15_IRQHandler
 .text.DMA_Error_IRQHandler
                0x00009b08        0xe fsl_edma_irq.o
                0x00009b08                DMA_Error_IRQHandler
 .text.UART0_RX_TX_IRQHandler
                0x00009b16        0xe fsl_uart_irq.o
                0x00009b16                UART0_RX_TX_IRQHandler
 .text.UART1_RX_TX_IRQHandler
                0x00009b24        0xe fsl_uart_irq.o
                0x00009b24                UART1_RX_TX_IRQHandler
 .text.UART2_RX_TX_IRQHandler
                0x00009b32        0xe fsl_uart_irq.o
                0x00009b32                UART2_RX_TX_IRQHandler
 .text.UART3_RX_TX_IRQHandler
                0x00009b40        0xe fsl_uart_irq.o
                0x00009b40                UART3_RX_TX_IRQHandler
 .text.UART4_RX_TX_IRQHandler
                0x00009b4e        0xe fsl_uart_irq.o
                0x00009b4e                UART4_RX_TX_IRQHandler
 .text.UART5_RX_TX_IRQHandler
                0x00009b5c        0xe fsl_uart_irq.o
                0x00009b5c                UART5_RX_TX_IRQHandler
 .text.hardware_init
                0x00009b6a       0x30 hardware_init.o
                0x00009b6a                hardware_init
 .text.CLOCK_SYS_GetI2cFreq
                0x00009b9a       0x16 i2c_api.o
 .text.I2C_HAL_Enable
                0x00009bb0       0x24 i2c_api.o
 .text.I2C_HAL_SendAck
                0x00009bd4       0x24 i2c_api.o
 .text.I2C_HAL_SendNak
                0x00009bf8       0x24 i2c_api.o
 .text.I2C_HAL_SetDirMode
                0x00009c1c       0x2a i2c_api.o
 .text.I2C_HAL_ReadByte
                0x00009c46       0x1a i2c_api.o
 .text.I2C_HAL_WriteByte
                0x00009c60       0x1e i2c_api.o
 .text.I2C_HAL_GetStatusFlag
                0x00009c7e       0x34 i2c_api.o
 .text.I2C_HAL_IsMaster
                0x00009cb2       0x2e i2c_api.o
 .text.I2C_HAL_SetIntCmd
                0x00009ce0       0x28 i2c_api.o
 .text.I2C_HAL_ClearInt
                0x00009d08       0x1a i2c_api.o
 *fill*         0x00009d22        0x2 
 .text.PORT_HAL_SetOpenDrainCmd
                0x00009d24       0x4c i2c_api.o
 .text.PORT_HAL_SetMuxMode
                0x00009d70       0x58 i2c_api.o
 .text.i2c_init
                0x00009dc8       0x54 i2c_api.o
                0x00009dc8                i2c_init
 .text.i2c_start
                0x00009e1c       0x28 i2c_api.o
                0x00009e1c                i2c_start
 .text.i2c_stop
                0x00009e44       0x4c i2c_api.o
                0x00009e44                i2c_stop
 .text.timeout_status_poll
                0x00009e90       0x58 i2c_api.o
 .text.i2c_wait_end_tx_transfer
                0x00009ee8       0x54 i2c_api.o
 .text.i2c_wait_end_rx_transfer
                0x00009f3c       0x3c i2c_api.o
 .text.i2c_do_write
                0x00009f78       0x38 i2c_api.o
 .text.i2c_do_read
                0x00009fb0       0x50 i2c_api.o
 .text.i2c_frequency
                0x0000a000       0x50 i2c_api.o
                0x0000a000                i2c_frequency
 .text.i2c_read
                0x0000a050       0xe0 i2c_api.o
                0x0000a050                i2c_read
 .text.i2c_write
                0x0000a130       0x90 i2c_api.o
                0x0000a130                i2c_write
 .text.configure_i2c_pins
                0x0000a1c0       0x78 i2c_api.o
                0x0000a1c0                configure_i2c_pins
 .text.NMI_Handler
                0x0000a238        0x6 irq_stub.o
                0x0000a238                NMI_Handler
 .text.HardFault_Handler
                0x0000a23e        0x6 irq_stub.o
                0x0000a23e                HardFault_Handler
 .text.MemManage_Handler
                0x0000a244        0x6 irq_stub.o
                0x0000a244                MemManage_Handler
 .text.BusFault_Handler
                0x0000a24a        0x6 irq_stub.o
                0x0000a24a                BusFault_Handler
 .text.UsageFault_Handler
                0x0000a250        0x6 irq_stub.o
                0x0000a250                UsageFault_Handler
 .text.DebugMon_Handler
                0x0000a256        0x6 irq_stub.o
                0x0000a256                DebugMon_Handler
 .text.MCM_IRQHandler
                0x0000a25c        0x6 irq_stub.o
                0x0000a25c                MCM_IRQHandler
 .text.FTFE_IRQHandler
                0x0000a262        0x6 irq_stub.o
                0x0000a262                FTFE_IRQHandler
 .text.Read_Collision_IRQHandler
                0x0000a268        0x6 irq_stub.o
                0x0000a268                Read_Collision_IRQHandler
 .text.LVD_LVW_IRQHandler
                0x0000a26e        0x6 irq_stub.o
                0x0000a26e                LVD_LVW_IRQHandler
 .text.LLWU_IRQHandler
                0x0000a274        0x6 irq_stub.o
                0x0000a274                LLWU_IRQHandler
 .text.WDOG_EWM_IRQHandler
                0x0000a27a        0x6 irq_stub.o
                0x0000a27a                WDOG_EWM_IRQHandler
 .text.RNG_IRQHandler
                0x0000a280        0x6 irq_stub.o
                0x0000a280                RNG_IRQHandler
 .text.I2C0_IRQHandler
                0x0000a286        0x6 irq_stub.o
                0x0000a286                I2C0_IRQHandler
 .text.I2C1_IRQHandler
                0x0000a28c        0x6 irq_stub.o
                0x0000a28c                I2C1_IRQHandler
 .text.SPI0_IRQHandler
                0x0000a292        0x6 irq_stub.o
                0x0000a292                SPI0_IRQHandler
 .text.SPI1_IRQHandler
                0x0000a298        0x6 irq_stub.o
                0x0000a298                SPI1_IRQHandler
 .text.I2S0_Tx_IRQHandler
                0x0000a29e        0x6 irq_stub.o
                0x0000a29e                I2S0_Tx_IRQHandler
 .text.I2S0_Rx_IRQHandler
                0x0000a2a4        0x6 irq_stub.o
                0x0000a2a4                I2S0_Rx_IRQHandler
 .text.UART0_LON_IRQHandler
                0x0000a2aa        0x6 irq_stub.o
                0x0000a2aa                UART0_LON_IRQHandler
 .text.UART0_ERR_IRQHandler
                0x0000a2b0        0x6 irq_stub.o
                0x0000a2b0                UART0_ERR_IRQHandler
 .text.UART1_ERR_IRQHandler
                0x0000a2b6        0x6 irq_stub.o
                0x0000a2b6                UART1_ERR_IRQHandler
 .text.UART2_ERR_IRQHandler
                0x0000a2bc        0x6 irq_stub.o
                0x0000a2bc                UART2_ERR_IRQHandler
 .text.UART3_ERR_IRQHandler
                0x0000a2c2        0x6 irq_stub.o
                0x0000a2c2                UART3_ERR_IRQHandler
 .text.ADC0_IRQHandler
                0x0000a2c8        0x6 irq_stub.o
                0x0000a2c8                ADC0_IRQHandler
 .text.CMP0_IRQHandler
                0x0000a2ce        0x6 irq_stub.o
                0x0000a2ce                CMP0_IRQHandler
 .text.CMP1_IRQHandler
                0x0000a2d4        0x6 irq_stub.o
                0x0000a2d4                CMP1_IRQHandler
 .text.FTM0_IRQHandler
                0x0000a2da        0x6 irq_stub.o
                0x0000a2da                FTM0_IRQHandler
 .text.FTM1_IRQHandler
                0x0000a2e0        0x6 irq_stub.o
                0x0000a2e0                FTM1_IRQHandler
 .text.FTM2_IRQHandler
                0x0000a2e6        0x6 irq_stub.o
                0x0000a2e6                FTM2_IRQHandler
 .text.CMT_IRQHandler
                0x0000a2ec        0x6 irq_stub.o
                0x0000a2ec                CMT_IRQHandler
 .text.RTC_IRQHandler
                0x0000a2f2        0x6 irq_stub.o
                0x0000a2f2                RTC_IRQHandler
 .text.RTC_Seconds_IRQHandler
                0x0000a2f8        0x6 irq_stub.o
                0x0000a2f8                RTC_Seconds_IRQHandler
 .text.PDB0_IRQHandler
                0x0000a2fe        0x6 irq_stub.o
                0x0000a2fe                PDB0_IRQHandler
 .text.USB0_IRQHandler
                0x0000a304        0x6 irq_stub.o
                0x0000a304                USB0_IRQHandler
 .text.USBDCD_IRQHandler
                0x0000a30a        0x6 irq_stub.o
                0x0000a30a                USBDCD_IRQHandler
 .text.Reserved71_IRQHandler
                0x0000a310        0x6 irq_stub.o
                0x0000a310                Reserved71_IRQHandler
 .text.DAC0_IRQHandler
                0x0000a316        0x6 irq_stub.o
                0x0000a316                DAC0_IRQHandler
 .text.MCG_IRQHandler
                0x0000a31c        0x6 irq_stub.o
                0x0000a31c                MCG_IRQHandler
 .text.LPTMR0_IRQHandler
                0x0000a322        0x6 irq_stub.o
                0x0000a322                LPTMR0_IRQHandler
 .text.PORTA_IRQHandler
                0x0000a328        0x6 irq_stub.o
                0x0000a328                PORTA_IRQHandler
 .text.PORTB_IRQHandler
                0x0000a32e        0x6 irq_stub.o
                0x0000a32e                PORTB_IRQHandler
 .text.PORTC_IRQHandler
                0x0000a334        0x6 irq_stub.o
                0x0000a334                PORTC_IRQHandler
 .text.PORTD_IRQHandler
                0x0000a33a        0x6 irq_stub.o
                0x0000a33a                PORTD_IRQHandler
 .text.PORTE_IRQHandler
                0x0000a340        0x6 irq_stub.o
                0x0000a340                PORTE_IRQHandler
 .text.SWI_IRQHandler
                0x0000a346        0x6 irq_stub.o
                0x0000a346                SWI_IRQHandler
 .text.SPI2_IRQHandler
                0x0000a34c        0x6 irq_stub.o
                0x0000a34c                SPI2_IRQHandler
 .text.UART4_ERR_IRQHandler
                0x0000a352        0x6 irq_stub.o
                0x0000a352                UART4_ERR_IRQHandler
 .text.UART5_ERR_IRQHandler
                0x0000a358        0x6 irq_stub.o
                0x0000a358                UART5_ERR_IRQHandler
 .text.CMP2_IRQHandler
                0x0000a35e        0x6 irq_stub.o
                0x0000a35e                CMP2_IRQHandler
 .text.FTM3_IRQHandler
                0x0000a364        0x6 irq_stub.o
                0x0000a364                FTM3_IRQHandler
 .text.DAC1_IRQHandler
                0x0000a36a        0x6 irq_stub.o
                0x0000a36a                DAC1_IRQHandler
 .text.ADC1_IRQHandler
                0x0000a370        0x6 irq_stub.o
                0x0000a370                ADC1_IRQHandler
 .text.I2C2_IRQHandler
                0x0000a376        0x6 irq_stub.o
                0x0000a376                I2C2_IRQHandler
 .text.CAN0_ORed_Message_buffer_IRQHandler
                0x0000a37c        0x6 irq_stub.o
                0x0000a37c                CAN0_ORed_Message_buffer_IRQHandler
 .text.CAN0_Bus_Off_IRQHandler
                0x0000a382        0x6 irq_stub.o
                0x0000a382                CAN0_Bus_Off_IRQHandler
 .text.CAN0_Error_IRQHandler
                0x0000a388        0x6 irq_stub.o
                0x0000a388                CAN0_Error_IRQHandler
 .text.CAN0_Tx_Warning_IRQHandler
                0x0000a38e        0x6 irq_stub.o
                0x0000a38e                CAN0_Tx_Warning_IRQHandler
 .text.CAN0_Rx_Warning_IRQHandler
                0x0000a394        0x6 irq_stub.o
                0x0000a394                CAN0_Rx_Warning_IRQHandler
 .text.CAN0_Wake_Up_IRQHandler
                0x0000a39a        0x6 irq_stub.o
                0x0000a39a                CAN0_Wake_Up_IRQHandler
 .text.mw_osSignalSet
                0x0000a3a0       0x2e mw_signal.o
                0x0000a3a0                mw_osSignalSet
 .text.mw_osSignalClear
                0x0000a3ce       0x26 mw_signal.o
                0x0000a3ce                mw_osSignalClear
 .text.mw_osSignalWaitEver
                0x0000a3f4       0x20 mw_signal.o
                0x0000a3f4                mw_osSignalWaitEver
 .text.mw_osSignalEventCreate
                0x0000a414       0x20 mw_signal.o
                0x0000a414                mw_osSignalEventCreate
 .text.mw_osSignalEventRelease
                0x0000a434       0x26 mw_signal.o
                0x0000a434                mw_osSignalEventRelease
 .text.mw_osSignalEventWaitEver
                0x0000a45a       0x34 mw_signal.o
                0x0000a45a                mw_osSignalEventWaitEver
 .text.mw_osThreadCreate
                0x0000a48e       0x52 mw_thread.o
                0x0000a48e                mw_osThreadCreate
 .text.mw_osThreadGetId
                0x0000a4e0        0xe mw_thread.o
                0x0000a4e0                mw_osThreadGetId
 .text.mw_osThreadExit
                0x0000a4ee       0x22 mw_thread.o
                0x0000a4ee                mw_osThreadExit
 .text.mw_osTimerCreate
                0x0000a510       0x4e mw_timer.o
                0x0000a510                mw_osTimerCreate
 .text.mw_osTimerStart
                0x0000a55e       0x24 mw_timer.o
                0x0000a55e                mw_osTimerStart
 *fill*         0x0000a582        0x2 
 .text.PORT_HAL_SetMuxMode
                0x0000a584       0x58 pin_mux.o
 .text.SIM_HAL_EnableClock
                0x0000a5dc       0x40 pin_mux.o
 .text.configure_uart_pins
                0x0000a61c      0x194 pin_mux.o
                0x0000a61c                configure_uart_pins
 .text.rtGetInf
                0x0000a7b0       0x60 rtGetInf.o
                0x0000a7b0                rtGetInf
 .text.rtGetInfF
                0x0000a810       0x20 rtGetInf.o
                0x0000a810                rtGetInfF
 .text.rtGetMinusInf
                0x0000a830       0x60 rtGetInf.o
                0x0000a830                rtGetMinusInf
 .text.rtGetMinusInfF
                0x0000a890       0x24 rtGetInf.o
                0x0000a890                rtGetMinusInfF
 .text.rtGetNaN
                0x0000a8b4       0x60 rtGetNaN.o
                0x0000a8b4                rtGetNaN
 .text.rtGetNaNF
                0x0000a914       0x28 rtGetNaN.o
                0x0000a914                rtGetNaNF
 .text.rt_InitInfAndNaN
                0x0000a93c       0x88 rt_nonfinite.o
                0x0000a93c                rt_InitInfAndNaN
 .text.rtIsInf  0x0000a9c4       0x50 rt_nonfinite.o
                0x0000a9c4                rtIsInf
 .text.rtIsInfF
                0x0000aa14       0x4c rt_nonfinite.o
                0x0000aa14                rtIsInfF
 .text.rtIsNaN  0x0000aa60       0x6c rt_nonfinite.o
                0x0000aa60                rtIsNaN
 .text.rtIsNaNF
                0x0000aacc       0x38 rt_nonfinite.o
                0x0000aacc                rtIsNaNF
 .text._sbrk    0x0000ab04       0x5c sbrk.o
                0x0000ab04                _sbrk
 .text.init_data_bss
                0x0000ab60       0xcc startup.o
                0x0000ab60                init_data_bss
 .text.SystemInit
                0x0000ac2c      0x1dc system_MK64F12.o
                0x0000ac2c                SystemInit
 .text.SystemCoreClockUpdate
                0x0000ae08      0x278 system_MK64F12.o
                0x0000ae08                SystemCoreClockUpdate
 .text.osThreadExit
                0x0000b080       0x18 C:/ProgramData/MATLAB/SupportPackages/R2020a/3P.instrset/cmsis.instrset/CMSIS/RTOS/RTX/LIB/GCC/libRTX_CM4.a(rt_cmsis.o)
                0x0000b080                osThreadExit
 .text.svcKernelInitialize
                0x0000b098      0x100 C:/ProgramData/MATLAB/SupportPackages/R2020a/3P.instrset/cmsis.instrset/CMSIS/RTOS/RTX/LIB/GCC/libRTX_CM4.a(rt_cmsis.o)
                0x0000b098                svcKernelInitialize
 .text.svcKernelStart
                0x0000b198       0x4c C:/ProgramData/MATLAB/SupportPackages/R2020a/3P.instrset/cmsis.instrset/CMSIS/RTOS/RTX/LIB/GCC/libRTX_CM4.a(rt_cmsis.o)
                0x0000b198                svcKernelStart
 .text.osKernelInitialize
                0x0000b1e4      0x120 C:/ProgramData/MATLAB/SupportPackages/R2020a/3P.instrset/cmsis.instrset/CMSIS/RTOS/RTX/LIB/GCC/libRTX_CM4.a(rt_cmsis.o)
                0x0000b1e4                osKernelInitialize
 .text.osKernelStart
                0x0000b304       0x70 C:/ProgramData/MATLAB/SupportPackages/R2020a/3P.instrset/cmsis.instrset/CMSIS/RTOS/RTX/LIB/GCC/libRTX_CM4.a(rt_cmsis.o)
                0x0000b304                osKernelStart
 .text.svcThreadCreate
                0x0000b374       0x7c C:/ProgramData/MATLAB/SupportPackages/R2020a/3P.instrset/cmsis.instrset/CMSIS/RTOS/RTX/LIB/GCC/libRTX_CM4.a(rt_cmsis.o)
                0x0000b374                svcThreadCreate
 .text.svcThreadGetId
                0x0000b3f0       0x18 C:/ProgramData/MATLAB/SupportPackages/R2020a/3P.instrset/cmsis.instrset/CMSIS/RTOS/RTX/LIB/GCC/libRTX_CM4.a(rt_cmsis.o)
                0x0000b3f0                svcThreadGetId
 .text.svcThreadTerminate
                0x0000b408       0x44 C:/ProgramData/MATLAB/SupportPackages/R2020a/3P.instrset/cmsis.instrset/CMSIS/RTOS/RTX/LIB/GCC/libRTX_CM4.a(rt_cmsis.o)
                0x0000b408                svcThreadTerminate
 .text.osThreadCreate
                0x0000b44c       0x9c C:/ProgramData/MATLAB/SupportPackages/R2020a/3P.instrset/cmsis.instrset/CMSIS/RTOS/RTX/LIB/GCC/libRTX_CM4.a(rt_cmsis.o)
                0x0000b44c                osThreadCreate
 .text.osThreadGetId
                0x0000b4e8       0x18 C:/ProgramData/MATLAB/SupportPackages/R2020a/3P.instrset/cmsis.instrset/CMSIS/RTOS/RTX/LIB/GCC/libRTX_CM4.a(rt_cmsis.o)
                0x0000b4e8                osThreadGetId
 .text.osThreadTerminate
                0x0000b500       0x18 C:/ProgramData/MATLAB/SupportPackages/R2020a/3P.instrset/cmsis.instrset/CMSIS/RTOS/RTX/LIB/GCC/libRTX_CM4.a(rt_cmsis.o)
                0x0000b500                osThreadTerminate
 .text.svcTimerCreate
                0x0000b518       0x3c C:/ProgramData/MATLAB/SupportPackages/R2020a/3P.instrset/cmsis.instrset/CMSIS/RTOS/RTX/LIB/GCC/libRTX_CM4.a(rt_cmsis.o)
                0x0000b518                svcTimerCreate
 .text.svcTimerStart
                0x0000b554       0xc8 C:/ProgramData/MATLAB/SupportPackages/R2020a/3P.instrset/cmsis.instrset/CMSIS/RTOS/RTX/LIB/GCC/libRTX_CM4.a(rt_cmsis.o)
                0x0000b554                svcTimerStart
 .text.svcTimerCall
                0x0000b61c       0x18 C:/ProgramData/MATLAB/SupportPackages/R2020a/3P.instrset/cmsis.instrset/CMSIS/RTOS/RTX/LIB/GCC/libRTX_CM4.a(rt_cmsis.o)
                0x0000b61c                svcTimerCall
 .text.sysTimerTick
                0x0000b634       0xb4 C:/ProgramData/MATLAB/SupportPackages/R2020a/3P.instrset/cmsis.instrset/CMSIS/RTOS/RTX/LIB/GCC/libRTX_CM4.a(rt_cmsis.o)
                0x0000b634                sysTimerTick
 .text.osTimerCreate
                0x0000b6e8       0x64 C:/ProgramData/MATLAB/SupportPackages/R2020a/3P.instrset/cmsis.instrset/CMSIS/RTOS/RTX/LIB/GCC/libRTX_CM4.a(rt_cmsis.o)
                0x0000b6e8                osTimerCreate
 .text.osTimerStart
                0x0000b74c       0x18 C:/ProgramData/MATLAB/SupportPackages/R2020a/3P.instrset/cmsis.instrset/CMSIS/RTOS/RTX/LIB/GCC/libRTX_CM4.a(rt_cmsis.o)
                0x0000b74c                osTimerStart
 .text.osTimerThread
                0x0000b764       0x40 C:/ProgramData/MATLAB/SupportPackages/R2020a/3P.instrset/cmsis.instrset/CMSIS/RTOS/RTX/LIB/GCC/libRTX_CM4.a(rt_cmsis.o)
                0x0000b764                osTimerThread
 .text.svcSignalSet
                0x0000b7a4       0x28 C:/ProgramData/MATLAB/SupportPackages/R2020a/3P.instrset/cmsis.instrset/CMSIS/RTOS/RTX/LIB/GCC/libRTX_CM4.a(rt_cmsis.o)
                0x0000b7a4                svcSignalSet
 .text.svcSignalClear
                0x0000b7cc       0x28 C:/ProgramData/MATLAB/SupportPackages/R2020a/3P.instrset/cmsis.instrset/CMSIS/RTOS/RTX/LIB/GCC/libRTX_CM4.a(rt_cmsis.o)
                0x0000b7cc                svcSignalClear
 .text.svcSignalWait
                0x0000b7f4       0xfc C:/ProgramData/MATLAB/SupportPackages/R2020a/3P.instrset/cmsis.instrset/CMSIS/RTOS/RTX/LIB/GCC/libRTX_CM4.a(rt_cmsis.o)
                0x0000b7f4                svcSignalWait
 .text.osSignalSet
                0x0000b8f0       0x40 C:/ProgramData/MATLAB/SupportPackages/R2020a/3P.instrset/cmsis.instrset/CMSIS/RTOS/RTX/LIB/GCC/libRTX_CM4.a(rt_cmsis.o)
                0x0000b8f0                osSignalSet
 .text.osSignalClear
                0x0000b930       0x1c C:/ProgramData/MATLAB/SupportPackages/R2020a/3P.instrset/cmsis.instrset/CMSIS/RTOS/RTX/LIB/GCC/libRTX_CM4.a(rt_cmsis.o)
                0x0000b930                osSignalClear
 .text.osSignalWait
                0x0000b94c       0x28 C:/ProgramData/MATLAB/SupportPackages/R2020a/3P.instrset/cmsis.instrset/CMSIS/RTOS/RTX/LIB/GCC/libRTX_CM4.a(rt_cmsis.o)
                0x0000b94c                osSignalWait
 .text.svcMessageGet
                0x0000b974       0xa8 C:/ProgramData/MATLAB/SupportPackages/R2020a/3P.instrset/cmsis.instrset/CMSIS/RTOS/RTX/LIB/GCC/libRTX_CM4.a(rt_cmsis.o)
                0x0000b974                svcMessageGet
 .text.rt_init_stack
                0x0000ba1c       0xa4 C:/ProgramData/MATLAB/SupportPackages/R2020a/3P.instrset/cmsis.instrset/CMSIS/RTOS/RTX/LIB/GCC/libRTX_CM4.a(hal_cm.o)
                0x0000ba1c                rt_init_stack
 .text.rt_ret_val
                0x0000bac0       0x14 C:/ProgramData/MATLAB/SupportPackages/R2020a/3P.instrset/cmsis.instrset/CMSIS/RTOS/RTX/LIB/GCC/libRTX_CM4.a(hal_cm.o)
                0x0000bac0                rt_ret_val
 .text.rt_ret_val2
                0x0000bad4       0x24 C:/ProgramData/MATLAB/SupportPackages/R2020a/3P.instrset/cmsis.instrset/CMSIS/RTOS/RTX/LIB/GCC/libRTX_CM4.a(hal_cm.o)
                0x0000bad4                rt_ret_val2
 .text.dbg_init
                0x0000baf8       0x34 C:/ProgramData/MATLAB/SupportPackages/R2020a/3P.instrset/cmsis.instrset/CMSIS/RTOS/RTX/LIB/GCC/libRTX_CM4.a(hal_cm.o)
                0x0000baf8                dbg_init
 .text.dbg_task_notify
                0x0000bb2c       0x2c C:/ProgramData/MATLAB/SupportPackages/R2020a/3P.instrset/cmsis.instrset/CMSIS/RTOS/RTX/LIB/GCC/libRTX_CM4.a(hal_cm.o)
                0x0000bb2c                dbg_task_notify
 .text.dbg_task_switch
                0x0000bb58       0x14 C:/ProgramData/MATLAB/SupportPackages/R2020a/3P.instrset/cmsis.instrset/CMSIS/RTOS/RTX/LIB/GCC/libRTX_CM4.a(hal_cm.o)
                0x0000bb58                dbg_task_switch
 .text.rt_init_mem
                0x0000bb6c       0x1c C:/ProgramData/MATLAB/SupportPackages/R2020a/3P.instrset/cmsis.instrset/CMSIS/RTOS/RTX/LIB/GCC/libRTX_CM4.a(rt_memory.o)
                0x0000bb6c                rt_init_mem
 .text.rt_alloc_mem
                0x0000bb88       0x50 C:/ProgramData/MATLAB/SupportPackages/R2020a/3P.instrset/cmsis.instrset/CMSIS/RTOS/RTX/LIB/GCC/libRTX_CM4.a(rt_memory.o)
                0x0000bb88                rt_alloc_mem
 .text.rt_free_mem
                0x0000bbd8       0x44 C:/ProgramData/MATLAB/SupportPackages/R2020a/3P.instrset/cmsis.instrset/CMSIS/RTOS/RTX/LIB/GCC/libRTX_CM4.a(rt_memory.o)
                0x0000bbd8                rt_free_mem
 .text._init_box
                0x0000bc1c       0x58 C:/ProgramData/MATLAB/SupportPackages/R2020a/3P.instrset/cmsis.instrset/CMSIS/RTOS/RTX/LIB/GCC/libRTX_CM4.a(rt_membox.o)
                0x0000bc1c                _init_box
 .text.rt_alloc_box
                0x0000bc74       0x1c C:/ProgramData/MATLAB/SupportPackages/R2020a/3P.instrset/cmsis.instrset/CMSIS/RTOS/RTX/LIB/GCC/libRTX_CM4.a(rt_membox.o)
                0x0000bc74                rt_alloc_box
 .text.rt_free_box
                0x0000bc90       0x28 C:/ProgramData/MATLAB/SupportPackages/R2020a/3P.instrset/cmsis.instrset/CMSIS/RTOS/RTX/LIB/GCC/libRTX_CM4.a(rt_membox.o)
                0x0000bc90                rt_free_box
 .text.rt_sem_psh
                0x0000bcb8       0x34 C:/ProgramData/MATLAB/SupportPackages/R2020a/3P.instrset/cmsis.instrset/CMSIS/RTOS/RTX/LIB/GCC/libRTX_CM4.a(rt_semaphore.o)
                0x0000bcb8                rt_sem_psh
 .text.rt_mbx_init
                0x0000bcec       0x1c C:/ProgramData/MATLAB/SupportPackages/R2020a/3P.instrset/cmsis.instrset/CMSIS/RTOS/RTX/LIB/GCC/libRTX_CM4.a(rt_mailbox.o)
                0x0000bcec                rt_mbx_init
 .text.rt_mbx_wait
                0x0000bd08       0xa8 C:/ProgramData/MATLAB/SupportPackages/R2020a/3P.instrset/cmsis.instrset/CMSIS/RTOS/RTX/LIB/GCC/libRTX_CM4.a(rt_mailbox.o)
                0x0000bd08                rt_mbx_wait
 .text.rt_mbx_check
                0x0000bdb0        0x8 C:/ProgramData/MATLAB/SupportPackages/R2020a/3P.instrset/cmsis.instrset/CMSIS/RTOS/RTX/LIB/GCC/libRTX_CM4.a(rt_mailbox.o)
                0x0000bdb0                rt_mbx_check
 .text.isr_mbx_send
                0x0000bdb8       0x10 C:/ProgramData/MATLAB/SupportPackages/R2020a/3P.instrset/cmsis.instrset/CMSIS/RTOS/RTX/LIB/GCC/libRTX_CM4.a(rt_mailbox.o)
                0x0000bdb8                isr_mbx_send
 .text.rt_mbx_psh
                0x0000bdc8       0xe4 C:/ProgramData/MATLAB/SupportPackages/R2020a/3P.instrset/cmsis.instrset/CMSIS/RTOS/RTX/LIB/GCC/libRTX_CM4.a(rt_mailbox.o)
                0x0000bdc8                rt_mbx_psh
 .text.rt_put_prio
                0x0000beac       0x50 C:/ProgramData/MATLAB/SupportPackages/R2020a/3P.instrset/cmsis.instrset/CMSIS/RTOS/RTX/LIB/GCC/libRTX_CM4.a(rt_list.o)
                0x0000beac                rt_put_prio
 .text.rt_get_first
                0x0000befc       0x28 C:/ProgramData/MATLAB/SupportPackages/R2020a/3P.instrset/cmsis.instrset/CMSIS/RTOS/RTX/LIB/GCC/libRTX_CM4.a(rt_list.o)
                0x0000befc                rt_get_first
 .text.rt_put_rdy_first
                0x0000bf24       0x14 C:/ProgramData/MATLAB/SupportPackages/R2020a/3P.instrset/cmsis.instrset/CMSIS/RTOS/RTX/LIB/GCC/libRTX_CM4.a(rt_list.o)
                0x0000bf24                rt_put_rdy_first
 .text.rt_resort_prio
                0x0000bf38       0x94 C:/ProgramData/MATLAB/SupportPackages/R2020a/3P.instrset/cmsis.instrset/CMSIS/RTOS/RTX/LIB/GCC/libRTX_CM4.a(rt_list.o)
                0x0000bf38                rt_resort_prio
 .text.rt_put_dly
                0x0000bfcc       0x60 C:/ProgramData/MATLAB/SupportPackages/R2020a/3P.instrset/cmsis.instrset/CMSIS/RTOS/RTX/LIB/GCC/libRTX_CM4.a(rt_list.o)
                0x0000bfcc                rt_put_dly
 .text.rt_dec_dly
                0x0000c02c       0xd8 C:/ProgramData/MATLAB/SupportPackages/R2020a/3P.instrset/cmsis.instrset/CMSIS/RTOS/RTX/LIB/GCC/libRTX_CM4.a(rt_list.o)
                0x0000c02c                rt_dec_dly
 .text.rt_rmv_list
                0x0000c104       0x2c C:/ProgramData/MATLAB/SupportPackages/R2020a/3P.instrset/cmsis.instrset/CMSIS/RTOS/RTX/LIB/GCC/libRTX_CM4.a(rt_list.o)
                0x0000c104                rt_rmv_list
 .text.rt_rmv_dly
                0x0000c130       0x2c C:/ProgramData/MATLAB/SupportPackages/R2020a/3P.instrset/cmsis.instrset/CMSIS/RTOS/RTX/LIB/GCC/libRTX_CM4.a(rt_list.o)
                0x0000c130                rt_rmv_dly
 .text.rt_psq_enq
                0x0000c15c       0x44 C:/ProgramData/MATLAB/SupportPackages/R2020a/3P.instrset/cmsis.instrset/CMSIS/RTOS/RTX/LIB/GCC/libRTX_CM4.a(rt_list.o)
                0x0000c15c                rt_psq_enq
 .text.rt_evt_wait
                0x0000c1a0       0x4c C:/ProgramData/MATLAB/SupportPackages/R2020a/3P.instrset/cmsis.instrset/CMSIS/RTOS/RTX/LIB/GCC/libRTX_CM4.a(rt_event.o)
                0x0000c1a0                rt_evt_wait
 .text.rt_evt_set
                0x0000c1ec       0x58 C:/ProgramData/MATLAB/SupportPackages/R2020a/3P.instrset/cmsis.instrset/CMSIS/RTOS/RTX/LIB/GCC/libRTX_CM4.a(rt_event.o)
                0x0000c1ec                rt_evt_set
 .text.rt_evt_clr
                0x0000c244       0x18 C:/ProgramData/MATLAB/SupportPackages/R2020a/3P.instrset/cmsis.instrset/CMSIS/RTOS/RTX/LIB/GCC/libRTX_CM4.a(rt_event.o)
                0x0000c244                rt_evt_clr
 .text.isr_evt_set
                0x0000c25c       0x24 C:/ProgramData/MATLAB/SupportPackages/R2020a/3P.instrset/cmsis.instrset/CMSIS/RTOS/RTX/LIB/GCC/libRTX_CM4.a(rt_event.o)
                0x0000c25c                isr_evt_set
 .text.rt_evt_psh
                0x0000c280       0x50 C:/ProgramData/MATLAB/SupportPackages/R2020a/3P.instrset/cmsis.instrset/CMSIS/RTOS/RTX/LIB/GCC/libRTX_CM4.a(rt_event.o)
                0x0000c280                rt_evt_psh
 .text.rt_psh_req
                0x0000c2d0       0x20 C:/ProgramData/MATLAB/SupportPackages/R2020a/3P.instrset/cmsis.instrset/CMSIS/RTOS/RTX/LIB/GCC/libRTX_CM4.a(rt_system.o)
                0x0000c2d0                rt_psh_req
 .text.rt_pop_req
                0x0000c2f0       0x78 C:/ProgramData/MATLAB/SupportPackages/R2020a/3P.instrset/cmsis.instrset/CMSIS/RTOS/RTX/LIB/GCC/libRTX_CM4.a(rt_system.o)
                0x0000c2f0                rt_pop_req
 .text.os_tick_init
                0x0000c368       0x40 C:/ProgramData/MATLAB/SupportPackages/R2020a/3P.instrset/cmsis.instrset/CMSIS/RTOS/RTX/LIB/GCC/libRTX_CM4.a(rt_system.o)
                0x0000c368                os_tick_init
 .text.os_tick_irqack
                0x0000c3a8        0x4 C:/ProgramData/MATLAB/SupportPackages/R2020a/3P.instrset/cmsis.instrset/CMSIS/RTOS/RTX/LIB/GCC/libRTX_CM4.a(rt_system.o)
                0x0000c3a8                os_tick_irqack
 .text.rt_systick
                0x0000c3ac       0x3c C:/ProgramData/MATLAB/SupportPackages/R2020a/3P.instrset/cmsis.instrset/CMSIS/RTOS/RTX/LIB/GCC/libRTX_CM4.a(rt_system.o)
                0x0000c3ac                rt_systick
 .text.rt_stk_check
                0x0000c3e8       0x24 C:/ProgramData/MATLAB/SupportPackages/R2020a/3P.instrset/cmsis.instrset/CMSIS/RTOS/RTX/LIB/GCC/libRTX_CM4.a(rt_system.o)
                0x0000c3e8                rt_stk_check
 .text.rt_switch_req
                0x0000c40c       0x24 C:/ProgramData/MATLAB/SupportPackages/R2020a/3P.instrset/cmsis.instrset/CMSIS/RTOS/RTX/LIB/GCC/libRTX_CM4.a(rt_task.o)
                0x0000c40c                rt_switch_req
 .text.rt_dispatch
                0x0000c430       0x7c C:/ProgramData/MATLAB/SupportPackages/R2020a/3P.instrset/cmsis.instrset/CMSIS/RTOS/RTX/LIB/GCC/libRTX_CM4.a(rt_task.o)
                0x0000c430                rt_dispatch
 .text.rt_block
                0x0000c4ac       0x50 C:/ProgramData/MATLAB/SupportPackages/R2020a/3P.instrset/cmsis.instrset/CMSIS/RTOS/RTX/LIB/GCC/libRTX_CM4.a(rt_task.o)
                0x0000c4ac                rt_block
 .text.rt_tsk_self
                0x0000c4fc       0x10 C:/ProgramData/MATLAB/SupportPackages/R2020a/3P.instrset/cmsis.instrset/CMSIS/RTOS/RTX/LIB/GCC/libRTX_CM4.a(rt_task.o)
                0x0000c4fc                rt_tsk_self
 .text.rt_tsk_prio
                0x0000c50c       0xf8 C:/ProgramData/MATLAB/SupportPackages/R2020a/3P.instrset/cmsis.instrset/CMSIS/RTOS/RTX/LIB/GCC/libRTX_CM4.a(rt_task.o)
                0x0000c50c                rt_tsk_prio
 .text.rt_tsk_create
                0x0000c604      0x110 C:/ProgramData/MATLAB/SupportPackages/R2020a/3P.instrset/cmsis.instrset/CMSIS/RTOS/RTX/LIB/GCC/libRTX_CM4.a(rt_task.o)
                0x0000c604                rt_tsk_create
 .text.rt_tsk_delete
                0x0000c714      0x1c4 C:/ProgramData/MATLAB/SupportPackages/R2020a/3P.instrset/cmsis.instrset/CMSIS/RTOS/RTX/LIB/GCC/libRTX_CM4.a(rt_task.o)
                0x0000c714                rt_tsk_delete
 .text.rt_sys_init
                0x0000c8d8       0xec C:/ProgramData/MATLAB/SupportPackages/R2020a/3P.instrset/cmsis.instrset/CMSIS/RTOS/RTX/LIB/GCC/libRTX_CM4.a(rt_task.o)
                0x0000c8d8                rt_sys_init
 .text.rt_sys_start
                0x0000c9c4       0x8c C:/ProgramData/MATLAB/SupportPackages/R2020a/3P.instrset/cmsis.instrset/CMSIS/RTOS/RTX/LIB/GCC/libRTX_CM4.a(rt_task.o)
                0x0000c9c4                rt_sys_start
 .text.OSA_TimeInit
                0x0000ca50       0x44 C:/ProgramData/MATLAB/SupportPackages/R2020a/toolbox/target/supportpackages/freedomk64f/src/ksdk_armgcc_lib/bm/libksdk_platform.a(fsl_os_abstraction_bm.o)
                0x0000ca50                OSA_TimeInit
 .text.OSA_TimeDiff
                0x0000ca94        0xe C:/ProgramData/MATLAB/SupportPackages/R2020a/toolbox/target/supportpackages/freedomk64f/src/ksdk_armgcc_lib/bm/libksdk_platform.a(fsl_os_abstraction_bm.o)
                0x0000ca94                OSA_TimeDiff
 *fill*         0x0000caa2        0x2 
 .text.OSA_SemaCreate
                0x0000caa4       0x2c C:/ProgramData/MATLAB/SupportPackages/R2020a/toolbox/target/supportpackages/freedomk64f/src/ksdk_armgcc_lib/bm/libksdk_platform.a(fsl_os_abstraction_bm.o)
                0x0000caa4                OSA_SemaCreate
 .text.OSA_SemaPost
                0x0000cad0       0x3c C:/ProgramData/MATLAB/SupportPackages/R2020a/toolbox/target/supportpackages/freedomk64f/src/ksdk_armgcc_lib/bm/libksdk_platform.a(fsl_os_abstraction_bm.o)
                0x0000cad0                OSA_SemaPost
 .text.task_init
                0x0000cb0c       0x38 C:/ProgramData/MATLAB/SupportPackages/R2020a/toolbox/target/supportpackages/freedomk64f/src/ksdk_armgcc_lib/bm/libksdk_platform.a(fsl_os_abstraction_bm.o)
                0x0000cb0c                task_init
 .text.OSA_TimeGetMsec
                0x0000cb44        0xc C:/ProgramData/MATLAB/SupportPackages/R2020a/toolbox/target/supportpackages/freedomk64f/src/ksdk_armgcc_lib/bm/libksdk_platform.a(fsl_os_abstraction_bm.o)
                0x0000cb44                OSA_TimeGetMsec
 .text.OSA_TimeDelay
                0x0000cb50       0x1c C:/ProgramData/MATLAB/SupportPackages/R2020a/toolbox/target/supportpackages/freedomk64f/src/ksdk_armgcc_lib/bm/libksdk_platform.a(fsl_os_abstraction_bm.o)
                0x0000cb50                OSA_TimeDelay
 .text.OSA_Init
                0x0000cb6c        0xe C:/ProgramData/MATLAB/SupportPackages/R2020a/toolbox/target/supportpackages/freedomk64f/src/ksdk_armgcc_lib/bm/libksdk_platform.a(fsl_os_abstraction_bm.o)
                0x0000cb6c                OSA_Init
 *fill*         0x0000cb7a        0x2 
 .text.CLOCK_SYS_SetMcgPeeToFbe
                0x0000cb7c       0x34 C:/ProgramData/MATLAB/SupportPackages/R2020a/toolbox/target/supportpackages/freedomk64f/src/ksdk_armgcc_lib/bm/libksdk_platform.a(fsl_clock_manager.o)
 .text.CLOCK_SYS_SetMcgMode
                0x0000cbb0      0x124 C:/ProgramData/MATLAB/SupportPackages/R2020a/toolbox/target/supportpackages/freedomk64f/src/ksdk_armgcc_lib/bm/libksdk_platform.a(fsl_clock_manager.o)
                0x0000cbb0                CLOCK_SYS_SetMcgMode
 .text.CLOCK_SYS_SetOscerConfigration
                0x0000ccd4       0x1c C:/ProgramData/MATLAB/SupportPackages/R2020a/toolbox/target/supportpackages/freedomk64f/src/ksdk_armgcc_lib/bm/libksdk_platform.a(fsl_clock_manager.o)
                0x0000ccd4                CLOCK_SYS_SetOscerConfigration
 .text.CLOCK_SYS_OscInit
                0x0000ccf0       0x9c C:/ProgramData/MATLAB/SupportPackages/R2020a/toolbox/target/supportpackages/freedomk64f/src/ksdk_armgcc_lib/bm/libksdk_platform.a(fsl_clock_manager.o)
                0x0000ccf0                CLOCK_SYS_OscInit
 .text.CLOCK_SYS_RtcOscInit
                0x0000cd8c       0x68 C:/ProgramData/MATLAB/SupportPackages/R2020a/toolbox/target/supportpackages/freedomk64f/src/ksdk_armgcc_lib/bm/libksdk_platform.a(fsl_clock_manager.o)
                0x0000cd8c                CLOCK_SYS_RtcOscInit
 .text.SIM_HAL_EnableClock.constprop.10
                0x0000cdf4       0x1c C:/ProgramData/MATLAB/SupportPackages/R2020a/toolbox/target/supportpackages/freedomk64f/src/ksdk_armgcc_lib/bm/libksdk_platform.a(fsl_clock_MK64F12.o)
 .text.CLOCK_SYS_GetCoreClockFreq
                0x0000ce10       0x24 C:/ProgramData/MATLAB/SupportPackages/R2020a/toolbox/target/supportpackages/freedomk64f/src/ksdk_armgcc_lib/bm/libksdk_platform.a(fsl_clock_MK64F12.o)
                0x0000ce10                CLOCK_SYS_GetCoreClockFreq
 .text.CLOCK_SYS_SetConfiguration
                0x0000ce34       0x94 C:/ProgramData/MATLAB/SupportPackages/R2020a/toolbox/target/supportpackages/freedomk64f/src/ksdk_armgcc_lib/bm/libksdk_platform.a(fsl_clock_MK64F12.o)
                0x0000ce34                CLOCK_SYS_SetConfiguration
 .text.CLOCK_SYS_FllStableDelay
                0x0000cec8       0x1a C:/ProgramData/MATLAB/SupportPackages/R2020a/toolbox/target/supportpackages/freedomk64f/src/ksdk_armgcc_lib/bm/libksdk_platform.a(fsl_clock_MK64F12.o)
 *fill*         0x0000cee2        0x2 
 .text.CLOCK_SYS_GetBusClockFreq
                0x0000cee4       0x24 C:/ProgramData/MATLAB/SupportPackages/R2020a/toolbox/target/supportpackages/freedomk64f/src/ksdk_armgcc_lib/bm/libksdk_platform.a(fsl_clock_MK64F12.o)
                0x0000cee4                CLOCK_SYS_GetBusClockFreq
 .text.CLOCK_SYS_GetUartFreq
                0x0000cf08       0x1a C:/ProgramData/MATLAB/SupportPackages/R2020a/toolbox/target/supportpackages/freedomk64f/src/ksdk_armgcc_lib/bm/libksdk_platform.a(fsl_clock_MK64F12.o)
                0x0000cf08                CLOCK_SYS_GetUartFreq
 *fill*         0x0000cf22        0x2 
 .text.CLOCK_SYS_GetFtmExternalFreq
                0x0000cf24       0x20 C:/ProgramData/MATLAB/SupportPackages/R2020a/toolbox/target/supportpackages/freedomk64f/src/ksdk_armgcc_lib/bm/libksdk_platform.a(fsl_clock_MK64F12.o)
                0x0000cf24                CLOCK_SYS_GetFtmExternalFreq
 .text.CLOCK_SYS_EnablePortClock
                0x0000cf44       0x30 C:/ProgramData/MATLAB/SupportPackages/R2020a/toolbox/target/supportpackages/freedomk64f/src/ksdk_armgcc_lib/bm/libksdk_platform.a(fsl_clock_MK64F12.o)
                0x0000cf44                CLOCK_SYS_EnablePortClock
 .text.CLOCK_SYS_EnableAdcClock
                0x0000cf74       0x30 C:/ProgramData/MATLAB/SupportPackages/R2020a/toolbox/target/supportpackages/freedomk64f/src/ksdk_armgcc_lib/bm/libksdk_platform.a(fsl_clock_MK64F12.o)
                0x0000cf74                CLOCK_SYS_EnableAdcClock
 .text.CLOCK_SYS_EnableFtmClock
                0x0000cfa4       0x30 C:/ProgramData/MATLAB/SupportPackages/R2020a/toolbox/target/supportpackages/freedomk64f/src/ksdk_armgcc_lib/bm/libksdk_platform.a(fsl_clock_MK64F12.o)
                0x0000cfa4                CLOCK_SYS_EnableFtmClock
 .text.CLOCK_SYS_EnableI2cClock
                0x0000cfd4       0x30 C:/ProgramData/MATLAB/SupportPackages/R2020a/toolbox/target/supportpackages/freedomk64f/src/ksdk_armgcc_lib/bm/libksdk_platform.a(fsl_clock_MK64F12.o)
                0x0000cfd4                CLOCK_SYS_EnableI2cClock
 .text.CLOCK_SYS_EnableUartClock
                0x0000d004       0x30 C:/ProgramData/MATLAB/SupportPackages/R2020a/toolbox/target/supportpackages/freedomk64f/src/ksdk_armgcc_lib/bm/libksdk_platform.a(fsl_clock_MK64F12.o)
                0x0000d004                CLOCK_SYS_EnableUartClock
 .text.INT_SYS_EnableIRQGlobal
                0x0000d034       0x14 C:/ProgramData/MATLAB/SupportPackages/R2020a/toolbox/target/supportpackages/freedomk64f/src/ksdk_armgcc_lib/bm/libksdk_platform.a(fsl_interrupt_manager.o)
                0x0000d034                INT_SYS_EnableIRQGlobal
 .text.INT_SYS_DisableIRQGlobal
                0x0000d048       0x10 C:/ProgramData/MATLAB/SupportPackages/R2020a/toolbox/target/supportpackages/freedomk64f/src/ksdk_armgcc_lib/bm/libksdk_platform.a(fsl_interrupt_manager.o)
                0x0000d048                INT_SYS_DisableIRQGlobal
 .text.unlikely.ADC16_HAL_GetChnConvCompletedFlag.part.0
                0x0000d058       0x1c C:/ProgramData/MATLAB/SupportPackages/R2020a/toolbox/target/supportpackages/freedomk64f/src/ksdk_armgcc_lib/bm/libksdk_platform.a(fsl_adc16_driver.o)
 .text.ADC16_DRV_StructInitUserConfigDefault
                0x0000d074       0x24 C:/ProgramData/MATLAB/SupportPackages/R2020a/toolbox/target/supportpackages/freedomk64f/src/ksdk_armgcc_lib/bm/libksdk_platform.a(fsl_adc16_driver.o)
                0x0000d074                ADC16_DRV_StructInitUserConfigDefault
 .text.ADC16_DRV_Init
                0x0000d098       0x90 C:/ProgramData/MATLAB/SupportPackages/R2020a/toolbox/target/supportpackages/freedomk64f/src/ksdk_armgcc_lib/bm/libksdk_platform.a(fsl_adc16_driver.o)
                0x0000d098                ADC16_DRV_Init
 .text.ADC16_DRV_SetChnMux
                0x0000d128       0x40 C:/ProgramData/MATLAB/SupportPackages/R2020a/toolbox/target/supportpackages/freedomk64f/src/ksdk_armgcc_lib/bm/libksdk_platform.a(fsl_adc16_driver.o)
                0x0000d128                ADC16_DRV_SetChnMux
 .text.ADC16_DRV_ConfigConvChn
                0x0000d168       0x38 C:/ProgramData/MATLAB/SupportPackages/R2020a/toolbox/target/supportpackages/freedomk64f/src/ksdk_armgcc_lib/bm/libksdk_platform.a(fsl_adc16_driver.o)
                0x0000d168                ADC16_DRV_ConfigConvChn
 .text.ADC16_DRV_WaitConvDone
                0x0000d1a0       0x48 C:/ProgramData/MATLAB/SupportPackages/R2020a/toolbox/target/supportpackages/freedomk64f/src/ksdk_armgcc_lib/bm/libksdk_platform.a(fsl_adc16_driver.o)
                0x0000d1a0                ADC16_DRV_WaitConvDone
 .text.ADC16_DRV_GetConvValueRAW
                0x0000d1e8       0x50 C:/ProgramData/MATLAB/SupportPackages/R2020a/toolbox/target/supportpackages/freedomk64f/src/ksdk_armgcc_lib/bm/libksdk_platform.a(fsl_adc16_driver.o)
                0x0000d1e8                ADC16_DRV_GetConvValueRAW
 .text.EDMA_HAL_SetErrorIntCmd
                0x0000d238        0xa C:/ProgramData/MATLAB/SupportPackages/R2020a/toolbox/target/supportpackages/freedomk64f/src/ksdk_armgcc_lib/bm/libksdk_platform.a(fsl_edma_hal.o)
                0x0000d238                EDMA_HAL_SetErrorIntCmd
 .text.EDMA_HAL_SetDmaRequestCmd
                0x0000d242        0xa C:/ProgramData/MATLAB/SupportPackages/R2020a/toolbox/target/supportpackages/freedomk64f/src/ksdk_armgcc_lib/bm/libksdk_platform.a(fsl_edma_hal.o)
                0x0000d242                EDMA_HAL_SetDmaRequestCmd
 .text.EDMA_HAL_HTCDClearReg
                0x0000d24c       0x4a C:/ProgramData/MATLAB/SupportPackages/R2020a/toolbox/target/supportpackages/freedomk64f/src/ksdk_armgcc_lib/bm/libksdk_platform.a(fsl_edma_hal.o)
                0x0000d24c                EDMA_HAL_HTCDClearReg
 .text.EDMA_HAL_Init
                0x0000d296       0x28 C:/ProgramData/MATLAB/SupportPackages/R2020a/toolbox/target/supportpackages/freedomk64f/src/ksdk_armgcc_lib/bm/libksdk_platform.a(fsl_edma_hal.o)
                0x0000d296                EDMA_HAL_Init
 *fill*         0x0000d2be        0x2 
 .text.EDMA_HAL_HTCDSetAttribute
                0x0000d2c0       0x48 C:/ProgramData/MATLAB/SupportPackages/R2020a/toolbox/target/supportpackages/freedomk64f/src/ksdk_armgcc_lib/bm/libksdk_platform.a(fsl_edma_hal.o)
                0x0000d2c0                EDMA_HAL_HTCDSetAttribute
 .text.EDMA_HAL_HTCDSetNbytes
                0x0000d308       0x70 C:/ProgramData/MATLAB/SupportPackages/R2020a/toolbox/target/supportpackages/freedomk64f/src/ksdk_armgcc_lib/bm/libksdk_platform.a(fsl_edma_hal.o)
                0x0000d308                EDMA_HAL_HTCDSetNbytes
 .text.EDMA_HAL_HTCDGetNbytes
                0x0000d378       0x60 C:/ProgramData/MATLAB/SupportPackages/R2020a/toolbox/target/supportpackages/freedomk64f/src/ksdk_armgcc_lib/bm/libksdk_platform.a(fsl_edma_hal.o)
                0x0000d378                EDMA_HAL_HTCDGetNbytes
 .text.EDMA_HAL_HTCDSetChannelMinorLink
                0x0000d3d8       0x74 C:/ProgramData/MATLAB/SupportPackages/R2020a/toolbox/target/supportpackages/freedomk64f/src/ksdk_armgcc_lib/bm/libksdk_platform.a(fsl_edma_hal.o)
                0x0000d3d8                EDMA_HAL_HTCDSetChannelMinorLink
 .text.EDMA_HAL_HTCDSetMajorCount
                0x0000d44c       0x68 C:/ProgramData/MATLAB/SupportPackages/R2020a/toolbox/target/supportpackages/freedomk64f/src/ksdk_armgcc_lib/bm/libksdk_platform.a(fsl_edma_hal.o)
                0x0000d44c                EDMA_HAL_HTCDSetMajorCount
 .text.EDMA_HAL_HTCDGetUnfinishedBytes
                0x0000d4b4       0x54 C:/ProgramData/MATLAB/SupportPackages/R2020a/toolbox/target/supportpackages/freedomk64f/src/ksdk_armgcc_lib/bm/libksdk_platform.a(fsl_edma_hal.o)
                0x0000d4b4                EDMA_HAL_HTCDGetUnfinishedBytes
 .text.INT_SYS_EnableIRQ
                0x0000d508       0x48 C:/ProgramData/MATLAB/SupportPackages/R2020a/toolbox/target/supportpackages/freedomk64f/src/ksdk_armgcc_lib/bm/libksdk_platform.a(fsl_edma_driver.o)
 .text.EDMA_DRV_ClaimChannel
                0x0000d550       0x6c C:/ProgramData/MATLAB/SupportPackages/R2020a/toolbox/target/supportpackages/freedomk64f/src/ksdk_armgcc_lib/bm/libksdk_platform.a(fsl_edma_driver.o)
 .text.EDMA_DRV_Init
                0x0000d5bc       0x7c C:/ProgramData/MATLAB/SupportPackages/R2020a/toolbox/target/supportpackages/freedomk64f/src/ksdk_armgcc_lib/bm/libksdk_platform.a(fsl_edma_driver.o)
                0x0000d5bc                EDMA_DRV_Init
 .text.EDMA_DRV_InstallCallback
                0x0000d638        0x8 C:/ProgramData/MATLAB/SupportPackages/R2020a/toolbox/target/supportpackages/freedomk64f/src/ksdk_armgcc_lib/bm/libksdk_platform.a(fsl_edma_driver.o)
                0x0000d638                EDMA_DRV_InstallCallback
 .text.EDMA_DRV_RequestChannel
                0x0000d640       0x70 C:/ProgramData/MATLAB/SupportPackages/R2020a/toolbox/target/supportpackages/freedomk64f/src/ksdk_armgcc_lib/bm/libksdk_platform.a(fsl_edma_driver.o)
                0x0000d640                EDMA_DRV_RequestChannel
 .text.EDMA_DRV_IRQHandler
                0x0000d6b0       0x30 C:/ProgramData/MATLAB/SupportPackages/R2020a/toolbox/target/supportpackages/freedomk64f/src/ksdk_armgcc_lib/bm/libksdk_platform.a(fsl_edma_driver.o)
                0x0000d6b0                EDMA_DRV_IRQHandler
 .text.EDMA_DRV_ErrorIRQHandler
                0x0000d6e0       0x88 C:/ProgramData/MATLAB/SupportPackages/R2020a/toolbox/target/supportpackages/freedomk64f/src/ksdk_armgcc_lib/bm/libksdk_platform.a(fsl_edma_driver.o)
                0x0000d6e0                EDMA_DRV_ErrorIRQHandler
 .text.FTM_HAL_SetClockSource
                0x0000d768       0x12 C:/ProgramData/MATLAB/SupportPackages/R2020a/toolbox/target/supportpackages/freedomk64f/src/ksdk_armgcc_lib/bm/libksdk_platform.a(fsl_ftm_driver.o)
 *fill*         0x0000d77a        0x2 
 .text.unlikely.FTM_HAL_SetChnCountVal.part.2
                0x0000d77c       0x1c C:/ProgramData/MATLAB/SupportPackages/R2020a/toolbox/target/supportpackages/freedomk64f/src/ksdk_armgcc_lib/bm/libksdk_platform.a(fsl_ftm_driver.o)
 .text.FTM_DRV_Init
                0x0000d798      0x108 C:/ProgramData/MATLAB/SupportPackages/R2020a/toolbox/target/supportpackages/freedomk64f/src/ksdk_armgcc_lib/bm/libksdk_platform.a(fsl_ftm_driver.o)
                0x0000d798                FTM_DRV_Init
 .text.FTM_DRV_SetClock
                0x0000d8a0       0x54 C:/ProgramData/MATLAB/SupportPackages/R2020a/toolbox/target/supportpackages/freedomk64f/src/ksdk_armgcc_lib/bm/libksdk_platform.a(fsl_ftm_driver.o)
                0x0000d8a0                FTM_DRV_SetClock
 .text.FTM_DRV_GetClock
                0x0000d8f4       0x68 C:/ProgramData/MATLAB/SupportPackages/R2020a/toolbox/target/supportpackages/freedomk64f/src/ksdk_armgcc_lib/bm/libksdk_platform.a(fsl_ftm_driver.o)
                0x0000d8f4                FTM_DRV_GetClock
 .text.FTM_DRV_PwmStart
                0x0000d95c      0x1c8 C:/ProgramData/MATLAB/SupportPackages/R2020a/toolbox/target/supportpackages/freedomk64f/src/ksdk_armgcc_lib/bm/libksdk_platform.a(fsl_ftm_driver.o)
                0x0000d95c                FTM_DRV_PwmStart
 .text.unlikely.PORT_HAL_SetMuxMode.part.0
                0x0000db24       0x1c C:/ProgramData/MATLAB/SupportPackages/R2020a/toolbox/target/supportpackages/freedomk64f/src/ksdk_armgcc_lib/bm/libksdk_platform.a(fsl_gpio_driver.o)
 .text.GPIO_DRV_InputPinInit
                0x0000db40       0xe0 C:/ProgramData/MATLAB/SupportPackages/R2020a/toolbox/target/supportpackages/freedomk64f/src/ksdk_armgcc_lib/bm/libksdk_platform.a(fsl_gpio_driver.o)
                0x0000db40                GPIO_DRV_InputPinInit
 .text.GPIO_DRV_OutputPinInit
                0x0000dc20       0x70 C:/ProgramData/MATLAB/SupportPackages/R2020a/toolbox/target/supportpackages/freedomk64f/src/ksdk_armgcc_lib/bm/libksdk_platform.a(fsl_gpio_driver.o)
                0x0000dc20                GPIO_DRV_OutputPinInit
 .text.GPIO_DRV_WritePinOutput
                0x0000dc90       0x1c C:/ProgramData/MATLAB/SupportPackages/R2020a/toolbox/target/supportpackages/freedomk64f/src/ksdk_armgcc_lib/bm/libksdk_platform.a(fsl_gpio_driver.o)
                0x0000dc90                GPIO_DRV_WritePinOutput
 .text.GPIO_DRV_ReadPinInput
                0x0000dcac       0x3c C:/ProgramData/MATLAB/SupportPackages/R2020a/toolbox/target/supportpackages/freedomk64f/src/ksdk_armgcc_lib/bm/libksdk_platform.a(fsl_gpio_driver.o)
                0x0000dcac                GPIO_DRV_ReadPinInput
 .text.I2C_HAL_Init
                0x0000dce8       0x1c C:/ProgramData/MATLAB/SupportPackages/R2020a/toolbox/target/supportpackages/freedomk64f/src/ksdk_armgcc_lib/bm/libksdk_platform.a(fsl_i2c_hal.o)
                0x0000dce8                I2C_HAL_Init
 .text.I2C_HAL_SetBaudRate
                0x0000dd04       0x70 C:/ProgramData/MATLAB/SupportPackages/R2020a/toolbox/target/supportpackages/freedomk64f/src/ksdk_armgcc_lib/bm/libksdk_platform.a(fsl_i2c_hal.o)
                0x0000dd04                I2C_HAL_SetBaudRate
 .text.I2C_HAL_SendStart
                0x0000dd74       0x1c C:/ProgramData/MATLAB/SupportPackages/R2020a/toolbox/target/supportpackages/freedomk64f/src/ksdk_armgcc_lib/bm/libksdk_platform.a(fsl_i2c_hal.o)
                0x0000dd74                I2C_HAL_SendStart
 .text.I2C_HAL_SendStop
                0x0000dd90       0x4c C:/ProgramData/MATLAB/SupportPackages/R2020a/toolbox/target/supportpackages/freedomk64f/src/ksdk_armgcc_lib/bm/libksdk_platform.a(fsl_i2c_hal.o)
                0x0000dd90                I2C_HAL_SendStop
 .text.LPTMR_HAL_SetTimerWorkingMode
                0x0000dddc       0x3c C:/ProgramData/MATLAB/SupportPackages/R2020a/toolbox/target/supportpackages/freedomk64f/src/ksdk_armgcc_lib/bm/libksdk_platform.a(fsl_lptmr_hal.o)
                0x0000dddc                LPTMR_HAL_SetTimerWorkingMode
 .text.LPTMR_HAL_SetPrescalerMode
                0x0000de18       0x1a C:/ProgramData/MATLAB/SupportPackages/R2020a/toolbox/target/supportpackages/freedomk64f/src/ksdk_armgcc_lib/bm/libksdk_platform.a(fsl_lptmr_hal.o)
                0x0000de18                LPTMR_HAL_SetPrescalerMode
 .text.LPTMR_HAL_GetCounterValue
                0x0000de32        0xe C:/ProgramData/MATLAB/SupportPackages/R2020a/toolbox/target/supportpackages/freedomk64f/src/ksdk_armgcc_lib/bm/libksdk_platform.a(fsl_lptmr_hal.o)
                0x0000de32                LPTMR_HAL_GetCounterValue
 .text.CLOCK_HAL_TestOscFreq
                0x0000de40       0x28 C:/ProgramData/MATLAB/SupportPackages/R2020a/toolbox/target/supportpackages/freedomk64f/src/ksdk_armgcc_lib/bm/libksdk_platform.a(fsl_mcg_hal.o)
                0x0000de40                CLOCK_HAL_TestOscFreq
 .text.CLOCK_HAL_GetMcgExternalClkFreq
                0x0000de68        0xa C:/ProgramData/MATLAB/SupportPackages/R2020a/toolbox/target/supportpackages/freedomk64f/src/ksdk_armgcc_lib/bm/libksdk_platform.a(fsl_mcg_hal.o)
 .text.CLOCK_HAL_TestFllExternalRefFreq
                0x0000de72       0x32 C:/ProgramData/MATLAB/SupportPackages/R2020a/toolbox/target/supportpackages/freedomk64f/src/ksdk_armgcc_lib/bm/libksdk_platform.a(fsl_mcg_hal.o)
                0x0000de72                CLOCK_HAL_TestFllExternalRefFreq
 .text.CLOCK_HAL_GetFllRefClk
                0x0000dea4       0x3c C:/ProgramData/MATLAB/SupportPackages/R2020a/toolbox/target/supportpackages/freedomk64f/src/ksdk_armgcc_lib/bm/libksdk_platform.a(fsl_mcg_hal.o)
                0x0000dea4                CLOCK_HAL_GetFllRefClk
 .text.CLOCK_HAL_TestFllFreq
                0x0000dee0       0x34 C:/ProgramData/MATLAB/SupportPackages/R2020a/toolbox/target/supportpackages/freedomk64f/src/ksdk_armgcc_lib/bm/libksdk_platform.a(fsl_mcg_hal.o)
                0x0000dee0                CLOCK_HAL_TestFllFreq
 .text.CLOCK_HAL_GetFllClk
                0x0000df14       0x36 C:/ProgramData/MATLAB/SupportPackages/R2020a/toolbox/target/supportpackages/freedomk64f/src/ksdk_armgcc_lib/bm/libksdk_platform.a(fsl_mcg_hal.o)
                0x0000df14                CLOCK_HAL_GetFllClk
 .text.CLOCK_HAL_UpdateFastClkInternalRefDiv
                0x0000df4a       0x52 C:/ProgramData/MATLAB/SupportPackages/R2020a/toolbox/target/supportpackages/freedomk64f/src/ksdk_armgcc_lib/bm/libksdk_platform.a(fsl_mcg_hal.o)
                0x0000df4a                CLOCK_HAL_UpdateFastClkInternalRefDiv
 .text.CLOCK_HAL_GetPll0Clk
                0x0000df9c       0x3e C:/ProgramData/MATLAB/SupportPackages/R2020a/toolbox/target/supportpackages/freedomk64f/src/ksdk_armgcc_lib/bm/libksdk_platform.a(fsl_mcg_hal.o)
                0x0000df9c                CLOCK_HAL_GetPll0Clk
 .text.CLOCK_HAL_EnablePll0InFllMode
                0x0000dfda       0x38 C:/ProgramData/MATLAB/SupportPackages/R2020a/toolbox/target/supportpackages/freedomk64f/src/ksdk_armgcc_lib/bm/libksdk_platform.a(fsl_mcg_hal.o)
                0x0000dfda                CLOCK_HAL_EnablePll0InFllMode
 *fill*         0x0000e012        0x2 
 .text.CLOCK_HAL_GetInternalRefClk
                0x0000e014       0x3c C:/ProgramData/MATLAB/SupportPackages/R2020a/toolbox/target/supportpackages/freedomk64f/src/ksdk_armgcc_lib/bm/libksdk_platform.a(fsl_mcg_hal.o)
                0x0000e014                CLOCK_HAL_GetInternalRefClk
 .text.CLOCK_HAL_GetOutClk
                0x0000e050       0x22 C:/ProgramData/MATLAB/SupportPackages/R2020a/toolbox/target/supportpackages/freedomk64f/src/ksdk_armgcc_lib/bm/libksdk_platform.a(fsl_mcg_hal.o)
                0x0000e050                CLOCK_HAL_GetOutClk
 .text.CLOCK_HAL_GetFixedFreqClk
                0x0000e072       0x20 C:/ProgramData/MATLAB/SupportPackages/R2020a/toolbox/target/supportpackages/freedomk64f/src/ksdk_armgcc_lib/bm/libksdk_platform.a(fsl_mcg_hal.o)
                0x0000e072                CLOCK_HAL_GetFixedFreqClk
 .text.CLOCK_HAL_SetOsc0Mode
                0x0000e092       0x24 C:/ProgramData/MATLAB/SupportPackages/R2020a/toolbox/target/supportpackages/freedomk64f/src/ksdk_armgcc_lib/bm/libksdk_platform.a(fsl_mcg_hal.o)
                0x0000e092                CLOCK_HAL_SetOsc0Mode
 .text.CLOCK_HAL_PrepareOsc
                0x0000e0b6       0x2c C:/ProgramData/MATLAB/SupportPackages/R2020a/toolbox/target/supportpackages/freedomk64f/src/ksdk_armgcc_lib/bm/libksdk_platform.a(fsl_mcg_hal_modes.o)
 .text.CLOCK_HAL_GetMcgMode
                0x0000e0e2       0x72 C:/ProgramData/MATLAB/SupportPackages/R2020a/toolbox/target/supportpackages/freedomk64f/src/ksdk_armgcc_lib/bm/libksdk_platform.a(fsl_mcg_hal_modes.o)
                0x0000e0e2                CLOCK_HAL_GetMcgMode
 .text.CLOCK_HAL_SetFbiMode
                0x0000e154       0xb8 C:/ProgramData/MATLAB/SupportPackages/R2020a/toolbox/target/supportpackages/freedomk64f/src/ksdk_armgcc_lib/bm/libksdk_platform.a(fsl_mcg_hal_modes.o)
                0x0000e154                CLOCK_HAL_SetFbiMode
 .text.CLOCK_HAL_SetFbeMode
                0x0000e20c       0xea C:/ProgramData/MATLAB/SupportPackages/R2020a/toolbox/target/supportpackages/freedomk64f/src/ksdk_armgcc_lib/bm/libksdk_platform.a(fsl_mcg_hal_modes.o)
                0x0000e20c                CLOCK_HAL_SetFbeMode
 *fill*         0x0000e2f6        0x2 
 .text.CLOCK_HAL_SetPbeMode
                0x0000e2f8       0xd0 C:/ProgramData/MATLAB/SupportPackages/R2020a/toolbox/target/supportpackages/freedomk64f/src/ksdk_armgcc_lib/bm/libksdk_platform.a(fsl_mcg_hal_modes.o)
                0x0000e2f8                CLOCK_HAL_SetPbeMode
 .text.OSC_HAL_SetCapacitor
                0x0000e3c8        0xe C:/ProgramData/MATLAB/SupportPackages/R2020a/toolbox/target/supportpackages/freedomk64f/src/ksdk_armgcc_lib/bm/libksdk_platform.a(fsl_osc_hal.o)
                0x0000e3c8                OSC_HAL_SetCapacitor
 .text.CLOCK_HAL_SetOutDiv
                0x0000e3d6       0x28 C:/ProgramData/MATLAB/SupportPackages/R2020a/toolbox/target/supportpackages/freedomk64f/src/ksdk_armgcc_lib/bm/libksdk_platform.a(fsl_sim_hal_MK64F12.o)
                0x0000e3d6                CLOCK_HAL_SetOutDiv
 *fill*         0x0000e3fe        0x2 
 .text.SIM_HAL_GetFtmExternalClkPinMode
                0x0000e400       0x50 C:/ProgramData/MATLAB/SupportPackages/R2020a/toolbox/target/supportpackages/freedomk64f/src/ksdk_armgcc_lib/bm/libksdk_platform.a(fsl_sim_hal_MK64F12.o)
                0x0000e400                SIM_HAL_GetFtmExternalClkPinMode
 .text.UART_DRV_CompleteSendData
                0x0000e450       0x54 C:/ProgramData/MATLAB/SupportPackages/R2020a/toolbox/target/supportpackages/freedomk64f/src/ksdk_armgcc_lib/bm/libksdk_platform.a(fsl_uart_driver.o)
 .text.UART_DRV_CompleteReceiveData
                0x0000e4a4       0x5c C:/ProgramData/MATLAB/SupportPackages/R2020a/toolbox/target/supportpackages/freedomk64f/src/ksdk_armgcc_lib/bm/libksdk_platform.a(fsl_uart_driver.o)
 .text.UART_DRV_IRQHandler
                0x0000e500       0xdc C:/ProgramData/MATLAB/SupportPackages/R2020a/toolbox/target/supportpackages/freedomk64f/src/ksdk_armgcc_lib/bm/libksdk_platform.a(fsl_uart_driver.o)
                0x0000e500                UART_DRV_IRQHandler
 .text.EDMA_HAL_HTCDSetIntCmd
                0x0000e5dc       0x14 C:/ProgramData/MATLAB/SupportPackages/R2020a/toolbox/target/supportpackages/freedomk64f/src/ksdk_armgcc_lib/bm/libksdk_platform.a(fsl_uart_edma_driver.o)
 .text.UART_DRV_EdmaCompleteSendData
                0x0000e5f0       0x60 C:/ProgramData/MATLAB/SupportPackages/R2020a/toolbox/target/supportpackages/freedomk64f/src/ksdk_armgcc_lib/bm/libksdk_platform.a(fsl_uart_edma_driver.o)
 .text.UART_DRV_EdmaTxCallback
                0x0000e650        0x4 C:/ProgramData/MATLAB/SupportPackages/R2020a/toolbox/target/supportpackages/freedomk64f/src/ksdk_armgcc_lib/bm/libksdk_platform.a(fsl_uart_edma_driver.o)
 .text.UART_DRV_EdmaCompleteReceiveData
                0x0000e654       0x64 C:/ProgramData/MATLAB/SupportPackages/R2020a/toolbox/target/supportpackages/freedomk64f/src/ksdk_armgcc_lib/bm/libksdk_platform.a(fsl_uart_edma_driver.o)
 .text.UART_DRV_EdmaRxCallback
                0x0000e6b8        0x4 C:/ProgramData/MATLAB/SupportPackages/R2020a/toolbox/target/supportpackages/freedomk64f/src/ksdk_armgcc_lib/bm/libksdk_platform.a(fsl_uart_edma_driver.o)
 .text.UART_DRV_EdmaStartSendData
                0x0000e6bc       0x70 C:/ProgramData/MATLAB/SupportPackages/R2020a/toolbox/target/supportpackages/freedomk64f/src/ksdk_armgcc_lib/bm/libksdk_platform.a(fsl_uart_edma_driver.o)
 .text.UART_DRV_EdmaInit
                0x0000e72c      0x23c C:/ProgramData/MATLAB/SupportPackages/R2020a/toolbox/target/supportpackages/freedomk64f/src/ksdk_armgcc_lib/bm/libksdk_platform.a(fsl_uart_edma_driver.o)
                0x0000e72c                UART_DRV_EdmaInit
 .text.UART_DRV_EdmaSendData
                0x0000e968       0x48 C:/ProgramData/MATLAB/SupportPackages/R2020a/toolbox/target/supportpackages/freedomk64f/src/ksdk_armgcc_lib/bm/libksdk_platform.a(fsl_uart_edma_driver.o)
                0x0000e968                UART_DRV_EdmaSendData
 .text.UART_DRV_EdmaGetTransmitStatus
                0x0000e9b0       0x58 C:/ProgramData/MATLAB/SupportPackages/R2020a/toolbox/target/supportpackages/freedomk64f/src/ksdk_armgcc_lib/bm/libksdk_platform.a(fsl_uart_edma_driver.o)
                0x0000e9b0                UART_DRV_EdmaGetTransmitStatus
 .text.ADC16_HAL_Init
                0x0000ea08       0x10 C:/ProgramData/MATLAB/SupportPackages/R2020a/toolbox/target/supportpackages/freedomk64f/src/ksdk_armgcc_lib/bm/libksdk_platform.a(fsl_adc16_hal.o)
                0x0000ea08                ADC16_HAL_Init
 .text.ADC16_HAL_ConfigChn
                0x0000ea18       0x40 C:/ProgramData/MATLAB/SupportPackages/R2020a/toolbox/target/supportpackages/freedomk64f/src/ksdk_armgcc_lib/bm/libksdk_platform.a(fsl_adc16_hal.o)
                0x0000ea18                ADC16_HAL_ConfigChn
 .text.ADC16_HAL_ConfigConverter
                0x0000ea58       0x92 C:/ProgramData/MATLAB/SupportPackages/R2020a/toolbox/target/supportpackages/freedomk64f/src/ksdk_armgcc_lib/bm/libksdk_platform.a(fsl_adc16_hal.o)
                0x0000ea58                ADC16_HAL_ConfigConverter
 .text.DMAMUX_HAL_Init
                0x0000eaea       0x1e C:/ProgramData/MATLAB/SupportPackages/R2020a/toolbox/target/supportpackages/freedomk64f/src/ksdk_armgcc_lib/bm/libksdk_platform.a(fsl_dmamux_hal.o)
                0x0000eaea                DMAMUX_HAL_Init
 .text.unlikely.FTM_HAL_SetChnEdgeLevel.part.0
                0x0000eb08       0x1c C:/ProgramData/MATLAB/SupportPackages/R2020a/toolbox/target/supportpackages/freedomk64f/src/ksdk_armgcc_lib/bm/libksdk_platform.a(fsl_ftm_hal.o)
 .text.FTM_HAL_Init
                0x0000eb24       0x38 C:/ProgramData/MATLAB/SupportPackages/R2020a/toolbox/target/supportpackages/freedomk64f/src/ksdk_armgcc_lib/bm/libksdk_platform.a(fsl_ftm_hal.o)
                0x0000eb24                FTM_HAL_Init
 .text.FTM_HAL_SetSyncMode
                0x0000eb5c       0x94 C:/ProgramData/MATLAB/SupportPackages/R2020a/toolbox/target/supportpackages/freedomk64f/src/ksdk_armgcc_lib/bm/libksdk_platform.a(fsl_ftm_hal.o)
                0x0000eb5c                FTM_HAL_SetSyncMode
 .text.FTM_HAL_Reset
                0x0000ebf0       0x3e C:/ProgramData/MATLAB/SupportPackages/R2020a/toolbox/target/supportpackages/freedomk64f/src/ksdk_armgcc_lib/bm/libksdk_platform.a(fsl_ftm_hal.o)
                0x0000ebf0                FTM_HAL_Reset
 .text.FTM_HAL_GetChnPairIndex
                0x0000ec2e       0x1e C:/ProgramData/MATLAB/SupportPackages/R2020a/toolbox/target/supportpackages/freedomk64f/src/ksdk_armgcc_lib/bm/libksdk_platform.a(fsl_ftm_hal.o)
                0x0000ec2e                FTM_HAL_GetChnPairIndex
 .text.FTM_HAL_EnablePwmMode
                0x0000ec4c       0xcc C:/ProgramData/MATLAB/SupportPackages/R2020a/toolbox/target/supportpackages/freedomk64f/src/ksdk_armgcc_lib/bm/libksdk_platform.a(fsl_ftm_hal.o)
                0x0000ec4c                FTM_HAL_EnablePwmMode
 .text.GPIO_HAL_SetPinDir
                0x0000ed18       0x34 C:/ProgramData/MATLAB/SupportPackages/R2020a/toolbox/target/supportpackages/freedomk64f/src/ksdk_armgcc_lib/bm/libksdk_platform.a(fsl_gpio_hal.o)
                0x0000ed18                GPIO_HAL_SetPinDir
 .text.GPIO_HAL_WritePinOutput
                0x0000ed4c       0x30 C:/ProgramData/MATLAB/SupportPackages/R2020a/toolbox/target/supportpackages/freedomk64f/src/ksdk_armgcc_lib/bm/libksdk_platform.a(fsl_gpio_hal.o)
                0x0000ed4c                GPIO_HAL_WritePinOutput
 .text.UART_HAL_Init
                0x0000ed7c       0x2a C:/ProgramData/MATLAB/SupportPackages/R2020a/toolbox/target/supportpackages/freedomk64f/src/ksdk_armgcc_lib/bm/libksdk_platform.a(fsl_uart_hal.o)
                0x0000ed7c                UART_HAL_Init
 .text.UART_HAL_SetBaudRate
                0x0000eda6       0x42 C:/ProgramData/MATLAB/SupportPackages/R2020a/toolbox/target/supportpackages/freedomk64f/src/ksdk_armgcc_lib/bm/libksdk_platform.a(fsl_uart_hal.o)
                0x0000eda6                UART_HAL_SetBaudRate
 .text.UART_HAL_SetParityMode
                0x0000ede8       0x14 C:/ProgramData/MATLAB/SupportPackages/R2020a/toolbox/target/supportpackages/freedomk64f/src/ksdk_armgcc_lib/bm/libksdk_platform.a(fsl_uart_hal.o)
                0x0000ede8                UART_HAL_SetParityMode
 .text.UART_HAL_Putchar
                0x0000edfc        0x6 C:/ProgramData/MATLAB/SupportPackages/R2020a/toolbox/target/supportpackages/freedomk64f/src/ksdk_armgcc_lib/bm/libksdk_platform.a(fsl_uart_hal.o)
                0x0000edfc                UART_HAL_Putchar
 .text.UART_HAL_Getchar
                0x0000ee02        0x8 C:/ProgramData/MATLAB/SupportPackages/R2020a/toolbox/target/supportpackages/freedomk64f/src/ksdk_armgcc_lib/bm/libksdk_platform.a(fsl_uart_hal.o)
                0x0000ee02                UART_HAL_Getchar
 .text.UART_HAL_SetIntMode
                0x0000ee0a       0x66 C:/ProgramData/MATLAB/SupportPackages/R2020a/toolbox/target/supportpackages/freedomk64f/src/ksdk_armgcc_lib/bm/libksdk_platform.a(fsl_uart_hal.o)
                0x0000ee0a                UART_HAL_SetIntMode
 .text.UART_HAL_SetTxDmaCmd
                0x0000ee70       0x24 C:/ProgramData/MATLAB/SupportPackages/R2020a/toolbox/target/supportpackages/freedomk64f/src/ksdk_armgcc_lib/bm/libksdk_platform.a(fsl_uart_hal.o)
                0x0000ee70                UART_HAL_SetTxDmaCmd
 .text.UART_HAL_SetRxDmaCmd
                0x0000ee94       0x16 C:/ProgramData/MATLAB/SupportPackages/R2020a/toolbox/target/supportpackages/freedomk64f/src/ksdk_armgcc_lib/bm/libksdk_platform.a(fsl_uart_hal.o)
                0x0000ee94                UART_HAL_SetRxDmaCmd
 .text.UART_HAL_GetStatusFlag
                0x0000eeaa       0x2a C:/ProgramData/MATLAB/SupportPackages/R2020a/toolbox/target/supportpackages/freedomk64f/src/ksdk_armgcc_lib/bm/libksdk_platform.a(fsl_uart_hal.o)
                0x0000eeaa                UART_HAL_GetStatusFlag
 .text.UART_HAL_ClearStatusFlag
                0x0000eed4       0x64 C:/ProgramData/MATLAB/SupportPackages/R2020a/toolbox/target/supportpackages/freedomk64f/src/ksdk_armgcc_lib/bm/libksdk_platform.a(fsl_uart_hal.o)
                0x0000eed4                UART_HAL_ClearStatusFlag
 .text.ceil     0x0000ef38      0x110 c:/progra~3/matlab/suppor~1/r2020a/3p778c~1.ins/gnuarm~1.ins/win/bin/../lib/gcc/arm-none-eabi/7.2.1/../../../../arm-none-eabi/lib/thumb/v7e-m/fpv4-sp/hard\libm.a(lib_a-s_ceil.o)
                0x0000ef38                ceil
 .text.fabs     0x0000f048       0x14 c:/progra~3/matlab/suppor~1/r2020a/3p778c~1.ins/gnuarm~1.ins/win/bin/../lib/gcc/arm-none-eabi/7.2.1/../../../../arm-none-eabi/lib/thumb/v7e-m/fpv4-sp/hard\libm.a(lib_a-s_fabs.o)
                0x0000f048                fabs
 *fill*         0x0000f05c        0x4 
 .text.floor    0x0000f060      0x110 c:/progra~3/matlab/suppor~1/r2020a/3p778c~1.ins/gnuarm~1.ins/win/bin/../lib/gcc/arm-none-eabi/7.2.1/../../../../arm-none-eabi/lib/thumb/v7e-m/fpv4-sp/hard\libm.a(lib_a-s_floor.o)
                0x0000f060                floor
 .text.ldexp    0x0000f170       0x74 c:/progra~3/matlab/suppor~1/r2020a/3p778c~1.ins/gnuarm~1.ins/win/bin/../lib/gcc/arm-none-eabi/7.2.1/../../../../arm-none-eabi/lib/thumb/v7e-m/fpv4-sp/hard\libm.a(lib_a-s_ldexp.o)
                0x0000f170                ldexp
 *fill*         0x0000f1e4        0x4 
 .text.scalbn   0x0000f1e8      0x114 c:/progra~3/matlab/suppor~1/r2020a/3p778c~1.ins/gnuarm~1.ins/win/bin/../lib/gcc/arm-none-eabi/7.2.1/../../../../arm-none-eabi/lib/thumb/v7e-m/fpv4-sp/hard\libm.a(lib_a-s_scalbn.o)
                0x0000f1e8                scalbn