Archive member included to satisfy reference by file (symbol)

C:/ProgramData/MATLAB/SupportPackages/R2020a/3P.instrset/cmsis.instrset/CMSIS/RTOS/RTX/LIB/GCC/libRTX_CM4.a(rt_cmsis.o)
                              RTX_Conf_CM.o (osKernelInitialize)
C:/ProgramData/MATLAB/SupportPackages/R2020a/3P.instrset/cmsis.instrset/CMSIS/RTOS/RTX/LIB/GCC/libRTX_CM4.a(hal_cm.o)
                              C:/ProgramData/MATLAB/SupportPackages/R2020a/3P.instrset/cmsis.instrset/CMSIS/RTOS/RTX/LIB/GCC/libRTX_CM4.a(rt_cmsis.o) (rt_ret_val)
C:/ProgramData/MATLAB/SupportPackages/R2020a/3P.instrset/cmsis.instrset/CMSIS/RTOS/RTX/LIB/GCC/libRTX_CM4.a(rt_memory.o)
                              C:/ProgramData/MATLAB/SupportPackages/R2020a/3P.instrset/cmsis.instrset/CMSIS/RTOS/RTX/LIB/GCC/libRTX_CM4.a(rt_cmsis.o) (rt_init_mem)
C:/ProgramData/MATLAB/SupportPackages/R2020a/3P.instrset/cmsis.instrset/CMSIS/RTOS/RTX/LIB/GCC/libRTX_CM4.a(rt_membox.o)
                              C:/ProgramData/MATLAB/SupportPackages/R2020a/3P.instrset/cmsis.instrset/CMSIS/RTOS/RTX/LIB/GCC/libRTX_CM4.a(rt_cmsis.o) (_init_box)
C:/ProgramData/MATLAB/SupportPackages/R2020a/3P.instrset/cmsis.instrset/CMSIS/RTOS/RTX/LIB/GCC/libRTX_CM4.a(rt_mutex.o)
                              C:/ProgramData/MATLAB/SupportPackages/R2020a/3P.instrset/cmsis.instrset/CMSIS/RTOS/RTX/LIB/GCC/libRTX_CM4.a(rt_cmsis.o) (rt_mut_init)
C:/ProgramData/MATLAB/SupportPackages/R2020a/3P.instrset/cmsis.instrset/CMSIS/RTOS/RTX/LIB/GCC/libRTX_CM4.a(rt_time.o)
                              C:/ProgramData/MATLAB/SupportPackages/R2020a/3P.instrset/cmsis.instrset/CMSIS/RTOS/RTX/LIB/GCC/libRTX_CM4.a(rt_cmsis.o) (os_time)
C:/ProgramData/MATLAB/SupportPackages/R2020a/3P.instrset/cmsis.instrset/CMSIS/RTOS/RTX/LIB/GCC/libRTX_CM4.a(rt_semaphore.o)
                              C:/ProgramData/MATLAB/SupportPackages/R2020a/3P.instrset/cmsis.instrset/CMSIS/RTOS/RTX/LIB/GCC/libRTX_CM4.a(rt_cmsis.o) (rt_sem_init)
C:/ProgramData/MATLAB/SupportPackages/R2020a/3P.instrset/cmsis.instrset/CMSIS/RTOS/RTX/LIB/GCC/libRTX_CM4.a(rt_mailbox.o)
                              C:/ProgramData/MATLAB/SupportPackages/R2020a/3P.instrset/cmsis.instrset/CMSIS/RTOS/RTX/LIB/GCC/libRTX_CM4.a(rt_cmsis.o) (rt_mbx_init)
C:/ProgramData/MATLAB/SupportPackages/R2020a/3P.instrset/cmsis.instrset/CMSIS/RTOS/RTX/LIB/GCC/libRTX_CM4.a(rt_list.o)
                              C:/ProgramData/MATLAB/SupportPackages/R2020a/3P.instrset/cmsis.instrset/CMSIS/RTOS/RTX/LIB/GCC/libRTX_CM4.a(rt_cmsis.o) (rt_put_prio)
C:/ProgramData/MATLAB/SupportPackages/R2020a/3P.instrset/cmsis.instrset/CMSIS/RTOS/RTX/LIB/GCC/libRTX_CM4.a(rt_event.o)
                              C:/ProgramData/MATLAB/SupportPackages/R2020a/3P.instrset/cmsis.instrset/CMSIS/RTOS/RTX/LIB/GCC/libRTX_CM4.a(rt_cmsis.o) (rt_evt_wait)
C:/ProgramData/MATLAB/SupportPackages/R2020a/3P.instrset/cmsis.instrset/CMSIS/RTOS/RTX/LIB/GCC/libRTX_CM4.a(rt_system.o)
                              C:/ProgramData/MATLAB/SupportPackages/R2020a/3P.instrset/cmsis.instrset/CMSIS/RTOS/RTX/LIB/GCC/libRTX_CM4.a(rt_cmsis.o) (rt_suspend)
C:/ProgramData/MATLAB/SupportPackages/R2020a/3P.instrset/cmsis.instrset/CMSIS/RTOS/RTX/LIB/GCC/libRTX_CM4.a(rt_task.o)
                              C:/ProgramData/MATLAB/SupportPackages/R2020a/3P.instrset/cmsis.instrset/CMSIS/RTOS/RTX/LIB/GCC/libRTX_CM4.a(rt_system.o) (rt_switch_req)
C:/ProgramData/MATLAB/SupportPackages/R2020a/3P.instrset/cmsis.instrset/CMSIS/RTOS/RTX/LIB/GCC/libRTX_CM4.a(hal_cm4.o)
                              C:/ProgramData/MATLAB/SupportPackages/R2020a/3P.instrset/cmsis.instrset/CMSIS/RTOS/RTX/LIB/GCC/libRTX_CM4.a(rt_task.o) (rt_get_PSP)
C:/ProgramData/MATLAB/SupportPackages/R2020a/3P.instrset/cmsis.instrset/CMSIS/RTOS/RTX/LIB/GCC/libRTX_CM4.a(svc_table.o)
                              C:/ProgramData/MATLAB/SupportPackages/R2020a/3P.instrset/cmsis.instrset/CMSIS/RTOS/RTX/LIB/GCC/libRTX_CM4.a(hal_cm4.o) (SVC_Table)
C:/ProgramData/MATLAB/SupportPackages/R2020a/3P.instrset/cmsis.instrset/CMSIS/RTOS/RTX/LIB/GCC/libRTX_CM4.a(rt_robin.o)
                              C:/ProgramData/MATLAB/SupportPackages/R2020a/3P.instrset/cmsis.instrset/CMSIS/RTOS/RTX/LIB/GCC/libRTX_CM4.a(rt_system.o) (os_robin)
C:/ProgramData/MATLAB/SupportPackages/R2020a/toolbox/target/supportpackages/freedomk64f/src/ksdk_armgcc_lib/bm/libksdk_platform.a(fsl_os_abstraction_bm.o)
                              MW_SCI.o (OSA_SemaPost)
C:/ProgramData/MATLAB/SupportPackages/R2020a/toolbox/target/supportpackages/freedomk64f/src/ksdk_armgcc_lib/bm/libksdk_platform.a(fsl_clock_manager.o)
                              board.o (CLOCK_SYS_OscInit)
C:/ProgramData/MATLAB/SupportPackages/R2020a/toolbox/target/supportpackages/freedomk64f/src/ksdk_armgcc_lib/bm/libksdk_platform.a(fsl_clock_manager_common.o)
                              C:/ProgramData/MATLAB/SupportPackages/R2020a/toolbox/target/supportpackages/freedomk64f/src/ksdk_armgcc_lib/bm/libksdk_platform.a(fsl_clock_manager.o) (g_oscBase)
[...]
Memory Configuration

Name             Origin             Length             Attributes
m_interrupts     0x00000000         0x00000400         xr
m_flash_config   0x00000400         0x00000010         xr
m_text           0x00000410         0x000ffbf0         xr
m_data_2         0x1fff0000         0x00010000         rw
m_data           0x20000000         0x00030000         rw
*default*        0x00000000         0xffffffff

Linker script and memory map

LOAD c:/progra~3/matlab/suppor~1/r2020a/3p778c~1.ins/gnuarm~1.ins/win/bin/../lib/gcc/arm-none-eabi/7.2.1/thumb/v7e-m/fpv4-sp/hard/crti.o
LOAD c:/progra~3/matlab/suppor~1/r2020a/3p778c~1.ins/gnuarm~1.ins/win/bin/../lib/gcc/arm-none-eabi/7.2.1/thumb/v7e-m/fpv4-sp/hard/crtbegin.o
LOAD c:/progra~3/matlab/suppor~1/r2020a/3p778c~1.ins/gnuarm~1.ins/win/bin/../lib/gcc/arm-none-eabi/7.2.1/../../../../arm-none-eabi/lib/thumb/v7e-m/fpv4-sp/hard/crt0.o
LOAD AAIRVVIRWORK.o
LOAD AAIRVVIRWORK_data.o
LOAD MW_AnalogInput.o
LOAD MW_I2C.o
LOAD MW_PWM.o
LOAD MW_SCI.o
LOAD MW_digitalIO.o
LOAD RTX_Conf_CM.o
LOAD board.o
LOAD cmsis_rtos_init.o
LOAD ert_main.o
LOAD fsl_edma_irq.o
LOAD fsl_misc_utilities.o
LOAD fsl_uart_irq.o
LOAD hardware_init.o
LOAD i2c_api.o
LOAD irq_stub.o
LOAD mw_sdk_interface.o
LOAD mw_semaphore.o
LOAD mw_signal.o
LOAD mw_thread.o
LOAD mw_timer.o
LOAD pin_mux.o
LOAD rtGetInf.o
LOAD rtGetNaN.o
LOAD rt_nonfinite.o
LOAD sbrk.o
LOAD startup.o
LOAD startup_MK64F12.o
LOAD system_MK64F12.o
LOAD C:/ProgramData/MATLAB/SupportPackages/R2020a/3P.instrset/cmsis.instrset/CMSIS/Lib/GCC/libarm_cortexM4lf_math.a
LOAD C:/ProgramData/MATLAB/SupportPackages/R2020a/3P.instrset/cmsis.instrset/CMSIS/RTOS/RTX/LIB/GCC/libRTX_CM4.a
LOAD C:/ProgramData/MATLAB/SupportPackages/R2020a/toolbox/target/supportpackages/freedomk64f/src/ksdk_armgcc_lib/bm/libksdk_platform.a
LOAD c:/progra~3/matlab/suppor~1/r2020a/3p778c~1.ins/gnuarm~1.ins/win/bin/../lib/gcc/arm-none-eabi/7.2.1/../../../../arm-none-eabi/lib/thumb/v7e-m/fpv4-sp/hard\libstdc++.a
LOAD c:/progra~3/matlab/suppor~1/r2020a/3p778c~1.ins/gnuarm~1.ins/win/bin/../lib/gcc/arm-none-eabi/7.2.1/../../../../arm-none-eabi/lib/thumb/v7e-m/fpv4-sp/hard\libm.a
START GROUP
LOAD c:/progra~3/matlab/suppor~1/r2020a/3p778c~1.ins/gnuarm~1.ins/win/bin/../lib/gcc/arm-none-eabi/7.2.1/thumb/v7e-m/fpv4-sp/hard\libgcc.a
LOAD c:/progra~3/matlab/suppor~1/r2020a/3p778c~1.ins/gnuarm~1.ins/win/bin/../lib/gcc/arm-none-eabi/7.2.1/../../../../arm-none-eabi/lib/thumb/v7e-m/fpv4-sp/hard\libg.a
LOAD c:/progra~3/matlab/suppor~1/r2020a/3p778c~1.ins/gnuarm~1.ins/win/bin/../lib/gcc/arm-none-eabi/7.2.1/../../../../arm-none-eabi/lib/thumb/v7e-m/fpv4-sp/hard\libc.a
END GROUP
START GROUP
LOAD c:/progra~3/matlab/suppor~1/r2020a/3p778c~1.ins/gnuarm~1.ins/win/bin/../lib/gcc/arm-none-eabi/7.2.1/thumb/v7e-m/fpv4-sp/hard\libgcc.a
LOAD c:/progra~3/matlab/suppor~1/r2020a/3p778c~1.ins/gnuarm~1.ins/win/bin/../lib/gcc/arm-none-eabi/7.2.1/../../../../arm-none-eabi/lib/thumb/v7e-m/fpv4-sp/hard\libc.a
LOAD c:/progra~3/matlab/suppor~1/r2020a/3p778c~1.ins/gnuarm~1.ins/win/bin/../lib/gcc/arm-none-eabi/7.2.1/../../../../arm-none-eabi/lib/thumb/v7e-m/fpv4-sp/hard\libnosys.a
END GROUP
LOAD c:/progra~3/matlab/suppor~1/r2020a/3p778c~1.ins/gnuarm~1.ins/win/bin/../lib/gcc/arm-none-eabi/7.2.1/thumb/v7e-m/fpv4-sp/hard/crtend.o
LOAD c:/progra~3/matlab/suppor~1/r2020a/3p778c~1.ins/gnuarm~1.ins/win/bin/../lib/gcc/arm-none-eabi/7.2.1/thumb/v7e-m/fpv4-sp/hard/crtn.o
                0x00000400                HEAP_SIZE = DEFINED (__heap_size__)?__heap_size__:0x400
                0x00000400                STACK_SIZE = DEFINED (__stack_size__)?__stack_size__:0x400
                0x00000000                M_VECTOR_RAM_SIZE = DEFINED (__ram_vector_table__)?0x400:0x0

.interrupts     0x00000000      0x400
                0x00000000                __VECTOR_TABLE = .
                0x00000000                . = ALIGN (0x4)
 *(.isr_vector)
 .isr_vector    0x00000000      0x400 startup_MK64F12.o
                0x00000000                __isr_vector
                0x00000400                . = ALIGN (0x4)

.flash_config   0x00000400       0x10
                0x00000400                . = ALIGN (0x4)
 *(.FlashConfig)
 .FlashConfig   0x00000400       0x10 startup_MK64F12.o
                0x00000410                . = ALIGN (0x4)

.text           0x00000440    0x153c0
                0x00000440                . = ALIGN (0x4)
 *(.text)
 .text          0x00000440       0x40 c:/progra~3/matlab/suppor~1/r2020a/3p778c~1.ins/gnuarm~1.ins/win/bin/../lib/gcc/arm-none-eabi/7.2.1/thumb/v7e-m/fpv4-sp/hard/crtbegin.o
 .text          0x00000480       0x74 c:/progra~3/matlab/suppor~1/r2020a/3p778c~1.ins/gnuarm~1.ins/win/bin/../lib/gcc/arm-none-eabi/7.2.1/../../../../arm-none-eabi/lib/thumb/v7e-m/fpv4-sp/hard/crt0.o
                0x00000480                _start
                0x00000480                _mainCRTStartup
 .text          0x000004f4       0x14 startup_MK64F12.o
                0x000004f4                Reset_Handler
                0x00000504                ENET_Receive_IRQHandler
                0x00000504                ENET_1588_Timer_IRQHandler
                0x00000504                DefaultISR
                0x00000504                PIT2_IRQHandler
                0x00000504                PIT0_IRQHandler
                0x00000504                ENET_Error_IRQHandler
                0x00000504                PIT3_IRQHandler
                0x00000504                SDHC_IRQHandler
                0x00000504                ENET_Transmit_IRQHandler
                0x00000504                PIT1_IRQHandler
 .text          0x00000508      0x198 C:/ProgramData/MATLAB/SupportPackages/R2020a/3P.instrset/cmsis.instrset/CMSIS/RTOS/RTX/LIB/GCC/libRTX_CM4.a(hal_cm4.o)
                0x00000508                rt_set_PSP
                0x0000050e                rt_get_PSP
                0x00000514                os_set_env
                0x0000052c                _alloc_box
                0x00000548                _free_box
                0x00000564                SVC_Handler
                0x0000060a                PendSV_Handler
                0x00000610                Sys_Switch
                0x0000066a                SysTick_Handler
                0x00000674                OS_Tick_Handler
 .text          0x000006a0      0x378 c:/progra~3/matlab/suppor~1/r2020a/3p778c~1.ins/gnuarm~1.ins/win/bin/../lib/gcc/arm-none-eabi/7.2.1/thumb/v7e-m/fpv4-sp/hard\libgcc.a(_arm_addsubdf3.o)
                0x000006a0                __aeabi_drsub
                0x000006a8                __aeabi_dsub
                0x000006a8                __subdf3
                0x000006ac                __aeabi_dadd
                0x000006ac                __adddf3
                0x00000924                __floatunsidf
                0x00000924                __aeabi_ui2d
                0x00000944                __floatsidf
                0x00000944                __aeabi_i2d
                0x00000968                __aeabi_f2d
                0x00000968                __extendsfdf2
                0x000009ac                __floatundidf
                0x000009ac                __aeabi_ul2d
                0x000009bc                __floatdidf
                0x000009bc                __aeabi_l2d
 .text          0x00000a18      0x424 c:/progra~3/matlab/suppor~1/r2020a/3p778c~1.ins/gnuarm~1.ins/win/bin/../lib/gcc/arm-none-eabi/7.2.1/thumb/v7e-m/fpv4-sp/hard\libgcc.a(_arm_muldivdf3.o)
                0x00000a18                __aeabi_dmul
                0x00000a18                __muldf3
                0x00000c6c                __divdf3
                0x00000c6c                __aeabi_ddiv
 .text          0x00000e3c      0x110 c:/progra~3/matlab/suppor~1/r2020a/3p778c~1.ins/gnuarm~1.ins/win/bin/../lib/gcc/arm-none-eabi/7.2.1/thumb/v7e-m/fpv4-sp/hard\libgcc.a(_arm_cmpdf2.o)
                0x00000e3c                __gtdf2
                0x00000e3c                __gedf2
                0x00000e44                __ltdf2
                0x00000e44                __ledf2
                0x00000e4c                __nedf2
                0x00000e4c                __eqdf2
                0x00000e4c                __cmpdf2
                0x00000ec8                __aeabi_cdrcmple
                0x00000ed8                __aeabi_cdcmpeq
                0x00000ed8                __aeabi_cdcmple
                0x00000ee8                __aeabi_dcmpeq
                0x00000efc                __aeabi_dcmplt
                0x00000f10                __aeabi_dcmple
                0x00000f24                __aeabi_dcmpge
                0x00000f38                __aeabi_dcmpgt
 .text          0x00000f4c       0x2c c:/progra~3/matlab/suppor~1/r2020a/3p778c~1.ins/gnuarm~1.ins/win/bin/../lib/gcc/arm-none-eabi/7.2.1/thumb/v7e-m/fpv4-sp/hard\libgcc.a(_arm_unorddf2.o)
                0x00000f4c                __unorddf2
                0x00000f4c                __aeabi_dcmpun
 .text          0x00000f78       0x50 c:/progra~3/matlab/suppor~1/r2020a/3p778c~1.ins/gnuarm~1.ins/win/bin/../lib/gcc/arm-none-eabi/7.2.1/thumb/v7e-m/fpv4-sp/hard\libgcc.a(_arm_fixdfsi.o)
                0x00000f78                __aeabi_d2iz
                0x00000f78                __fixdfsi
 .text          0x00000fc8       0x40 c:/progra~3/matlab/suppor~1/r2020a/3p778c~1.ins/gnuarm~1.ins/win/bin/../lib/gcc/arm-none-eabi/7.2.1/thumb/v7e-m/fpv4-sp/hard\libgcc.a(_arm_fixunsdfsi.o)
                0x00000fc8                __aeabi_d2uiz
                0x00000fc8                __fixunsdfsi
 .text          0x00001008       0xa0 c:/progra~3/matlab/suppor~1/r2020a/3p778c~1.ins/gnuarm~1.ins/win/bin/../lib/gcc/arm-none-eabi/7.2.1/thumb/v7e-m/fpv4-sp/hard\libgcc.a(_arm_truncdfsf2.o)
                0x00001008                __truncdfsf2
                0x00001008                __aeabi_d2f
 .text          0x000010a8       0x30 c:/progra~3/matlab/suppor~1/r2020a/3p778c~1.ins/gnuarm~1.ins/win/bin/../lib/gcc/arm-none-eabi/7.2.1/thumb/v7e-m/fpv4-sp/hard\libgcc.a(_aeabi_uldivmod.o)
                0x000010a8                __aeabi_uldivmod
 .text          0x000010d8      0x2cc c:/progra~3/matlab/suppor~1/r2020a/3p778c~1.ins/gnuarm~1.ins/win/bin/../lib/gcc/arm-none-eabi/7.2.1/thumb/v7e-m/fpv4-sp/hard\libgcc.a(_udivmoddi4.o)
                0x000010d8                __udivmoddi4
 .text          0x000013a4      0x9ec c:/progra~3/matlab/suppor~1/r2020a/3p778c~1.ins/gnuarm~1.ins/win/bin/../lib/gcc/arm-none-eabi/7.2.1/thumb/v7e-m/fpv4-sp/hard\libgcc.a(unwind-arm.o)
                0x00001658                _Unwind_GetCFA
                0x0000165c                __gnu_Unwind_RaiseException
                0x000016bc                __gnu_Unwind_ForcedUnwind
                0x000016d0                __gnu_Unwind_Resume
                0x00001714                __gnu_Unwind_Resume_or_Rethrow
                0x00001724                _Unwind_Complete
                0x00001728                _Unwind_DeleteException
                0x00001734                _Unwind_VRS_Get
                0x00001778                _Unwind_VRS_Set
                0x000017c0                __gnu_Unwind_Backtrace
                0x00001b04                __aeabi_unwind_cpp_pr0
                0x00001b08                __aeabi_unwind_cpp_pr1
                0x00001b0c                __aeabi_unwind_cpp_pr2
                0x00001b10                _Unwind_VRS_Pop
 .text          0x00001d90      0x1ac c:/progra~3/matlab/suppor~1/r2020a/3p778c~1.ins/gnuarm~1.ins/win/bin/../lib/gcc/arm-none-eabi/7.2.1/thumb/v7e-m/fpv4-sp/hard\libgcc.a(libunwind.o)
                0x00001d90                __restore_core_regs
                0x00001d90                restore_core_regs
                0x00001da8                __gnu_Unwind_Restore_VFP
                0x00001db0                __gnu_Unwind_Save_VFP
                0x00001db8                __gnu_Unwind_Restore_VFP_D
                0x00001dc0                __gnu_Unwind_Save_VFP_D
                0x00001dc8                __gnu_Unwind_Restore_VFP_D_16_to_31
                0x00001dd0                __gnu_Unwind_Save_VFP_D_16_to_31
                0x00001dd8                __gnu_Unwind_Restore_WMMXD
                0x00001e1c                __gnu_Unwind_Save_WMMXD
                0x00001e60                __gnu_Unwind_Restore_WMMXC
                0x00001e74                __gnu_Unwind_Save_WMMXC
                0x00001e88                ___Unwind_RaiseException
                0x00001e88                _Unwind_RaiseException
                0x00001eac                _Unwind_Resume
                0x00001eac                ___Unwind_Resume
                0x00001ed0                _Unwind_Resume_or_Rethrow
                0x00001ed0                ___Unwind_Resume_or_Rethrow
                0x00001ef4                _Unwind_ForcedUnwind
                0x00001ef4                ___Unwind_ForcedUnwind
                0x00001f18                ___Unwind_Backtrace
                0x00001f18                _Unwind_Backtrace
 .text          0x00001f3c      0x374 c:/progra~3/matlab/suppor~1/r2020a/3p778c~1.ins/gnuarm~1.ins/win/bin/../lib/gcc/arm-none-eabi/7.2.1/thumb/v7e-m/fpv4-sp/hard\libgcc.a(pr-support.o)
                0x00001f94                __gnu_unwind_execute
                0x00002258                __gnu_unwind_frame
                0x00002280                _Unwind_GetRegionStart
                0x0000228c                _Unwind_GetLanguageSpecificData
                0x000022a0                _Unwind_GetDataRelBase
                0x000022a8                _Unwind_GetTextRelBase
 .text          0x000022b0        0x4 c:/progra~3/matlab/suppor~1/r2020a/3p778c~1.ins/gnuarm~1.ins/win/bin/../lib/gcc/arm-none-eabi/7.2.1/thumb/v7e-m/fpv4-sp/hard\libgcc.a(_dvmd_tls.o)
                0x000022b0                __aeabi_idiv0
                0x000022b0                __aeabi_ldiv0
 .text          0x000022b4      0x134 c:/progra~3/matlab/suppor~1/r2020a/3p778c~1.ins/gnuarm~1.ins/win/bin/../lib/gcc/arm-none-eabi/7.2.1/../../../../arm-none-eabi/lib/thumb/v7e-m/fpv4-sp/hard\libg.a(lib_a-memcpy.o)
                0x000022b4                memcpy
 *fill*         0x000023e8        0x8 
 .text          0x000023f0       0xa0 c:/progra~3/matlab/suppor~1/r2020a/3p778c~1.ins/gnuarm~1.ins/win/bin/../lib/gcc/arm-none-eabi/7.2.1/../../../../arm-none-eabi/lib/thumb/v7e-m/fpv4-sp/hard\libg.a(lib_a-memchr.o)
                0x000023f0                memchr
 *fill*         0x00002490       0x30 
 .text          0x000024c0       0xdc c:/progra~3/matlab/suppor~1/r2020a/3p778c~1.ins/gnuarm~1.ins/win/bin/../lib/gcc/arm-none-eabi/7.2.1/../../../../arm-none-eabi/lib/thumb/v7e-m/fpv4-sp/hard\libg.a(lib_a-strlen.o)
                0x000024c0                strlen
 *(.text*)
 .text.uMultiWord2Double
                0x0000259c       0x82 AAIRVVIRWORK.o
                0x0000259c                uMultiWord2Double
 .text.uMultiWordMul
                0x0000261e      0x19c AAIRVVIRWORK.o
                0x0000261e                uMultiWordMul
 .text.mul_wide_u32
                0x000027ba       0xa8 AAIRVVIRWORK.o
                0x000027ba                mul_wide_u32
 .text.mul_u32_sat
                0x00002862       0x30 AAIRVVIRWORK.o
                0x00002862                mul_u32_sat
 *fill*         0x00002892        0x2 
 .text.AAIRVVIRWOR_AtrialRateDetection
                0x00002894      0x224 AAIRVVIRWORK.o
 .text.AAIRVVIRWO_AtrialRateDetection1
                0x00002ab8      0x224 AAIRVVIRWORK.o
 .text.rt_powf_snf
                0x00002cdc      0x230 AAIRVVIRWORK.o
                0x00002cdc                rt_powf_snf
 .text.rt_roundd_snf
                0x00002f0c       0xf4 AAIRVVIRWORK.o
                0x00002f0c                rt_roundd_snf
 .text.AAIRVVIRWORK_AAI
                0x00003000      0x48c AAIRVVIRWORK.o
 .text.AAIRVVIRWORK_AAIR
                0x0000348c      0x334 AAIRVVIRWORK.o
 .text.AAIRVVIRWORK_AOO
                0x000037c0      0x1b8 AAIRVVIRWORK.o
 .text.AAIRVVIRWORK_AOOR
                0x00003978      0x220 AAIRVVIRWORK.o
 .text.AAIRVVIRWORK_Standby
                0x00003b98      0x458 AAIRVVIRWORK.o
 .text.AAIRVVIRWORK_VVI
                0x00003ff0      0x48c AAIRVVIRWORK.o
 .text.AAIRV_SystemCore_release_pfn2ei
                0x0000447c       0x2a AAIRVVIRWORK.o
 .text.AAIRVV_SystemCore_delete_pfn2ei
                0x000044a6       0x16 AAIRVVIRWORK.o
 .text.matlabCodegenHandle_matl_pfn2ei
                0x000044bc       0x24 AAIRVVIRWORK.o
 .text.AAIRVVI_SystemCore_release_pfn2
                0x000044e0       0x2a AAIRVVIRWORK.o
 .text.AAIRVVIR_SystemCore_delete_pfn2
                0x0000450a       0x16 AAIRVVIRWORK.o
 .text.matlabCodegenHandle_matlab_pfn2
                0x00004520       0x24 AAIRVVIRWORK.o
 .text.AAIRVVIRWORK_SystemCore_release
                0x00004544       0x2a AAIRVVIRWORK.o
 .text.AAIRVVIRWORK_SystemCore_delete
                0x0000456e       0x16 AAIRVVIRWORK.o
 .text.matlabCodegenHandle_matlabCodeg
                0x00004584       0x24 AAIRVVIRWORK.o
 .text.SystemCore_release_pfn2eia2mtlt
                0x000045a8       0x34 AAIRVVIRWORK.o
 .text.SystemCore_delete_pfn2eia2mtlt
                0x000045dc       0x16 AAIRVVIRWORK.o
 .text.matlabCodegenHandl_pfn2eia2mtlt
                0x000045f2       0x24 AAIRVVIRWORK.o
 .text.AAIRVVIRWO_SystemCore_release_p
                0x00004616       0x34 AAIRVVIRWORK.o
 .text.AAIRVVIRWOR_SystemCore_delete_p
                0x0000464a       0x16 AAIRVVIRWORK.o
 .text.matlabCodegenHandle_matlabCod_p
                0x00004660       0x24 AAIRVVIRWORK.o
 .text.AAIR_SystemCore_release_pfn2eia
                0x00004684       0x2a AAIRVVIRWORK.o
 .text.AAIRV_SystemCore_delete_pfn2eia
                0x000046ae       0x16 AAIRVVIRWORK.o
 .text.matlabCodegenHandle_mat_pfn2eia
                0x000046c4       0x24 AAIRVVIRWORK.o
 .text.AA_SystemCore_release_pfn2eia2m
                0x000046e8       0x2a AAIRVVIRWORK.o
 .text.AAI_SystemCore_delete_pfn2eia2m
                0x00004712       0x16 AAIRVVIRWORK.o
 .text.matlabCodegenHandle_m_pfn2eia2m
                0x00004728       0x24 AAIRVVIRWORK.o
 .text.A_SystemCore_release_pfn2eia2mt
                0x0000474c       0x22 AAIRVVIRWORK.o
 .text.AA_SystemCore_delete_pfn2eia2mt
                0x0000476e       0x16 AAIRVVIRWORK.o
 .text.matlabCodegenHandle__pfn2eia2mt
                0x00004784       0x24 AAIRVVIRWORK.o
 .text.AAI_SystemCore_release_pfn2eia2
                0x000047a8       0x40 AAIRVVIRWORK.o
 .text.AAIR_SystemCore_delete_pfn2eia2
                0x000047e8       0x16 AAIRVVIRWORK.o
 .text.matlabCodegenHandle_ma_pfn2eia2
                0x000047fe       0x24 AAIRVVIRWORK.o
 *fill*         0x00004822        0x2 
 .text.AAIRVVIRWORK_SystemCore_setup_p
                0x00004824       0x70 AAIRVVIRWORK.o
 .text.AAIRVVIRWOR_SystemCore_setup_pf
                0x00004894      0x158 AAIRVVIRWORK.o
 .text.AAIRVVIRWORK_SystemCore_setup
                0x000049ec       0x70 AAIRVVIRWORK.o
 *fill*         0x00004a5c        0x4 
 .text.AAIRVVIRWORK_step
                0x00004a60     0x4208 AAIRVVIRWORK.o
                0x00004a60                AAIRVVIRWORK_step
 .text.AAIRVVIRWORK_initialize
                0x00008c68      0x8b0 AAIRVVIRWORK.o
                0x00008c68                AAIRVVIRWORK_initialize
 .text.AAIRVVIRWORK_terminate
                0x00009518       0xf0 AAIRVVIRWORK.o
                0x00009518                AAIRVVIRWORK_terminate
 .text.MW_AnalogInSingle_Open
                0x00009608       0xa8 MW_AnalogInput.o
                0x00009608                MW_AnalogInSingle_Open
 .text.MW_AnalogIn_SetTriggerSource
                0x000096b0       0x1a MW_AnalogInput.o
                0x000096b0                MW_AnalogIn_SetTriggerSource
 *fill*         0x000096ca        0x6 
 .text.MW_AnalogInSingle_ReadResult
                0x000096d0       0xb8 MW_AnalogInput.o
                0x000096d0                MW_AnalogInSingle_ReadResult
 .text.MW_AnalogIn_Start
                0x00009788       0x14 MW_AnalogInput.o
                0x00009788                MW_AnalogIn_Start
 .text.MW_AnalogIn_Stop
                0x0000979c       0x14 MW_AnalogInput.o
                0x0000979c                MW_AnalogIn_Stop
 .text.MW_AnalogIn_Close
                0x000097b0       0x14 MW_AnalogInput.o
                0x000097b0                MW_AnalogIn_Close
 .text.MW_I2C_Open
                0x000097c4       0x48 MW_I2C.o
                0x000097c4                MW_I2C_Open
 .text.MW_I2C_SetBusSpeed
                0x0000980c       0x2e MW_I2C.o
                0x0000980c                MW_I2C_SetBusSpeed
 .text.MW_I2C_MasterRead
                0x0000983a       0x68 MW_I2C.o
                0x0000983a                MW_I2C_MasterRead
 .text.MW_I2C_MasterWrite
                0x000098a2       0x68 MW_I2C.o
                0x000098a2                MW_I2C_MasterWrite
 .text.MW_I2C_Close
                0x0000990a       0x14 MW_I2C.o
                0x0000990a                MW_I2C_Close
 *fill*         0x0000991e        0x2 
 .text.PORT_HAL_SetMuxMode
                0x00009920       0x58 MW_PWM.o
 .text.FTM_HAL_SetClockSource
                0x00009978       0x2e MW_PWM.o
 *fill*         0x000099a6        0x2 
 .text.MW_PWM_Open
                0x000099a8      0x164 MW_PWM.o
                0x000099a8                MW_PWM_Open
 .text.MW_PWM_Start
                0x00009b0c       0x14 MW_PWM.o
                0x00009b0c                MW_PWM_Start
 .text.MW_PWM_SetDutyCycle
                0x00009b20       0x7c MW_PWM.o
                0x00009b20                MW_PWM_SetDutyCycle
 .text.MW_PWM_Stop
                0x00009b9c       0x2c MW_PWM.o
                0x00009b9c                MW_PWM_Stop
 .text.MW_PWM_Close
                0x00009bc8       0x14 MW_PWM.o
                0x00009bc8                MW_PWM_Close
 .text.EDMA_HAL_HTCDSetDestAddr
                0x00009bdc       0x48 MW_SCI.o
 .text.EDMA_HAL_HTCDSetIntCmd
                0x00009c24       0x54 MW_SCI.o
 .text.MW_SCI_Open
                0x00009c78      0x5ac MW_SCI.o
                0x00009c78                MW_SCI_Open
 .text.MW_SCI_SetBaudrate
                0x0000a224       0x18 MW_SCI.o
                0x0000a224                MW_SCI_SetBaudrate
 .text.MW_SCI_SetFrameFormat
                0x0000a23c       0x28 MW_SCI.o
                0x0000a23c                MW_SCI_SetFrameFormat
 .text.MW_SCI_Receive
                0x0000a264       0xa4 MW_SCI.o
                0x0000a264                MW_SCI_Receive
 .text.MW_SCI_Transmit
                0x0000a308       0x80 MW_SCI.o
                0x0000a308                MW_SCI_Transmit
 .text.MW_SCI_Close
                0x0000a388       0x14 MW_SCI.o
                0x0000a388                MW_SCI_Close
 .text.MW_UART_DRV_EdmaStartReceiveData
                0x0000a39c       0xac MW_SCI.o
 .text.MW_UART_DRV_EdmaRxCallback
                0x0000a448       0x1c MW_SCI.o
 .text.MW_UART_DRV_EdmaCompleteReceiveData
                0x0000a464      0x124 MW_SCI.o
 .text.MW_digitalIO_open
                0x0000a588       0xe0 MW_digitalIO.o
                0x0000a588                MW_digitalIO_open
 .text.MW_digitalIO_read
                0x0000a668       0x70 MW_digitalIO.o
                0x0000a668                MW_digitalIO_read
 .text.MW_digitalIO_write
                0x0000a6d8       0x7e MW_digitalIO.o
                0x0000a6d8                MW_digitalIO_write
 .text.MW_digitalIO_close
                0x0000a756       0x3c MW_digitalIO.o
                0x0000a756                MW_digitalIO_close
 .text.os_idle_demon
                0x0000a792        0x6 RTX_Conf_CM.o
                0x0000a792                os_idle_demon
 .text.os_error
                0x0000a798       0x2c RTX_Conf_CM.o
                0x0000a798                os_error
 .text.rt_init_robin
                0x0000a7c4        0x2 RTX_Conf_CM.o
                0x0000a7c4                rt_init_robin
 .text.rt_chk_robin
                0x0000a7c6        0x2 RTX_Conf_CM.o
                0x0000a7c6                rt_chk_robin
 .text.software_init_hook
                0x0000a7c8       0x34 RTX_Conf_CM.o
                0x0000a7c8                software_init_hook
 .text.PORT_HAL_SetMuxMode
                0x0000a7fc       0x58 board.o
 .text.SMC_HAL_SetProtection
                0x0000a854       0x1e board.o
 *fill*         0x0000a872        0x2 
 .text.BOARD_InitOsc0
                0x0000a874       0x30 board.o
                0x0000a874                BOARD_InitOsc0
 .text.BOARD_InitRtcOsc
                0x0000a8a4       0x28 board.o
                0x0000a8a4                BOARD_InitRtcOsc
 .text.BOARD_ClockInit
                0x0000a8cc       0x34 board.o
                0x0000a8cc                BOARD_ClockInit
 .text.schedulerTask
                0x0000a900       0x1c cmsis_rtos_init.o
                0x0000a900                schedulerTask
 .text.mw_initSignalEvents
                0x0000a91c       0x40 cmsis_rtos_init.o
                0x0000a91c                mw_initSignalEvents
 .text.mw_RTOSInit
                0x0000a95c       0x8c cmsis_rtos_init.o
                0x0000a95c                mw_RTOSInit
 .text.baseRateTask
                0x0000a9e8       0x7c ert_main.o
                0x0000a9e8                baseRateTask
 .text.terminateTask
                0x0000aa64       0x34 ert_main.o
                0x0000aa64                terminateTask
 .text.main     0x0000aa98       0x48 ert_main.o
                0x0000aa98                main
 .text.DMA0_IRQHandler
                0x0000aae0        0xe fsl_edma_irq.o
                0x0000aae0                DMA0_IRQHandler
 .text.DMA1_IRQHandler
                0x0000aaee        0xe fsl_edma_irq.o
                0x0000aaee                DMA1_IRQHandler
 .text.DMA2_IRQHandler
                0x0000aafc        0xe fsl_edma_irq.o
                0x0000aafc                DMA2_IRQHandler
 .text.DMA3_IRQHandler
                0x0000ab0a        0xe fsl_edma_irq.o
                0x0000ab0a                DMA3_IRQHandler
 .text.DMA4_IRQHandler
                0x0000ab18        0xe fsl_edma_irq.o
                0x0000ab18                DMA4_IRQHandler
 .text.DMA5_IRQHandler
                0x0000ab26        0xe fsl_edma_irq.o
                0x0000ab26                DMA5_IRQHandler
 .text.DMA6_IRQHandler
                0x0000ab34        0xe fsl_edma_irq.o
                0x0000ab34                DMA6_IRQHandler
 .text.DMA7_IRQHandler
                0x0000ab42        0xe fsl_edma_irq.o
                0x0000ab42                DMA7_IRQHandler
 .text.DMA8_IRQHandler
                0x0000ab50        0xe fsl_edma_irq.o
                0x0000ab50                DMA8_IRQHandler
 .text.DMA9_IRQHandler
                0x0000ab5e        0xe fsl_edma_irq.o
                0x0000ab5e                DMA9_IRQHandler
 .text.DMA10_IRQHandler
                0x0000ab6c        0xe fsl_edma_irq.o
                0x0000ab6c                DMA10_IRQHandler
 .text.DMA11_IRQHandler
                0x0000ab7a        0xe fsl_edma_irq.o
                0x0000ab7a                DMA11_IRQHandler
 .text.DMA12_IRQHandler
                0x0000ab88        0xe fsl_edma_irq.o
                0x0000ab88                DMA12_IRQHandler
 .text.DMA13_IRQHandler
                0x0000ab96        0xe fsl_edma_irq.o
                0x0000ab96                DMA13_IRQHandler
 .text.DMA14_IRQHandler
                0x0000aba4        0xe fsl_edma_irq.o
                0x0000aba4                DMA14_IRQHandler
 .text.DMA15_IRQHandler
                0x0000abb2        0xe fsl_edma_irq.o
                0x0000abb2                DMA15_IRQHandler
 .text.DMA_Error_IRQHandler
                0x0000abc0        0xe fsl_edma_irq.o
                0x0000abc0                DMA_Error_IRQHandler
 .text.UART0_RX_TX_IRQHandler
                0x0000abce        0xe fsl_uart_irq.o
                0x0000abce                UART0_RX_TX_IRQHandler
 .text.UART1_RX_TX_IRQHandler
                0x0000abdc        0xe fsl_uart_irq.o
                0x0000abdc                UART1_RX_TX_IRQHandler
 .text.UART2_RX_TX_IRQHandler
                0x0000abea        0xe fsl_uart_irq.o
                0x0000abea                UART2_RX_TX_IRQHandler
 .text.UART3_RX_TX_IRQHandler
                0x0000abf8        0xe fsl_uart_irq.o
                0x0000abf8                UART3_RX_TX_IRQHandler
 .text.UART4_RX_TX_IRQHandler
                0x0000ac06        0xe fsl_uart_irq.o
                0x0000ac06                UART4_RX_TX_IRQHandler
 .text.UART5_RX_TX_IRQHandler
                0x0000ac14        0xe fsl_uart_irq.o
                0x0000ac14                UART5_RX_TX_IRQHandler
 .text.hardware_init
                0x0000ac22       0x30 hardware_init.o
                0x0000ac22                hardware_init
 .text.CLOCK_SYS_GetI2cFreq
                0x0000ac52       0x16 i2c_api.o
 .text.I2C_HAL_Enable
                0x0000ac68       0x24 i2c_api.o
 .text.I2C_HAL_SendAck
                0x0000ac8c       0x24 i2c_api.o
 .text.I2C_HAL_SendNak
                0x0000acb0       0x24 i2c_api.o
 .text.I2C_HAL_SetDirMode
                0x0000acd4       0x2a i2c_api.o
 .text.I2C_HAL_ReadByte
                0x0000acfe       0x1a i2c_api.o
 .text.I2C_HAL_WriteByte
                0x0000ad18       0x1e i2c_api.o
 .text.I2C_HAL_GetStatusFlag
                0x0000ad36       0x34 i2c_api.o
 .text.I2C_HAL_IsMaster
                0x0000ad6a       0x2e i2c_api.o
 .text.I2C_HAL_SetIntCmd
                0x0000ad98       0x28 i2c_api.o
 .text.I2C_HAL_ClearInt
                0x0000adc0       0x1a i2c_api.o
 *fill*         0x0000adda        0x2 
 .text.PORT_HAL_SetOpenDrainCmd
                0x0000addc       0x4c i2c_api.o
 .text.PORT_HAL_SetMuxMode
                0x0000ae28       0x58 i2c_api.o
 .text.i2c_init
                0x0000ae80       0x54 i2c_api.o
                0x0000ae80                i2c_init
 .text.i2c_start
                0x0000aed4       0x28 i2c_api.o
                0x0000aed4                i2c_start
 .text.i2c_stop
                0x0000aefc       0x4c i2c_api.o
                0x0000aefc                i2c_stop
 .text.timeout_status_poll
                0x0000af48       0x58 i2c_api.o
 .text.i2c_wait_end_tx_transfer
                0x0000afa0       0x54 i2c_api.o
 .text.i2c_wait_end_rx_transfer
                0x0000aff4       0x3c i2c_api.o
 .text.i2c_do_write
                0x0000b030       0x38 i2c_api.o
 .text.i2c_do_read
                0x0000b068       0x50 i2c_api.o
 .text.i2c_frequency
                0x0000b0b8       0x50 i2c_api.o
                0x0000b0b8                i2c_frequency
 .text.i2c_read
                0x0000b108       0xe0 i2c_api.o
                0x0000b108                i2c_read
 .text.i2c_write
                0x0000b1e8       0x90 i2c_api.o
                0x0000b1e8                i2c_write
 .text.configure_i2c_pins
                0x0000b278       0x78 i2c_api.o
                0x0000b278                configure_i2c_pins
 .text.NMI_Handler
                0x0000b2f0        0x6 irq_stub.o
                0x0000b2f0                NMI_Handler
 .text.HardFault_Handler
                0x0000b2f6        0x6 irq_stub.o
                0x0000b2f6                HardFault_Handler
 .text.MemManage_Handler
                0x0000b2fc        0x6 irq_stub.o
                0x0000b2fc                MemManage_Handler
 .text.BusFault_Handler
                0x0000b302        0x6 irq_stub.o
                0x0000b302                BusFault_Handler
 .text.UsageFault_Handler
                0x0000b308        0x6 irq_stub.o
                0x0000b308                UsageFault_Handler
 .text.DebugMon_Handler
                0x0000b30e        0x6 irq_stub.o
                0x0000b30e                DebugMon_Handler
 .text.MCM_IRQHandler
                0x0000b314        0x6 irq_stub.o
                0x0000b314                MCM_IRQHandler
 .text.FTFE_IRQHandler
                0x0000b31a        0x6 irq_stub.o
                0x0000b31a                FTFE_IRQHandler
 .text.Read_Collision_IRQHandler
                0x0000b320        0x6 irq_stub.o
                0x0000b320                Read_Collision_IRQHandler
 .text.LVD_LVW_IRQHandler
                0x0000b326        0x6 irq_stub.o
                0x0000b326                LVD_LVW_IRQHandler
 .text.LLWU_IRQHandler
                0x0000b32c        0x6 irq_stub.o
                0x0000b32c                LLWU_IRQHandler
 .text.WDOG_EWM_IRQHandler
                0x0000b332        0x6 irq_stub.o
                0x0000b332                WDOG_EWM_IRQHandler
 .text.RNG_IRQHandler
                0x0000b338        0x6 irq_stub.o
                0x0000b338                RNG_IRQHandler
 .text.I2C0_IRQHandler
                0x0000b33e        0x6 irq_stub.o
                0x0000b33e                I2C0_IRQHandler
 .text.I2C1_IRQHandler
                0x0000b344        0x6 irq_stub.o
                0x0000b344                I2C1_IRQHandler
 .text.SPI0_IRQHandler
                0x0000b34a        0x6 irq_stub.o
                0x0000b34a                SPI0_IRQHandler
 .text.SPI1_IRQHandler
                0x0000b350        0x6 irq_stub.o
                0x0000b350                SPI1_IRQHandler
 .text.I2S0_Tx_IRQHandler
                0x0000b356        0x6 irq_stub.o
                0x0000b356                I2S0_Tx_IRQHandler
 .text.I2S0_Rx_IRQHandler
                0x0000b35c        0x6 irq_stub.o
                0x0000b35c                I2S0_Rx_IRQHandler
 .text.UART0_LON_IRQHandler
                0x0000b362        0x6 irq_stub.o
                0x0000b362                UART0_LON_IRQHandler
 .text.UART0_ERR_IRQHandler
                0x0000b368        0x6 irq_stub.o
                0x0000b368                UART0_ERR_IRQHandler
 .text.UART1_ERR_IRQHandler
                0x0000b36e        0x6 irq_stub.o
                0x0000b36e                UART1_ERR_IRQHandler
 .text.UART2_ERR_IRQHandler
                0x0000b374        0x6 irq_stub.o
                0x0000b374                UART2_ERR_IRQHandler
 .text.UART3_ERR_IRQHandler
                0x0000b37a        0x6 irq_stub.o
                0x0000b37a                UART3_ERR_IRQHandler
 .text.ADC0_IRQHandler
                0x0000b380        0x6 irq_stub.o
                0x0000b380                ADC0_IRQHandler
 .text.CMP0_IRQHandler
                0x0000b386        0x6 irq_stub.o
                0x0000b386                CMP0_IRQHandler
 .text.CMP1_IRQHandler
                0x0000b38c        0x6 irq_stub.o
                0x0000b38c                CMP1_IRQHandler
 .text.FTM0_IRQHandler
                0x0000b392        0x6 irq_stub.o
                0x0000b392                FTM0_IRQHandler
 .text.FTM1_IRQHandler
                0x0000b398        0x6 irq_stub.o
                0x0000b398                FTM1_IRQHandler
 .text.FTM2_IRQHandler
                0x0000b39e        0x6 irq_stub.o
                0x0000b39e                FTM2_IRQHandler
 .text.CMT_IRQHandler
                0x0000b3a4        0x6 irq_stub.o
                0x0000b3a4                CMT_IRQHandler
 .text.RTC_IRQHandler
                0x0000b3aa        0x6 irq_stub.o
                0x0000b3aa                RTC_IRQHandler
 .text.RTC_Seconds_IRQHandler
                0x0000b3b0        0x6 irq_stub.o
                0x0000b3b0                RTC_Seconds_IRQHandler
 .text.PDB0_IRQHandler
                0x0000b3b6        0x6 irq_stub.o
                0x0000b3b6                PDB0_IRQHandler
 .text.USB0_IRQHandler
                0x0000b3bc        0x6 irq_stub.o
                0x0000b3bc                USB0_IRQHandler
 .text.USBDCD_IRQHandler
                0x0000b3c2        0x6 irq_stub.o
                0x0000b3c2                USBDCD_IRQHandler
 .text.Reserved71_IRQHandler
                0x0000b3c8        0x6 irq_stub.o
                0x0000b3c8                Reserved71_IRQHandler
 .text.DAC0_IRQHandler
                0x0000b3ce        0x6 irq_stub.o
                0x0000b3ce                DAC0_IRQHandler
 .text.MCG_IRQHandler
                0x0000b3d4        0x6 irq_stub.o
                0x0000b3d4                MCG_IRQHandler
 .text.LPTMR0_IRQHandler
                0x0000b3da        0x6 irq_stub.o
                0x0000b3da                LPTMR0_IRQHandler
 .text.PORTA_IRQHandler
                0x0000b3e0        0x6 irq_stub.o
                0x0000b3e0                PORTA_IRQHandler
 .text.PORTB_IRQHandler
                0x0000b3e6        0x6 irq_stub.o
                0x0000b3e6                PORTB_IRQHandler
 .text.PORTC_IRQHandler
                0x0000b3ec        0x6 irq_stub.o
                0x0000b3ec                PORTC_IRQHandler
 .text.PORTD_IRQHandler
                0x0000b3f2        0x6 irq_stub.o
                0x0000b3f2                PORTD_IRQHandler
 .text.PORTE_IRQHandler
                0x0000b3f8        0x6 irq_stub.o
                0x0000b3f8                PORTE_IRQHandler
 .text.SWI_IRQHandler
                0x0000b3fe        0x6 irq_stub.o
                0x0000b3fe                SWI_IRQHandler
 .text.SPI2_IRQHandler
                0x0000b404        0x6 irq_stub.o
                0x0000b404                SPI2_IRQHandler
 .text.UART4_ERR_IRQHandler
                0x0000b40a        0x6 irq_stub.o
                0x0000b40a                UART4_ERR_IRQHandler
 .text.UART5_ERR_IRQHandler
                0x0000b410        0x6 irq_stub.o
                0x0000b410                UART5_ERR_IRQHandler
 .text.CMP2_IRQHandler
                0x0000b416        0x6 irq_stub.o
                0x0000b416                CMP2_IRQHandler
 .text.FTM3_IRQHandler
                0x0000b41c        0x6 irq_stub.o
                0x0000b41c                FTM3_IRQHandler
 .text.DAC1_IRQHandler
                0x0000b422        0x6 irq_stub.o
                0x0000b422                DAC1_IRQHandler
 .text.ADC1_IRQHandler
                0x0000b428        0x6 irq_stub.o
                0x0000b428                ADC1_IRQHandler
 .text.I2C2_IRQHandler
                0x0000b42e        0x6 irq_stub.o
                0x0000b42e                I2C2_IRQHandler
 .text.CAN0_ORed_Message_buffer_IRQHandler
                0x0000b434        0x6 irq_stub.o
                0x0000b434                CAN0_ORed_Message_buffer_IRQHandler
 .text.CAN0_Bus_Off_IRQHandler
                0x0000b43a        0x6 irq_stub.o
                0x0000b43a                CAN0_Bus_Off_IRQHandler
 .text.CAN0_Error_IRQHandler
                0x0000b440        0x6 irq_stub.o
                0x0000b440                CAN0_Error_IRQHandler
 .text.CAN0_Tx_Warning_IRQHandler
                0x0000b446        0x6 irq_stub.o
                0x0000b446                CAN0_Tx_Warning_IRQHandler
 .text.CAN0_Rx_Warning_IRQHandler
                0x0000b44c        0x6 irq_stub.o
                0x0000b44c                CAN0_Rx_Warning_IRQHandler
 .text.CAN0_Wake_Up_IRQHandler
                0x0000b452        0x6 irq_stub.o
                0x0000b452                CAN0_Wake_Up_IRQHandler
 .text.mw_osSignalSet
                0x0000b458       0x2e mw_signal.o
                0x0000b458                mw_osSignalSet
 .text.mw_osSignalClear
                0x0000b486       0x26 mw_signal.o
                0x0000b486                mw_osSignalClear
 .text.mw_osSignalWaitEver
                0x0000b4ac       0x20 mw_signal.o
                0x0000b4ac                mw_osSignalWaitEver
 .text.mw_osSignalEventCreate
                0x0000b4cc       0x20 mw_signal.o
                0x0000b4cc                mw_osSignalEventCreate
 .text.mw_osSignalEventRelease
                0x0000b4ec       0x26 mw_signal.o
                0x0000b4ec                mw_osSignalEventRelease
 .text.mw_osSignalEventWaitEver
                0x0000b512       0x34 mw_signal.o
                0x0000b512                mw_osSignalEventWaitEver
 .text.mw_osThreadCreate
                0x0000b546       0x52 mw_thread.o
                0x0000b546                mw_osThreadCreate
 .text.mw_osThreadGetId
                0x0000b598        0xe mw_thread.o
                0x0000b598                mw_osThreadGetId
 .text.mw_osThreadExit
                0x0000b5a6       0x22 mw_thread.o
                0x0000b5a6                mw_osThreadExit
 .text.mw_osTimerCreate
                0x0000b5c8       0x4e mw_timer.o
                0x0000b5c8                mw_osTimerCreate
 .text.mw_osTimerStart
                0x0000b616       0x24 mw_timer.o
                0x0000b616                mw_osTimerStart
 *fill*         0x0000b63a        0x2 
 .text.PORT_HAL_SetMuxMode
                0x0000b63c       0x58 pin_mux.o
 .text.SIM_HAL_EnableClock
                0x0000b694       0x40 pin_mux.o
 .text.configure_uart_pins
                0x0000b6d4      0x194 pin_mux.o
                0x0000b6d4                configure_uart_pins
 .text.rtGetInf
                0x0000b868       0x60 rtGetInf.o
                0x0000b868                rtGetInf
 .text.rtGetInfF
                0x0000b8c8       0x20 rtGetInf.o
                0x0000b8c8                rtGetInfF
 .text.rtGetMinusInf
                0x0000b8e8       0x60 rtGetInf.o
                0x0000b8e8                rtGetMinusInf
 .text.rtGetMinusInfF
                0x0000b948       0x24 rtGetInf.o
                0x0000b948                rtGetMinusInfF
 .text.rtGetNaN
                0x0000b96c       0x60 rtGetNaN.o
                0x0000b96c                rtGetNaN
 .text.rtGetNaNF
                0x0000b9cc       0x28 rtGetNaN.o
                0x0000b9cc                rtGetNaNF
 .text.rt_InitInfAndNaN
                0x0000b9f4       0x88 rt_nonfinite.o
                0x0000b9f4                rt_InitInfAndNaN
 .text.rtIsInf  0x0000ba7c       0x50 rt_nonfinite.o
                0x0000ba7c                rtIsInf
 .text.rtIsInfF
                0x0000bacc       0x4c rt_nonfinite.o
                0x0000bacc                rtIsInfF
 .text.rtIsNaN  0x0000bb18       0x6c rt_nonfinite.o
                0x0000bb18                rtIsNaN
 .text.rtIsNaNF
                0x0000bb84       0x38 rt_nonfinite.o
                0x0000bb84                rtIsNaNF
 .text._sbrk    0x0000bbbc       0x5c sbrk.o
                0x0000bbbc                _sbrk
 .text.init_data_bss
                0x0000bc18       0xcc startup.o
                0x0000bc18                init_data_bss
 .text.SystemInit
                0x0000bce4      0x1dc system_MK64F12.o
                0x0000bce4                SystemInit
 .text.SystemCoreClockUpdate
                0x0000bec0      0x278 system_MK64F12.o
                0x0000bec0                SystemCoreClockUpdate
 .text.osThreadExit
                0x0000c138       0x18 C:/ProgramData/MATLAB/SupportPackages/R2020a/3P.instrset/cmsis.instrset/CMSIS/RTOS/RTX/LIB/GCC/libRTX_CM4.a(rt_cmsis.o)
                0x0000c138                osThreadExit
 .text.svcKernelInitialize
                0x0000c150      0x100 C:/ProgramData/MATLAB/SupportPackages/R2020a/3P.instrset/cmsis.instrset/CMSIS/RTOS/RTX/LIB/GCC/libRTX_CM4.a(rt_cmsis.o)
                0x0000c150                svcKernelInitialize
 .text.svcKernelStart
                0x0000c250       0x4c C:/ProgramData/MATLAB/SupportPackages/R2020a/3P.instrset/cmsis.instrset/CMSIS/RTOS/RTX/LIB/GCC/libRTX_CM4.a(rt_cmsis.o)
                0x0000c250                svcKernelStart
 .text.osKernelInitialize
                0x0000c29c      0x120 C:/ProgramData/MATLAB/SupportPackages/R2020a/3P.instrset/cmsis.instrset/CMSIS/RTOS/RTX/LIB/GCC/libRTX_CM4.a(rt_cmsis.o)
                0x0000c29c                osKernelInitialize
 .text.osKernelStart
                0x0000c3bc       0x70 C:/ProgramData/MATLAB/SupportPackages/R2020a/3P.instrset/cmsis.instrset/CMSIS/RTOS/RTX/LIB/GCC/libRTX_CM4.a(rt_cmsis.o)
                0x0000c3bc                osKernelStart
 .text.svcThreadCreate
                0x0000c42c       0x7c C:/ProgramData/MATLAB/SupportPackages/R2020a/3P.instrset/cmsis.instrset/CMSIS/RTOS/RTX/LIB/GCC/libRTX_CM4.a(rt_cmsis.o)
                0x0000c42c                svcThreadCreate
 .text.svcThreadGetId
                0x0000c4a8       0x18 C:/ProgramData/MATLAB/SupportPackages/R2020a/3P.instrset/cmsis.instrset/CMSIS/RTOS/RTX/LIB/GCC/libRTX_CM4.a(rt_cmsis.o)
                0x0000c4a8                svcThreadGetId
 .text.svcThreadTerminate
                0x0000c4c0       0x44 C:/ProgramData/MATLAB/SupportPackages/R2020a/3P.instrset/cmsis.instrset/CMSIS/RTOS/RTX/LIB/GCC/libRTX_CM4.a(rt_cmsis.o)
                0x0000c4c0                svcThreadTerminate
 .text.osThreadCreate
                0x0000c504       0x9c C:/ProgramData/MATLAB/SupportPackages/R2020a/3P.instrset/cmsis.instrset/CMSIS/RTOS/RTX/LIB/GCC/libRTX_CM4.a(rt_cmsis.o)
                0x0000c504                osThreadCreate
 .text.osThreadGetId
                0x0000c5a0       0x18 C:/ProgramData/MATLAB/SupportPackages/R2020a/3P.instrset/cmsis.instrset/CMSIS/RTOS/RTX/LIB/GCC/libRTX_CM4.a(rt_cmsis.o)
                0x0000c5a0                osThreadGetId
 .text.osThreadTerminate
                0x0000c5b8       0x18 C:/ProgramData/MATLAB/SupportPackages/R2020a/3P.instrset/cmsis.instrset/CMSIS/RTOS/RTX/LIB/GCC/libRTX_CM4.a(rt_cmsis.o)
                0x0000c5b8                osThreadTerminate
 .text.svcTimerCreate
                0x0000c5d0       0x3c C:/ProgramData/MATLAB/SupportPackages/R2020a/3P.instrset/cmsis.instrset/CMSIS/RTOS/RTX/LIB/GCC/libRTX_CM4.a(rt_cmsis.o)
                0x0000c5d0                svcTimerCreate
 .text.svcTimerStart
                0x0000c60c       0xc8 C:/ProgramData/MATLAB/SupportPackages/R2020a/3P.instrset/cmsis.instrset/CMSIS/RTOS/RTX/LIB/GCC/libRTX_CM4.a(rt_cmsis.o)
                0x0000c60c                svcTimerStart
 .text.svcTimerCall
                0x0000c6d4       0x18 C:/ProgramData/MATLAB/SupportPackages/R2020a/3P.instrset/cmsis.instrset/CMSIS/RTOS/RTX/LIB/GCC/libRTX_CM4.a(rt_cmsis.o)
                0x0000c6d4                svcTimerCall
 .text.sysTimerTick
                0x0000c6ec       0xb4 C:/ProgramData/MATLAB/SupportPackages/R2020a/3P.instrset/cmsis.instrset/CMSIS/RTOS/RTX/LIB/GCC/libRTX_CM4.a(rt_cmsis.o)
                0x0000c6ec                sysTimerTick
 .text.osTimerCreate
                0x0000c7a0       0x64 C:/ProgramData/MATLAB/SupportPackages/R2020a/3P.instrset/cmsis.instrset/CMSIS/RTOS/RTX/LIB/GCC/libRTX_CM4.a(rt_cmsis.o)
                0x0000c7a0                osTimerCreate
 .text.osTimerStart
                0x0000c804       0x18 C:/ProgramData/MATLAB/SupportPackages/R2020a/3P.instrset/cmsis.instrset/CMSIS/RTOS/RTX/LIB/GCC/libRTX_CM4.a(rt_cmsis.o)
                0x0000c804                osTimerStart
 .text.osTimerThread
                0x0000c81c       0x40 C:/ProgramData/MATLAB/SupportPackages/R2020a/3P.instrset/cmsis.instrset/CMSIS/RTOS/RTX/LIB/GCC/libRTX_CM4.a(rt_cmsis.o)
                0x0000c81c                osTimerThread
 .text.svcSignalSet
                0x0000c85c       0x28 C:/ProgramData/MATLAB/SupportPackages/R2020a/3P.instrset/cmsis.instrset/CMSIS/RTOS/RTX/LIB/GCC/libRTX_CM4.a(rt_cmsis.o)
                0x0000c85c                svcSignalSet
 .text.svcSignalClear
                0x0000c884       0x28 C:/ProgramData/MATLAB/SupportPackages/R2020a/3P.instrset/cmsis.instrset/CMSIS/RTOS/RTX/LIB/GCC/libRTX_CM4.a(rt_cmsis.o)
                0x0000c884                svcSignalClear
 .text.svcSignalWait
                0x0000c8ac       0xfc C:/ProgramData/MATLAB/SupportPackages/R2020a/3P.instrset/cmsis.instrset/CMSIS/RTOS/RTX/LIB/GCC/libRTX_CM4.a(rt_cmsis.o)
                0x0000c8ac                svcSignalWait
 .text.osSignalSet
                0x0000c9a8       0x40 C:/ProgramData/MATLAB/SupportPackages/R2020a/3P.instrset/cmsis.instrset/CMSIS/RTOS/RTX/LIB/GCC/libRTX_CM4.a(rt_cmsis.o)
                0x0000c9a8                osSignalSet
 .text.osSignalClear
                0x0000c9e8       0x1c C:/ProgramData/MATLAB/SupportPackages/R2020a/3P.instrset/cmsis.instrset/CMSIS/RTOS/RTX/LIB/GCC/libRTX_CM4.a(rt_cmsis.o)
                0x0000c9e8                osSignalClear
 .text.osSignalWait
                0x0000ca04       0x28 C:/ProgramData/MATLAB/SupportPackages/R2020a/3P.instrset/cmsis.instrset/CMSIS/RTOS/RTX/LIB/GCC/libRTX_CM4.a(rt_cmsis.o)
                0x0000ca04                osSignalWait
 .text.svcMessageGet
                0x0000ca2c       0xa8 C:/ProgramData/MATLAB/SupportPackages/R2020a/3P.instrset/cmsis.instrset/CMSIS/RTOS/RTX/LIB/GCC/libRTX_CM4.a(rt_cmsis.o)
                0x0000ca2c                svcMessageGet
 .text.rt_init_stack
                0x0000cad4       0xa4 C:/ProgramData/MATLAB/SupportPackages/R2020a/3P.instrset/cmsis.instrset/CMSIS/RTOS/RTX/LIB/GCC/libRTX_CM4.a(hal_cm.o)
                0x0000cad4                rt_init_stack
 .text.rt_ret_val
                0x0000cb78       0x14 C:/ProgramData/MATLAB/SupportPackages/R2020a/3P.instrset/cmsis.instrset/CMSIS/RTOS/RTX/LIB/GCC/libRTX_CM4.a(hal_cm.o)
                0x0000cb78                rt_ret_val
 .text.rt_ret_val2
                0x0000cb8c       0x24 C:/ProgramData/MATLAB/SupportPackages/R2020a/3P.instrset/cmsis.instrset/CMSIS/RTOS/RTX/LIB/GCC/libRTX_CM4.a(hal_cm.o)
                0x0000cb8c                rt_ret_val2
 .text.dbg_init
                0x0000cbb0       0x34 C:/ProgramData/MATLAB/SupportPackages/R2020a/3P.instrset/cmsis.instrset/CMSIS/RTOS/RTX/LIB/GCC/libRTX_CM4.a(hal_cm.o)
                0x0000cbb0                dbg_init
 .text.dbg_task_notify
                0x0000cbe4       0x2c C:/ProgramData/MATLAB/SupportPackages/R2020a/3P.instrset/cmsis.instrset/CMSIS/RTOS/RTX/LIB/GCC/libRTX_CM4.a(hal_cm.o)
                0x0000cbe4                dbg_task_notify
 .text.dbg_task_switch
                0x0000cc10       0x14 C:/ProgramData/MATLAB/SupportPackages/R2020a/3P.instrset/cmsis.instrset/CMSIS/RTOS/RTX/LIB/GCC/libRTX_CM4.a(hal_cm.o)
                0x0000cc10                dbg_task_switch
 .text.rt_init_mem
                0x0000cc24       0x1c C:/ProgramData/MATLAB/SupportPackages/R2020a/3P.instrset/cmsis.instrset/CMSIS/RTOS/RTX/LIB/GCC/libRTX_CM4.a(rt_memory.o)
                0x0000cc24                rt_init_mem
 .text.rt_alloc_mem
                0x0000cc40       0x50 C:/ProgramData/MATLAB/SupportPackages/R2020a/3P.instrset/cmsis.instrset/CMSIS/RTOS/RTX/LIB/GCC/libRTX_CM4.a(rt_memory.o)
                0x0000cc40                rt_alloc_mem
 .text.rt_free_mem
                0x0000cc90       0x44 C:/ProgramData/MATLAB/SupportPackages/R2020a/3P.instrset/cmsis.instrset/CMSIS/RTOS/RTX/LIB/GCC/libRTX_CM4.a(rt_memory.o)
                0x0000cc90                rt_free_mem
 .text._init_box
                0x0000ccd4       0x58 C:/ProgramData/MATLAB/SupportPackages/R2020a/3P.instrset/cmsis.instrset/CMSIS/RTOS/RTX/LIB/GCC/libRTX_CM4.a(rt_membox.o)
                0x0000ccd4                _init_box
 .text.rt_alloc_box
                0x0000cd2c       0x1c C:/ProgramData/MATLAB/SupportPackages/R2020a/3P.instrset/cmsis.instrset/CMSIS/RTOS/RTX/LIB/GCC/libRTX_CM4.a(rt_membox.o)
                0x0000cd2c                rt_alloc_box
 .text.rt_free_box
                0x0000cd48       0x28 C:/ProgramData/MATLAB/SupportPackages/R2020a/3P.instrset/cmsis.instrset/CMSIS/RTOS/RTX/LIB/GCC/libRTX_CM4.a(rt_membox.o)
                0x0000cd48                rt_free_box
 .text.rt_sem_psh
                0x0000cd70       0x34 C:/ProgramData/MATLAB/SupportPackages/R2020a/3P.instrset/cmsis.instrset/CMSIS/RTOS/RTX/LIB/GCC/libRTX_CM4.a(rt_semaphore.o)
                0x0000cd70                rt_sem_psh
 .text.rt_mbx_init
                0x0000cda4       0x1c C:/ProgramData/MATLAB/SupportPackages/R2020a/3P.instrset/cmsis.instrset/CMSIS/RTOS/RTX/LIB/GCC/libRTX_CM4.a(rt_mailbox.o)
                0x0000cda4                rt_mbx_init
 .text.rt_mbx_wait
                0x0000cdc0       0xa8 C:/ProgramData/MATLAB/SupportPackages/R2020a/3P.instrset/cmsis.instrset/CMSIS/RTOS/RTX/LIB/GCC/libRTX_CM4.a(rt_mailbox.o)
                0x0000cdc0                rt_mbx_wait
 .text.rt_mbx_check
                0x0000ce68        0x8 C:/ProgramData/MATLAB/SupportPackages/R2020a/3P.instrset/cmsis.instrset/CMSIS/RTOS/RTX/LIB/GCC/libRTX_CM4.a(rt_mailbox.o)
                0x0000ce68                rt_mbx_check
 .text.isr_mbx_send
                0x0000ce70       0x10 C:/ProgramData/MATLAB/SupportPackages/R2020a/3P.instrset/cmsis.instrset/CMSIS/RTOS/RTX/LIB/GCC/libRTX_CM4.a(rt_mailbox.o)
                0x0000ce70                isr_mbx_send
 .text.rt_mbx_psh
                0x0000ce80       0xe4 C:/ProgramData/MATLAB/SupportPackages/R2020a/3P.instrset/cmsis.instrset/CMSIS/RTOS/RTX/LIB/GCC/libRTX_CM4.a(rt_mailbox.o)
                0x0000ce80                rt_mbx_psh
 .text.rt_put_prio
                0x0000cf64       0x50 C:/ProgramData/MATLAB/SupportPackages/R2020a/3P.instrset/cmsis.instrset/CMSIS/RTOS/RTX/LIB/GCC/libRTX_CM4.a(rt_list.o)
                0x0000cf64                rt_put_prio
 .text.rt_get_first
                0x0000cfb4       0x28 C:/ProgramData/MATLAB/SupportPackages/R2020a/3P.instrset/cmsis.instrset/CMSIS/RTOS/RTX/LIB/GCC/libRTX_CM4.a(rt_list.o)
                0x0000cfb4                rt_get_first
 .text.rt_put_rdy_first
                0x0000cfdc       0x14 C:/ProgramData/MATLAB/SupportPackages/R2020a/3P.instrset/cmsis.instrset/CMSIS/RTOS/RTX/LIB/GCC/libRTX_CM4.a(rt_list.o)
                0x0000cfdc                rt_put_rdy_first
 .text.rt_resort_prio
                0x0000cff0       0x94 C:/ProgramData/MATLAB/SupportPackages/R2020a/3P.instrset/cmsis.instrset/CMSIS/RTOS/RTX/LIB/GCC/libRTX_CM4.a(rt_list.o)
                0x0000cff0                rt_resort_prio
 .text.rt_put_dly
                0x0000d084       0x60 C:/ProgramData/MATLAB/SupportPackages/R2020a/3P.instrset/cmsis.instrset/CMSIS/RTOS/RTX/LIB/GCC/libRTX_CM4.a(rt_list.o)
                0x0000d084                rt_put_dly
 .text.rt_dec_dly
                0x0000d0e4       0xd8 C:/ProgramData/MATLAB/SupportPackages/R2020a/3P.instrset/cmsis.instrset/CMSIS/RTOS/RTX/LIB/GCC/libRTX_CM4.a(rt_list.o)
                0x0000d0e4                rt_dec_dly
 .text.rt_rmv_list
                0x0000d1bc       0x2c C:/ProgramData/MATLAB/SupportPackages/R2020a/3P.instrset/cmsis.instrset/CMSIS/RTOS/RTX/LIB/GCC/libRTX_CM4.a(rt_list.o)
                0x0000d1bc                rt_rmv_list
 .text.rt_rmv_dly
                0x0000d1e8       0x2c C:/ProgramData/MATLAB/SupportPackages/R2020a/3P.instrset/cmsis.instrset/CMSIS/RTOS/RTX/LIB/GCC/libRTX_CM4.a(rt_list.o)
                0x0000d1e8                rt_rmv_dly
 .text.rt_psq_enq
                0x0000d214       0x44 C:/ProgramData/MATLAB/SupportPackages/R2020a/3P.instrset/cmsis.instrset/CMSIS/RTOS/RTX/LIB/GCC/libRTX_CM4.a(rt_list.o)
                0x0000d214                rt_psq_enq
 .text.rt_evt_wait
                0x0000d258       0x4c C:/ProgramData/MATLAB/SupportPackages/R2020a/3P.instrset/cmsis.instrset/CMSIS/RTOS/RTX/LIB/GCC/libRTX_CM4.a(rt_event.o)
                0x0000d258                rt_evt_wait
 .text.rt_evt_set
                0x0000d2a4       0x58 C:/ProgramData/MATLAB/SupportPackages/R2020a/3P.instrset/cmsis.instrset/CMSIS/RTOS/RTX/LIB/GCC/libRTX_CM4.a(rt_event.o)
                0x0000d2a4                rt_evt_set
 .text.rt_evt_clr
                0x0000d2fc       0x18 C:/ProgramData/MATLAB/SupportPackages/R2020a/3P.instrset/cmsis.instrset/CMSIS/RTOS/RTX/LIB/GCC/libRTX_CM4.a(rt_event.o)
                0x0000d2fc                rt_evt_clr
 .text.isr_evt_set
                0x0000d314       0x24 C:/ProgramData/MATLAB/SupportPackages/R2020a/3P.instrset/cmsis.instrset/CMSIS/RTOS/RTX/LIB/GCC/libRTX_CM4.a(rt_event.o)
                0x0000d314                isr_evt_set
 .text.rt_evt_psh
                0x0000d338       0x50 C:/ProgramData/MATLAB/SupportPackages/R2020a/3P.instrset/cmsis.instrset/CMSIS/RTOS/RTX/LIB/GCC/libRTX_CM4.a(rt_event.o)
                0x0000d338                rt_evt_psh
 .text.rt_psh_req
                0x0000d388       0x20 C:/ProgramData/MATLAB/SupportPackages/R2020a/3P.instrset/cmsis.instrset/CMSIS/RTOS/RTX/LIB/GCC/libRTX_CM4.a(rt_system.o)
                0x0000d388                rt_psh_req
 .text.rt_pop_req
                0x0000d3a8       0x78 C:/ProgramData/MATLAB/SupportPackages/R2020a/3P.instrset/cmsis.instrset/CMSIS/RTOS/RTX/LIB/GCC/libRTX_CM4.a(rt_system.o)
                0x0000d3a8                rt_pop_req
 .text.os_tick_init
                0x0000d420       0x40 C:/ProgramData/MATLAB/SupportPackages/R2020a/3P.instrset/cmsis.instrset/CMSIS/RTOS/RTX/LIB/GCC/libRTX_CM4.a(rt_system.o)
                0x0000d420                os_tick_init
 .text.os_tick_irqack
                0x0000d460        0x4 C:/ProgramData/MATLAB/SupportPackages/R2020a/3P.instrset/cmsis.instrset/CMSIS/RTOS/RTX/LIB/GCC/libRTX_CM4.a(rt_system.o)
                0x0000d460                os_tick_irqack
 .text.rt_systick
                0x0000d464       0x3c C:/ProgramData/MATLAB/SupportPackages/R2020a/3P.instrset/cmsis.instrset/CMSIS/RTOS/RTX/LIB/GCC/libRTX_CM4.a(rt_system.o)
                0x0000d464                rt_systick
 .text.rt_stk_check
                0x0000d4a0       0x24 C:/ProgramData/MATLAB/SupportPackages/R2020a/3P.instrset/cmsis.instrset/CMSIS/RTOS/RTX/LIB/GCC/libRTX_CM4.a(rt_system.o)
                0x0000d4a0                rt_stk_check
 .text.rt_switch_req
                0x0000d4c4       0x24 C:/ProgramData/MATLAB/SupportPackages/R2020a/3P.instrset/cmsis.instrset/CMSIS/RTOS/RTX/LIB/GCC/libRTX_CM4.a(rt_task.o)
                0x0000d4c4                rt_switch_req
 .text.rt_dispatch
                0x0000d4e8       0x7c C:/ProgramData/MATLAB/SupportPackages/R2020a/3P.instrset/cmsis.instrset/CMSIS/RTOS/RTX/LIB/GCC/libRTX_CM4.a(rt_task.o)
                0x0000d4e8                rt_dispatch
 .text.rt_block
                0x0000d564       0x50 C:/ProgramData/MATLAB/SupportPackages/R2020a/3P.instrset/cmsis.instrset/CMSIS/RTOS/RTX/LIB/GCC/libRTX_CM4.a(rt_task.o)
                0x0000d564                rt_block
 .text.rt_tsk_self
                0x0000d5b4       0x10 C:/ProgramData/MATLAB/SupportPackages/R2020a/3P.instrset/cmsis.instrset/CMSIS/RTOS/RTX/LIB/GCC/libRTX_CM4.a(rt_task.o)
                0x0000d5b4                rt_tsk_self
 .text.rt_tsk_prio
                0x0000d5c4       0xf8 C:/ProgramData/MATLAB/SupportPackages/R2020a/3P.instrset/cmsis.instrset/CMSIS/RTOS/RTX/LIB/GCC/libRTX_CM4.a(rt_task.o)
                0x0000d5c4                rt_tsk_prio
 .text.rt_tsk_create
                0x0000d6bc      0x110 C:/ProgramData/MATLAB/SupportPackages/R2020a/3P.instrset/cmsis.instrset/CMSIS/RTOS/RTX/LIB/GCC/libRTX_CM4.a(rt_task.o)
                0x0000d6bc                rt_tsk_create
 .text.rt_tsk_delete
                0x0000d7cc      0x1c4 C:/ProgramData/MATLAB/SupportPackages/R2020a/3P.instrset/cmsis.instrset/CMSIS/RTOS/RTX/LIB/GCC/libRTX_CM4.a(rt_task.o)
                0x0000d7cc                rt_tsk_delete
 .text.rt_sys_init
                0x0000d990       0xec C:/ProgramData/MATLAB/SupportPackages/R2020a/3P.instrset/cmsis.instrset/CMSIS/RTOS/RTX/LIB/GCC/libRTX_CM4.a(rt_task.o)
                0x0000d990                rt_sys_init
 .text.rt_sys_start
                0x0000da7c       0x8c C:/ProgramData/MATLAB/SupportPackages/R2020a/3P.instrset/cmsis.instrset/CMSIS/RTOS/RTX/LIB/GCC/libRTX_CM4.a(rt_task.o)
                0x0000da7c                rt_sys_start
 .text.OSA_TimeInit
                0x0000db08       0x44 C:/ProgramData/MATLAB/SupportPackages/R2020a/toolbox/target/supportpackages/freedomk64f/src/ksdk_armgcc_lib/bm/libksdk_platform.a(fsl_os_abstraction_bm.o)
                0x0000db08                OSA_TimeInit
 .text.OSA_TimeDiff
                0x0000db4c        0xe C:/ProgramData/MATLAB/SupportPackages/R2020a/toolbox/target/supportpackages/freedomk64f/src/ksdk_armgcc_lib/bm/libksdk_platform.a(fsl_os_abstraction_bm.o)
                0x0000db4c                OSA_TimeDiff
 *fill*         0x0000db5a        0x2 
 .text.OSA_SemaCreate
                0x0000db5c       0x2c C:/ProgramData/MATLAB/SupportPackages/R2020a/toolbox/target/supportpackages/freedomk64f/src/ksdk_armgcc_lib/bm/libksdk_platform.a(fsl_os_abstraction_bm.o)
                0x0000db5c                OSA_SemaCreate
 .text.OSA_SemaPost
                0x0000db88       0x3c C:/ProgramData/MATLAB/SupportPackages/R2020a/toolbox/target/supportpackages/freedomk64f/src/ksdk_armgcc_lib/bm/libksdk_platform.a(fsl_os_abstraction_bm.o)
                0x0000db88                OSA_SemaPost
 .text.task_init
                0x0000dbc4       0x38 C:/ProgramData/MATLAB/SupportPackages/R2020a/toolbox/target/supportpackages/freedomk64f/src/ksdk_armgcc_lib/bm/libksdk_platform.a(fsl_os_abstraction_bm.o)
                0x0000dbc4                task_init
 .text.OSA_TimeGetMsec
                0x0000dbfc        0xc C:/ProgramData/MATLAB/SupportPackages/R2020a/toolbox/target/supportpackages/freedomk64f/src/ksdk_armgcc_lib/bm/libksdk_platform.a(fsl_os_abstraction_bm.o)
                0x0000dbfc                OSA_TimeGetMsec
 .text.OSA_TimeDelay
                0x0000dc08       0x1c C:/ProgramData/MATLAB/SupportPackages/R2020a/toolbox/target/supportpackages/freedomk64f/src/ksdk_armgcc_lib/bm/libksdk_platform.a(fsl_os_abstraction_bm.o)
                0x0000dc08                OSA_TimeDelay
 .text.OSA_Init
                0x0000dc24        0xe C:/ProgramData/MATLAB/SupportPackages/R2020a/toolbox/target/supportpackages/freedomk64f/src/ksdk_armgcc_lib/bm/libksdk_platform.a(fsl_os_abstraction_bm.o)
                0x0000dc24                OSA_Init
 *fill*         0x0000dc32        0x2 
 .text.CLOCK_SYS_SetMcgPeeToFbe
                0x0000dc34       0x34 C:/ProgramData/MATLAB/SupportPackages/R2020a/toolbox/target/supportpackages/freedomk64f/src/ksdk_armgcc_lib/bm/libksdk_platform.a(fsl_clock_manager.o)
 .text.CLOCK_SYS_SetMcgMode
                0x0000dc68      0x124 C:/ProgramData/MATLAB/SupportPackages/R2020a/toolbox/target/supportpackages/freedomk64f/src/ksdk_armgcc_lib/bm/libksdk_platform.a(fsl_clock_manager.o)
                0x0000dc68                CLOCK_SYS_SetMcgMode
 .text.CLOCK_SYS_SetOscerConfigration
                0x0000dd8c       0x1c C:/ProgramData/MATLAB/SupportPackages/R2020a/toolbox/target/supportpackages/freedomk64f/src/ksdk_armgcc_lib/bm/libksdk_platform.a(fsl_clock_manager.o)
                0x0000dd8c                CLOCK_SYS_SetOscerConfigration
 .text.CLOCK_SYS_OscInit
                0x0000dda8       0x9c C:/ProgramData/MATLAB/SupportPackages/R2020a/toolbox/target/supportpackages/freedomk64f/src/ksdk_armgcc_lib/bm/libksdk_platform.a(fsl_clock_manager.o)
                0x0000dda8                CLOCK_SYS_OscInit
 .text.CLOCK_SYS_RtcOscInit
                0x0000de44       0x68 C:/ProgramData/MATLAB/SupportPackages/R2020a/toolbox/target/supportpackages/freedomk64f/src/ksdk_armgcc_lib/bm/libksdk_platform.a(fsl_clock_manager.o)
                0x0000de44                CLOCK_SYS_RtcOscInit
 .text.SIM_HAL_EnableClock.constprop.10
                0x0000deac       0x1c C:/ProgramData/MATLAB/SupportPackages/R2020a/toolbox/target/supportpackages/freedomk64f/src/ksdk_armgcc_lib/bm/libksdk_platform.a(fsl_clock_MK64F12.o)
 .text.CLOCK_SYS_GetCoreClockFreq
                0x0000dec8       0x24 C:/ProgramData/MATLAB/SupportPackages/R2020a/toolbox/target/supportpackages/freedomk64f/src/ksdk_armgcc_lib/bm/libksdk_platform.a(fsl_clock_MK64F12.o)
                0x0000dec8                CLOCK_SYS_GetCoreClockFreq
 .text.CLOCK_SYS_SetConfiguration
                0x0000deec       0x94 C:/ProgramData/MATLAB/SupportPackages/R2020a/toolbox/target/supportpackages/freedomk64f/src/ksdk_armgcc_lib/bm/libksdk_platform.a(fsl_clock_MK64F12.o)
                0x0000deec                CLOCK_SYS_SetConfiguration
 .text.CLOCK_SYS_FllStableDelay
                0x0000df80       0x1a C:/ProgramData/MATLAB/SupportPackages/R2020a/toolbox/target/supportpackages/freedomk64f/src/ksdk_armgcc_lib/bm/libksdk_platform.a(fsl_clock_MK64F12.o)
 *fill*         0x0000df9a        0x2 
 .text.CLOCK_SYS_GetBusClockFreq
                0x0000df9c       0x24 C:/ProgramData/MATLAB/SupportPackages/R2020a/toolbox/target/supportpackages/freedomk64f/src/ksdk_armgcc_lib/bm/libksdk_platform.a(fsl_clock_MK64F12.o)
                0x0000df9c                CLOCK_SYS_GetBusClockFreq
 .text.CLOCK_SYS_GetUartFreq
                0x0000dfc0       0x1a C:/ProgramData/MATLAB/SupportPackages/R2020a/toolbox/target/supportpackages/freedomk64f/src/ksdk_armgcc_lib/bm/libksdk_platform.a(fsl_clock_MK64F12.o)
                0x0000dfc0                CLOCK_SYS_GetUartFreq
 *fill*         0x0000dfda        0x2 
 .text.CLOCK_SYS_GetFtmExternalFreq
                0x0000dfdc       0x20 C:/ProgramData/MATLAB/SupportPackages/R2020a/toolbox/target/supportpackages/freedomk64f/src/ksdk_armgcc_lib/bm/libksdk_platform.a(fsl_clock_MK64F12.o)
                0x0000dfdc                CLOCK_SYS_GetFtmExternalFreq
 .text.CLOCK_SYS_EnablePortClock
                0x0000dffc       0x30 C:/ProgramData/MATLAB/SupportPackages/R2020a/toolbox/target/supportpackages/freedomk64f/src/ksdk_armgcc_lib/bm/libksdk_platform.a(fsl_clock_MK64F12.o)
                0x0000dffc                CLOCK_SYS_EnablePortClock
 .text.CLOCK_SYS_EnableAdcClock
                0x0000e02c       0x30 C:/ProgramData/MATLAB/SupportPackages/R2020a/toolbox/target/supportpackages/freedomk64f/src/ksdk_armgcc_lib/bm/libksdk_platform.a(fsl_clock_MK64F12.o)
                0x0000e02c                CLOCK_SYS_EnableAdcClock
 .text.CLOCK_SYS_EnableFtmClock
                0x0000e05c       0x30 C:/ProgramData/MATLAB/SupportPackages/R2020a/toolbox/target/supportpackages/freedomk64f/src/ksdk_armgcc_lib/bm/libksdk_platform.a(fsl_clock_MK64F12.o)
                0x0000e05c                CLOCK_SYS_EnableFtmClock
 .text.CLOCK_SYS_EnableI2cClock
                0x0000e08c       0x30 C:/ProgramData/MATLAB/SupportPackages/R2020a/toolbox/target/supportpackages/freedomk64f/src/ksdk_armgcc_lib/bm/libksdk_platform.a(fsl_clock_MK64F12.o)
                0x0000e08c                CLOCK_SYS_EnableI2cClock
 .text.CLOCK_SYS_EnableUartClock
                0x0000e0bc       0x30 C:/ProgramData/MATLAB/SupportPackages/R2020a/toolbox/target/supportpackages/freedomk64f/src/ksdk_armgcc_lib/bm/libksdk_platform.a(fsl_clock_MK64F12.o)
                0x0000e0bc                CLOCK_SYS_EnableUartClock
 .text.INT_SYS_EnableIRQGlobal
                0x0000e0ec       0x14 C:/ProgramData/MATLAB/SupportPackages/R2020a/toolbox/target/supportpackages/freedomk64f/src/ksdk_armgcc_lib/bm/libksdk_platform.a(fsl_interrupt_manager.o)
                0x0000e0ec                INT_SYS_EnableIRQGlobal
 .text.INT_SYS_DisableIRQGlobal
                0x0000e100       0x10 C:/ProgramData/MATLAB/SupportPackages/R2020a/toolbox/target/supportpackages/freedomk64f/src/ksdk_armgcc_lib/bm/libksdk_platform.a(fsl_interrupt_manager.o)
                0x0000e100                INT_SYS_DisableIRQGlobal
 .text.unlikely.ADC16_HAL_GetChnConvCompletedFlag.part.0
                0x0000e110       0x1c C:/ProgramData/MATLAB/SupportPackages/R2020a/toolbox/target/supportpackages/freedomk64f/src/ksdk_armgcc_lib/bm/libksdk_platform.a(fsl_adc16_driver.o)
 .text.ADC16_DRV_StructInitUserConfigDefault
                0x0000e12c       0x24 C:/ProgramData/MATLAB/SupportPackages/R2020a/toolbox/target/supportpackages/freedomk64f/src/ksdk_armgcc_lib/bm/libksdk_platform.a(fsl_adc16_driver.o)
                0x0000e12c                ADC16_DRV_StructInitUserConfigDefault
 .text.ADC16_DRV_Init
                0x0000e150       0x90 C:/ProgramData/MATLAB/SupportPackages/R2020a/toolbox/target/supportpackages/freedomk64f/src/ksdk_armgcc_lib/bm/libksdk_platform.a(fsl_adc16_driver.o)
                0x0000e150                ADC16_DRV_Init
 .text.ADC16_DRV_SetChnMux
                0x0000e1e0       0x40 C:/ProgramData/MATLAB/SupportPackages/R2020a/toolbox/target/supportpackages/freedomk64f/src/ksdk_armgcc_lib/bm/libksdk_platform.a(fsl_adc16_driver.o)
                0x0000e1e0                ADC16_DRV_SetChnMux
 .text.ADC16_DRV_ConfigConvChn
                0x0000e220       0x38 C:/ProgramData/MATLAB/SupportPackages/R2020a/toolbox/target/supportpackages/freedomk64f/src/ksdk_armgcc_lib/bm/libksdk_platform.a(fsl_adc16_driver.o)
                0x0000e220                ADC16_DRV_ConfigConvChn
 .text.ADC16_DRV_WaitConvDone
                0x0000e258       0x48 C:/ProgramData/MATLAB/SupportPackages/R2020a/toolbox/target/supportpackages/freedomk64f/src/ksdk_armgcc_lib/bm/libksdk_platform.a(fsl_adc16_driver.o)
                0x0000e258                ADC16_DRV_WaitConvDone
 .text.ADC16_DRV_GetConvValueRAW
                0x0000e2a0       0x50 C:/ProgramData/MATLAB/SupportPackages/R2020a/toolbox/target/supportpackages/freedomk64f/src/ksdk_armgcc_lib/bm/libksdk_platform.a(fsl_adc16_driver.o)
                0x0000e2a0                ADC16_DRV_GetConvValueRAW
 .text.EDMA_HAL_SetErrorIntCmd
                0x0000e2f0        0xa C:/ProgramData/MATLAB/SupportPackages/R2020a/toolbox/target/supportpackages/freedomk64f/src/ksdk_armgcc_lib/bm/libksdk_platform.a(fsl_edma_hal.o)
                0x0000e2f0                EDMA_HAL_SetErrorIntCmd
 .text.EDMA_HAL_SetDmaRequestCmd
                0x0000e2fa        0xa C:/ProgramData/MATLAB/SupportPackages/R2020a/toolbox/target/supportpackages/freedomk64f/src/ksdk_armgcc_lib/bm/libksdk_platform.a(fsl_edma_hal.o)
                0x0000e2fa                EDMA_HAL_SetDmaRequestCmd
 .text.EDMA_HAL_HTCDClearReg
                0x0000e304       0x4a C:/ProgramData/MATLAB/SupportPackages/R2020a/toolbox/target/supportpackages/freedomk64f/src/ksdk_armgcc_lib/bm/libksdk_platform.a(fsl_edma_hal.o)
                0x0000e304                EDMA_HAL_HTCDClearReg
 .text.EDMA_HAL_Init
                0x0000e34e       0x28 C:/ProgramData/MATLAB/SupportPackages/R2020a/toolbox/target/supportpackages/freedomk64f/src/ksdk_armgcc_lib/bm/libksdk_platform.a(fsl_edma_hal.o)
                0x0000e34e                EDMA_HAL_Init
 *fill*         0x0000e376        0x2 
 .text.EDMA_HAL_HTCDSetAttribute
                0x0000e378       0x48 C:/ProgramData/MATLAB/SupportPackages/R2020a/toolbox/target/supportpackages/freedomk64f/src/ksdk_armgcc_lib/bm/libksdk_platform.a(fsl_edma_hal.o)
                0x0000e378                EDMA_HAL_HTCDSetAttribute
 .text.EDMA_HAL_HTCDSetNbytes
                0x0000e3c0       0x70 C:/ProgramData/MATLAB/SupportPackages/R2020a/toolbox/target/supportpackages/freedomk64f/src/ksdk_armgcc_lib/bm/libksdk_platform.a(fsl_edma_hal.o)
                0x0000e3c0                EDMA_HAL_HTCDSetNbytes
 .text.EDMA_HAL_HTCDGetNbytes
                0x0000e430       0x60 C:/ProgramData/MATLAB/SupportPackages/R2020a/toolbox/target/supportpackages/freedomk64f/src/ksdk_armgcc_lib/bm/libksdk_platform.a(fsl_edma_hal.o)
                0x0000e430                EDMA_HAL_HTCDGetNbytes
 .text.EDMA_HAL_HTCDSetChannelMinorLink
                0x0000e490       0x74 C:/ProgramData/MATLAB/SupportPackages/R2020a/toolbox/target/supportpackages/freedomk64f/src/ksdk_armgcc_lib/bm/libksdk_platform.a(fsl_edma_hal.o)
                0x0000e490                EDMA_HAL_HTCDSetChannelMinorLink
 .text.EDMA_HAL_HTCDSetMajorCount
                0x0000e504       0x68 C:/ProgramData/MATLAB/SupportPackages/R2020a/toolbox/target/supportpackages/freedomk64f/src/ksdk_armgcc_lib/bm/libksdk_platform.a(fsl_edma_hal.o)
                0x0000e504                EDMA_HAL_HTCDSetMajorCount
 .text.EDMA_HAL_HTCDGetUnfinishedBytes
                0x0000e56c       0x54 C:/ProgramData/MATLAB/SupportPackages/R2020a/toolbox/target/supportpackages/freedomk64f/src/ksdk_armgcc_lib/bm/libksdk_platform.a(fsl_edma_hal.o)
                0x0000e56c                EDMA_HAL_HTCDGetUnfinishedBytes
 .text.INT_SYS_EnableIRQ
                0x0000e5c0       0x48 C:/ProgramData/MATLAB/SupportPackages/R2020a/toolbox/target/supportpackages/freedomk64f/src/ksdk_armgcc_lib/bm/libksdk_platform.a(fsl_edma_driver.o)
 .text.EDMA_DRV_ClaimChannel
                0x0000e608       0x6c C:/ProgramData/MATLAB/SupportPackages/R2020a/toolbox/target/supportpackages/freedomk64f/src/ksdk_armgcc_lib/bm/libksdk_platform.a(fsl_edma_driver.o)
 .text.EDMA_DRV_Init
                0x0000e674       0x7c C:/ProgramData/MATLAB/SupportPackages/R2020a/toolbox/target/supportpackages/freedomk64f/src/ksdk_armgcc_lib/bm/libksdk_platform.a(fsl_edma_driver.o)
                0x0000e674                EDMA_DRV_Init
 .text.EDMA_DRV_InstallCallback
                0x0000e6f0        0x8 C:/ProgramData/MATLAB/SupportPackages/R2020a/toolbox/target/supportpackages/freedomk64f/src/ksdk_armgcc_lib/bm/libksdk_platform.a(fsl_edma_driver.o)
                0x0000e6f0                EDMA_DRV_InstallCallback
 .text.EDMA_DRV_RequestChannel
                0x0000e6f8       0x70 C:/ProgramData/MATLAB/SupportPackages/R2020a/toolbox/target/supportpackages/freedomk64f/src/ksdk_armgcc_lib/bm/libksdk_platform.a(fsl_edma_driver.o)
                0x0000e6f8                EDMA_DRV_RequestChannel
 .text.EDMA_DRV_IRQHandler
                0x0000e768       0x30 C:/ProgramData/MATLAB/SupportPackages/R2020a/toolbox/target/supportpackages/freedomk64f/src/ksdk_armgcc_lib/bm/libksdk_platform.a(fsl_edma_driver.o)
                0x0000e768                EDMA_DRV_IRQHandler
 .text.EDMA_DRV_ErrorIRQHandler
                0x0000e798       0x88 C:/ProgramData/MATLAB/SupportPackages/R2020a/toolbox/target/supportpackages/freedomk64f/src/ksdk_armgcc_lib/bm/libksdk_platform.a(fsl_edma_driver.o)
                0x0000e798                EDMA_DRV_ErrorIRQHandler
 .text.FTM_HAL_SetClockSource
                0x0000e820       0x12 C:/ProgramData/MATLAB/SupportPackages/R2020a/toolbox/target/supportpackages/freedomk64f/src/ksdk_armgcc_lib/bm/libksdk_platform.a(fsl_ftm_driver.o)
 *fill*         0x0000e832        0x2 
 .text.unlikely.FTM_HAL_SetChnCountVal.part.2
                0x0000e834       0x1c C:/ProgramData/MATLAB/SupportPackages/R2020a/toolbox/target/supportpackages/freedomk64f/src/ksdk_armgcc_lib/bm/libksdk_platform.a(fsl_ftm_driver.o)
 .text.FTM_DRV_Init
                0x0000e850      0x108 C:/ProgramData/MATLAB/SupportPackages/R2020a/toolbox/target/supportpackages/freedomk64f/src/ksdk_armgcc_lib/bm/libksdk_platform.a(fsl_ftm_driver.o)
                0x0000e850                FTM_DRV_Init
 .text.FTM_DRV_SetClock
                0x0000e958       0x54 C:/ProgramData/MATLAB/SupportPackages/R2020a/toolbox/target/supportpackages/freedomk64f/src/ksdk_armgcc_lib/bm/libksdk_platform.a(fsl_ftm_driver.o)
                0x0000e958                FTM_DRV_SetClock
 .text.FTM_DRV_GetClock
                0x0000e9ac       0x68 C:/ProgramData/MATLAB/SupportPackages/R2020a/toolbox/target/supportpackages/freedomk64f/src/ksdk_armgcc_lib/bm/libksdk_platform.a(fsl_ftm_driver.o)
                0x0000e9ac                FTM_DRV_GetClock
 .text.FTM_DRV_PwmStart
                0x0000ea14      0x1c8 C:/ProgramData/MATLAB/SupportPackages/R2020a/toolbox/target/supportpackages/freedomk64f/src/ksdk_armgcc_lib/bm/libksdk_platform.a(fsl_ftm_driver.o)
                0x0000ea14                FTM_DRV_PwmStart
 .text.unlikely.PORT_HAL_SetMuxMode.part.0
                0x0000ebdc       0x1c C:/ProgramData/MATLAB/SupportPackages/R2020a/toolbox/target/supportpackages/freedomk64f/src/ksdk_armgcc_lib/bm/libksdk_platform.a(fsl_gpio_driver.o)
 .text.GPIO_DRV_InputPinInit
                0x0000ebf8       0xe0 C:/ProgramData/MATLAB/SupportPackages/R2020a/toolbox/target/supportpackages/freedomk64f/src/ksdk_armgcc_lib/bm/libksdk_platform.a(fsl_gpio_driver.o)
                0x0000ebf8                GPIO_DRV_InputPinInit
 .text.GPIO_DRV_OutputPinInit
                0x0000ecd8       0x70 C:/ProgramData/MATLAB/SupportPackages/R2020a/toolbox/target/supportpackages/freedomk64f/src/ksdk_armgcc_lib/bm/libksdk_platform.a(fsl_gpio_driver.o)
                0x0000ecd8                GPIO_DRV_OutputPinInit
 .text.GPIO_DRV_WritePinOutput
                0x0000ed48       0x1c C:/ProgramData/MATLAB/SupportPackages/R2020a/toolbox/target/supportpackages/freedomk64f/src/ksdk_armgcc_lib/bm/libksdk_platform.a(fsl_gpio_driver.o)
                0x0000ed48                GPIO_DRV_WritePinOutput
 .text.GPIO_DRV_ReadPinInput
                0x0000ed64       0x3c C:/ProgramData/MATLAB/SupportPackages/R2020a/toolbox/target/supportpackages/freedomk64f/src/ksdk_armgcc_lib/bm/libksdk_platform.a(fsl_gpio_driver.o)
                0x0000ed64                GPIO_DRV_ReadPinInput
 .text.I2C_HAL_Init
                0x0000eda0       0x1c C:/ProgramData/MATLAB/SupportPackages/R2020a/toolbox/target/supportpackages/freedomk64f/src/ksdk_armgcc_lib/bm/libksdk_platform.a(fsl_i2c_hal.o)
                0x0000eda0                I2C_HAL_Init
 .text.I2C_HAL_SetBaudRate
                0x0000edbc       0x70 C:/ProgramData/MATLAB/SupportPackages/R2020a/toolbox/target/supportpackages/freedomk64f/src/ksdk_armgcc_lib/bm/libksdk_platform.a(fsl_i2c_hal.o)
                0x0000edbc                I2C_HAL_SetBaudRate
 .text.I2C_HAL_SendStart
                0x0000ee2c       0x1c C:/ProgramData/MATLAB/SupportPackages/R2020a/toolbox/target/supportpackages/freedomk64f/src/ksdk_armgcc_lib/bm/libksdk_platform.a(fsl_i2c_hal.o)
                0x0000ee2c                I2C_HAL_SendStart
 .text.I2C_HAL_SendStop
                0x0000ee48       0x4c C:/ProgramData/MATLAB/SupportPackages/R2020a/toolbox/target/supportpackages/freedomk64f/src/ksdk_armgcc_lib/bm/libksdk_platform.a(fsl_i2c_hal.o)
                0x0000ee48                I2C_HAL_SendStop
 .text.LPTMR_HAL_SetTimerWorkingMode
                0x0000ee94       0x3c C:/ProgramData/MATLAB/SupportPackages/R2020a/toolbox/target/supportpackages/freedomk64f/src/ksdk_armgcc_lib/bm/libksdk_platform.a(fsl_lptmr_hal.o)
                0x0000ee94                LPTMR_HAL_SetTimerWorkingMode
 .text.LPTMR_HAL_SetPrescalerMode
                0x0000eed0       0x1a C:/ProgramData/MATLAB/SupportPackages/R2020a/toolbox/target/supportpackages/freedomk64f/src/ksdk_armgcc_lib/bm/libksdk_platform.a(fsl_lptmr_hal.o)
                0x0000eed0                LPTMR_HAL_SetPrescalerMode
 .text.LPTMR_HAL_GetCounterValue
                0x0000eeea        0xe C:/ProgramData/MATLAB/SupportPackages/R2020a/toolbox/target/supportpackages/freedomk64f/src/ksdk_armgcc_lib/bm/libksdk_platform.a(fsl_lptmr_hal.o)
                0x0000eeea                LPTMR_HAL_GetCounterValue
 .text.CLOCK_HAL_TestOscFreq
                0x0000eef8       0x28 C:/ProgramData/MATLAB/SupportPackages/R2020a/toolbox/target/supportpackages/freedomk64f/src/ksdk_armgcc_lib/bm/libksdk_platform.a(fsl_mcg_hal.o)
                0x0000eef8                CLOCK_HAL_TestOscFreq
 .text.CLOCK_HAL_GetMcgExternalClkFreq
                0x0000ef20        0xa C:/ProgramData/MATLAB/SupportPackages/R2020a/toolbox/target/supportpackages/freedomk64f/src/ksdk_armgcc_lib/bm/libksdk_platform.a(fsl_mcg_hal.o)
 .text.CLOCK_HAL_TestFllExternalRefFreq
                0x0000ef2a       0x32 C:/ProgramData/MATLAB/SupportPackages/R2020a/toolbox/target/supportpackages/freedomk64f/src/ksdk_armgcc_lib/bm/libksdk_platform.a(fsl_mcg_hal.o)
                0x0000ef2a                CLOCK_HAL_TestFllExternalRefFreq
 .text.CLOCK_HAL_GetFllRefClk
                0x0000ef5c       0x3c C:/ProgramData/MATLAB/SupportPackages/R2020a/toolbox/target/supportpackages/freedomk64f/src/ksdk_armgcc_lib/bm/libksdk_platform.a(fsl_mcg_hal.o)
                0x0000ef5c                CLOCK_HAL_GetFllRefClk
 .text.CLOCK_HAL_TestFllFreq
                0x0000ef98       0x34 C:/ProgramData/MATLAB/SupportPackages/R2020a/toolbox/target/supportpackages/freedomk64f/src/ksdk_armgcc_lib/bm/libksdk_platform.a(fsl_mcg_hal.o)
                0x0000ef98                CLOCK_HAL_TestFllFreq
 .text.CLOCK_HAL_GetFllClk
                0x0000efcc       0x36 C:/ProgramData/MATLAB/SupportPackages/R2020a/toolbox/target/supportpackages/freedomk64f/src/ksdk_armgcc_lib/bm/libksdk_platform.a(fsl_mcg_hal.o)
                0x0000efcc                CLOCK_HAL_GetFllClk
 .text.CLOCK_HAL_UpdateFastClkInternalRefDiv
                0x0000f002       0x52 C:/ProgramData/MATLAB/SupportPackages/R2020a/toolbox/target/supportpackages/freedomk64f/src/ksdk_armgcc_lib/bm/libksdk_platform.a(fsl_mcg_hal.o)
                0x0000f002                CLOCK_HAL_UpdateFastClkInternalRefDiv
 .text.CLOCK_HAL_GetPll0Clk
                0x0000f054       0x3e C:/ProgramData/MATLAB/SupportPackages/R2020a/toolbox/target/supportpackages/freedomk64f/src/ksdk_armgcc_lib/bm/libksdk_platform.a(fsl_mcg_hal.o)
                0x0000f054                CLOCK_HAL_GetPll0Clk
 .text.CLOCK_HAL_EnablePll0InFllMode
                0x0000f092       0x38 C:/ProgramData/MATLAB/SupportPackages/R2020a/toolbox/target/supportpackages/freedomk64f/src/ksdk_armgcc_lib/bm/libksdk_platform.a(fsl_mcg_hal.o)
                0x0000f092                CLOCK_HAL_EnablePll0InFllMode
 *fill*         0x0000f0ca        0x2 
 .text.CLOCK_HAL_GetInternalRefClk
                0x0000f0cc       0x3c C:/ProgramData/MATLAB/SupportPackages/R2020a/toolbox/target/supportpackages/freedomk64f/src/ksdk_armgcc_lib/bm/libksdk_platform.a(fsl_mcg_hal.o)
                0x0000f0cc                CLOCK_HAL_GetInternalRefClk
 .text.CLOCK_HAL_GetOutClk
                0x0000f108       0x22 C:/ProgramData/MATLAB/SupportPackages/R2020a/toolbox/target/supportpackages/freedomk64f/src/ksdk_armgcc_lib/bm/libksdk_platform.a(fsl_mcg_hal.o)
                0x0000f108                CLOCK_HAL_GetOutClk
 .text.CLOCK_HAL_GetFixedFreqClk
                0x0000f12a       0x20 C:/ProgramData/MATLAB/SupportPackages/R2020a/toolbox/target/supportpackages/freedomk64f/src/ksdk_armgcc_lib/bm/libksdk_platform.a(fsl_mcg_hal.o)
                0x0000f12a                CLOCK_HAL_GetFixedFreqClk
 .text.CLOCK_HAL_SetOsc0Mode
                0x0000f14a       0x24 C:/ProgramData/MATLAB/SupportPackages/R2020a/toolbox/target/supportpackages/freedomk64f/src/ksdk_armgcc_lib/bm/libksdk_platform.a(fsl_mcg_hal.o)
                0x0000f14a                CLOCK_HAL_SetOsc0Mode
 .text.CLOCK_HAL_PrepareOsc
                0x0000f16e       0x2c C:/ProgramData/MATLAB/SupportPackages/R2020a/toolbox/target/supportpackages/freedomk64f/src/ksdk_armgcc_lib/bm/libksdk_platform.a(fsl_mcg_hal_modes.o)
 .text.CLOCK_HAL_GetMcgMode
                0x0000f19a       0x72 C:/ProgramData/MATLAB/SupportPackages/R2020a/toolbox/target/supportpackages/freedomk64f/src/ksdk_armgcc_lib/bm/libksdk_platform.a(fsl_mcg_hal_modes.o)
                0x0000f19a                CLOCK_HAL_GetMcgMode
 .text.CLOCK_HAL_SetFbiMode
                0x0000f20c       0xb8 C:/ProgramData/MATLAB/SupportPackages/R2020a/toolbox/target/supportpackages/freedomk64f/src/ksdk_armgcc_lib/bm/libksdk_platform.a(fsl_mcg_hal_modes.o)
                0x0000f20c                CLOCK_HAL_SetFbiMode
 .text.CLOCK_HAL_SetFbeMode
                0x0000f2c4       0xea C:/ProgramData/MATLAB/SupportPackages/R2020a/toolbox/target/supportpackages/freedomk64f/src/ksdk_armgcc_lib/bm/libksdk_platform.a(fsl_mcg_hal_modes.o)
                0x0000f2c4                CLOCK_HAL_SetFbeMode
 *fill*         0x0000f3ae        0x2 
 .text.CLOCK_HAL_SetPbeMode
                0x0000f3b0       0xd0 C:/ProgramData/MATLAB/SupportPackages/R2020a/toolbox/target/supportpackages/freedomk64f/src/ksdk_armgcc_lib/bm/libksdk_platform.a(fsl_mcg_hal_modes.o)
                0x0000f3b0                CLOCK_HAL_SetPbeMode
 .text.OSC_HAL_SetCapacitor
                0x0000f480        0xe C:/ProgramData/MATLAB/SupportPackages/R2020a/toolbox/target/supportpackages/freedomk64f/src/ksdk_armgcc_lib/bm/libksdk_platform.a(fsl_osc_hal.o)
                0x0000f480                OSC_HAL_SetCapacitor
 .text.CLOCK_HAL_SetOutDiv
                0x0000f48e       0x28 C:/ProgramData/MATLAB/SupportPackages/R2020a/toolbox/target/supportpackages/freedomk64f/src/ksdk_armgcc_lib/bm/libksdk_platform.a(fsl_sim_hal_MK64F12.o)
                0x0000f48e                CLOCK_HAL_SetOutDiv
 *fill*         0x0000f4b6        0x2 
 .text.SIM_HAL_GetFtmExternalClkPinMode
                0x0000f4b8       0x50 C:/ProgramData/MATLAB/SupportPackages/R2020a/toolbox/target/supportpackages/freedomk64f/src/ksdk_armgcc_lib/bm/libksdk_platform.a(fsl_sim_hal_MK64F12.o)
                0x0000f4b8                SIM_HAL_GetFtmExternalClkPinMode
 .text.UART_DRV_CompleteSendData
                0x0000f508       0x54 C:/ProgramData/MATLAB/SupportPackages/R2020a/toolbox/target/supportpackages/freedomk64f/src/ksdk_armgcc_lib/bm/libksdk_platform.a(fsl_uart_driver.o)
 .text.UART_DRV_CompleteReceiveData
                0x0000f55c       0x5c C:/ProgramData/MATLAB/SupportPackages/R2020a/toolbox/target/supportpackages/freedomk64f/src/ksdk_armgcc_lib/bm/libksdk_platform.a(fsl_uart_driver.o)
 .text.UART_DRV_IRQHandler
                0x0000f5b8       0xdc C:/ProgramData/MATLAB/SupportPackages/R2020a/toolbox/target/supportpackages/freedomk64f/src/ksdk_armgcc_lib/bm/libksdk_platform.a(fsl_uart_driver.o)
                0x0000f5b8                UART_DRV_IRQHandler
 .text.EDMA_HAL_HTCDSetIntCmd
                0x0000f694       0x14 C:/ProgramData/MATLAB/SupportPackages/R2020a/toolbox/target/supportpackages/freedomk64f/src/ksdk_armgcc_lib/bm/libksdk_platform.a(fsl_uart_edma_driver.o)
 .text.UART_DRV_EdmaCompleteSendData
                0x0000f6a8       0x60 C:/ProgramData/MATLAB/SupportPackages/R2020a/toolbox/target/supportpackages/freedomk64f/src/ksdk_armgcc_lib/bm/libksdk_platform.a(fsl_uart_edma_driver.o)
 .text.UART_DRV_EdmaTxCallback
                0x0000f708        0x4 C:/ProgramData/MATLAB/SupportPackages/R2020a/toolbox/target/supportpackages/freedomk64f/src/ksdk_armgcc_lib/bm/libksdk_platform.a(fsl_uart_edma_driver.o)
 .text.UART_DRV_EdmaCompleteReceiveData
                0x0000f70c       0x64 C:/ProgramData/MATLAB/SupportPackages/R2020a/toolbox/target/supportpackages/freedomk64f/src/ksdk_armgcc_lib/bm/libksdk_platform.a(fsl_uart_edma_driver.o)
 .text.UART_DRV_EdmaRxCallback
                0x0000f770        0x4 C:/ProgramData/MATLAB/SupportPackages/R2020a/toolbox/target/supportpackages/freedomk64f/src/ksdk_armgcc_lib/bm/libksdk_platform.a(fsl_uart_edma_driver.o)
 .text.UART_DRV_EdmaStartSendData
                0x0000f774       0x70 C:/ProgramData/MATLAB/SupportPackages/R2020a/toolbox/target/supportpackages/freedomk64f/src/ksdk_armgcc_lib/bm/libksdk_platform.a(fsl_uart_edma_driver.o)
 .text.UART_DRV_EdmaInit
                0x0000f7e4      0x23c C:/ProgramData/MATLAB/SupportPackages/R2020a/toolbox/target/supportpackages/freedomk64f/src/ksdk_armgcc_lib/bm/libksdk_platform.a(fsl_uart_edma_driver.o)
                0x0000f7e4                UART_DRV_EdmaInit
 .text.UART_DRV_EdmaSendData
                0x0000fa20       0x48 C:/ProgramData/MATLAB/SupportPackages/R2020a/toolbox/target/supportpackages/freedomk64f/src/ksdk_armgcc_lib/bm/libksdk_platform.a(fsl_uart_edma_driver.o)
                0x0000fa20                UART_DRV_EdmaSendData
 .text.UART_DRV_EdmaGetTransmitStatus
                0x0000fa68       0x58 C:/ProgramData/MATLAB/SupportPackages/R2020a/toolbox/target/supportpackages/freedomk64f/src/ksdk_armgcc_lib/bm/libksdk_platform.a(fsl_uart_edma_driver.o)
                0x0000fa68                UART_DRV_EdmaGetTransmitStatus
 .text.ADC16_HAL_Init
                0x0000fac0       0x10 C:/ProgramData/MATLAB/SupportPackages/R2020a/toolbox/target/supportpackages/freedomk64f/src/ksdk_armgcc_lib/bm/libksdk_platform.a(fsl_adc16_hal.o)
                0x0000fac0                ADC16_HAL_Init
 .text.ADC16_HAL_ConfigChn
                0x0000fad0       0x40 C:/ProgramData/MATLAB/SupportPackages/R2020a/toolbox/target/supportpackages/freedomk64f/src/ksdk_armgcc_lib/bm/libksdk_platform.a(fsl_adc16_hal.o)
                0x0000fad0                ADC16_HAL_ConfigChn
 .text.ADC16_HAL_ConfigConverter
                0x0000fb10       0x92 C:/ProgramData/MATLAB/SupportPackages/R2020a/toolbox/target/supportpackages/freedomk64f/src/ksdk_armgcc_lib/bm/libksdk_platform.a(fsl_adc16_hal.o)
                0x0000fb10                ADC16_HAL_ConfigConverter
 .text.DMAMUX_HAL_Init
                0x0000fba2       0x1e C:/ProgramData/MATLAB/SupportPackages/R2020a/toolbox/target/supportpackages/freedomk64f/src/ksdk_armgcc_lib/bm/libksdk_platform.a(fsl_dmamux_hal.o)
                0x0000fba2                DMAMUX_HAL_Init
 .text.unlikely.FTM_HAL_SetChnEdgeLevel.part.0
                0x0000fbc0       0x1c C:/ProgramData/MATLAB/SupportPackages/R2020a/toolbox/target/supportpackages/freedomk64f/src/ksdk_armgcc_lib/bm/libksdk_platform.a(fsl_ftm_hal.o)
 .text.FTM_HAL_Init
                0x0000fbdc       0x38 C:/ProgramData/MATLAB/SupportPackages/R2020a/toolbox/target/supportpackages/freedomk64f/src/ksdk_armgcc_lib/bm/libksdk_platform.a(fsl_ftm_hal.o)
                0x0000fbdc                FTM_HAL_Init
 .text.FTM_HAL_SetSyncMode
                0x0000fc14       0x94 C:/ProgramData/MATLAB/SupportPackages/R2020a/toolbox/target/supportpackages/freedomk64f/src/ksdk_armgcc_lib/bm/libksdk_platform.a(fsl_ftm_hal.o)
                0x0000fc14                FTM_HAL_SetSyncMode
 .text.FTM_HAL_Reset
                0x0000fca8       0x3e C:/ProgramData/MATLAB/SupportPackages/R2020a/toolbox/target/supportpackages/freedomk64f/src/ksdk_armgcc_lib/bm/libksdk_platform.a(fsl_ftm_hal.o)
                0x0000fca8                FTM_HAL_Reset
 .text.FTM_HAL_GetChnPairIndex
                0x0000fce6       0x1e C:/ProgramData/MATLAB/SupportPackages/R2020a/toolbox/target/supportpackages/freedomk64f/src/ksdk_armgcc_lib/bm/libksdk_platform.a(fsl_ftm_hal.o)
                0x0000fce6                FTM_HAL_GetChnPairIndex
 .text.FTM_HAL_EnablePwmMode
                0x0000fd04       0xcc C:/ProgramData/MATLAB/SupportPackages/R2020a/toolbox/target/supportpackages/freedomk64f/src/ksdk_armgcc_lib/bm/libksdk_platform.a(fsl_ftm_hal.o)
                0x0000fd04                FTM_HAL_EnablePwmMode
 .text.GPIO_HAL_SetPinDir
                0x0000fdd0       0x34 C:/ProgramData/MATLAB/SupportPackages/R2020a/toolbox/target/supportpackages/freedomk64f/src/ksdk_armgcc_lib/bm/libksdk_platform.a(fsl_gpio_hal.o)
                0x0000fdd0                GPIO_HAL_SetPinDir
 .text.GPIO_HAL_WritePinOutput
                0x0000fe04       0x30 C:/ProgramData/MATLAB/SupportPackages/R2020a/toolbox/target/supportpackages/freedomk64f/src/ksdk_armgcc_lib/bm/libksdk_platform.a(fsl_gpio_hal.o)
                0x0000fe04                GPIO_HAL_WritePinOutput
 .text.UART_HAL_Init
                0x0000fe34       0x2a C:/ProgramData/MATLAB/SupportPackages/R2020a/toolbox/target/supportpackages/freedomk64f/src/ksdk_armgcc_lib/bm/libksdk_platform.a(fsl_uart_hal.o)
                0x0000fe34                UART_HAL_Init
 .text.UART_HAL_SetBaudRate
                0x0000fe5e       0x42 C:/ProgramData/MATLAB/SupportPackages/R2020a/toolbox/target/supportpackages/freedomk64f/src/ksdk_armgcc_lib/bm/libksdk_platform.a(fsl_uart_hal.o)
                0x0000fe5e                UART_HAL_SetBaudRate
 .text.UART_HAL_SetParityMode
                0x0000fea0       0x14 C:/ProgramData/MATLAB/SupportPackages/R2020a/toolbox/target/supportpackages/freedomk64f/src/ksdk_armgcc_lib/bm/libksdk_platform.a(fsl_uart_hal.o)
                0x0000fea0                UART_HAL_SetParityMode
 .text.UART_HAL_Putchar
                0x0000feb4        0x6 C:/ProgramData/MATLAB/SupportPackages/R2020a/toolbox/target/supportpackages/freedomk64f/src/ksdk_armgcc_lib/bm/libksdk_platform.a(fsl_uart_hal.o)
                0x0000feb4                UART_HAL_Putchar
 .text.UART_HAL_Getchar
                0x0000feba        0x8 C:/ProgramData/MATLAB/SupportPackages/R2020a/toolbox/target/supportpackages/freedomk64f/src/ksdk_armgcc_lib/bm/libksdk_platform.a(fsl_uart_hal.o)
                0x0000feba                UART_HAL_Getchar
 .text.UART_HAL_SetIntMode
                0x0000fec2       0x66 C:/ProgramData/MATLAB/SupportPackages/R2020a/toolbox/target/supportpackages/freedomk64f/src/ksdk_armgcc_lib/bm/libksdk_platform.a(fsl_uart_hal.o)
                0x0000fec2                UART_HAL_SetIntMode
 .text.UART_HAL_SetTxDmaCmd
                0x0000ff28       0x24 C:/ProgramData/MATLAB/SupportPackages/R2020a/toolbox/target/supportpackages/freedomk64f/src/ksdk_armgcc_lib/bm/libksdk_platform.a(fsl_uart_hal.o)
                0x0000ff28                UART_HAL_SetTxDmaCmd
 .text.UART_HAL_SetRxDmaCmd
                0x0000ff4c       0x16 C:/ProgramData/MATLAB/SupportPackages/R2020a/toolbox/target/supportpackages/freedomk64f/src/ksdk_armgcc_lib/bm/libksdk_platform.a(fsl_uart_hal.o)
                0x0000ff4c                UART_HAL_SetRxDmaCmd
 .text.UART_HAL_GetStatusFlag
                0x0000ff62       0x2a C:/ProgramData/MATLAB/SupportPackages/R2020a/toolbox/target/supportpackages/freedomk64f/src/ksdk_armgcc_lib/bm/libksdk_platform.a(fsl_uart_hal.o)
                0x0000ff62                UART_HAL_GetStatusFlag
 .text.UART_HAL_ClearStatusFlag
                0x0000ff8c       0x64 C:/ProgramData/MATLAB/SupportPackages/R2020a/toolbox/target/supportpackages/freedomk64f/src/ksdk_armgcc_lib/bm/libksdk_platform.a(fsl_uart_hal.o)
                0x0000ff8c                UART_HAL_ClearStatusFlag
 .text.ceil     0x0000fff0      0x110 c:/progra~3/matlab/suppor~1/r2020a/3p778c~1.ins/gnuarm~1.ins/win/bin/../lib/gcc/arm-none-eabi/7.2.1/../../../../arm-none-eabi/lib/thumb/v7e-m/fpv4-sp/hard\libm.a(lib_a-s_ceil.o)
                0x0000fff0                ceil
 .text.fabs     0x00010100       0x14 c:/progra~3/matlab/suppor~1/r2020a/3p778c~1.ins/gnuarm~1.ins/win/bin/../lib/gcc/arm-none-eabi/7.2.1/../../../../arm-none-eabi/lib/thumb/v7e-m/fpv4-sp/hard\libm.a(lib_a-s_fabs.o)
                0x00010100                fabs
 *fill*         0x00010114        0x4 
 .text.floor    0x00010118      0x110 c:/progra~3/matlab/suppor~1/r2020a/3p778c~1.ins/gnuarm~1.ins/win/bin/../lib/gcc/arm-none-eabi/7.2.1/../../../../arm-none-eabi/lib/thumb/v7e-m/fpv4-sp/hard\libm.a(lib_a-s_floor.o)
                0x00010118                floor
 .text.ldexp    0x00010228       0x74 c:/progra~3/matlab/suppor~1/r2020a/3p778c~1.ins/gnuarm~1.ins/win/bin/../lib/gcc/arm-none-eabi/7.2.1/../../../../arm-none-eabi/lib/thumb/v7e-m/fpv4-sp/hard\libm.a(lib_a-s_ldexp.o)
                0x00010228                ldexp
 *fill*         0x0001029c        0x4 